
-- Running command `read_verilog tcam_entry.v tcam.v tcam_no_loop.v; chparam -set DATA_WIDTH 1 -set DEPTH 1 tcam_no_loop; synth -top tcam_no_loop; check -assert; stat' --

1. Executing Verilog-2005 frontend: tcam_entry.v
Parsing Verilog input from `tcam_entry.v' to AST representation.
Generating RTLIL representation for module `\tcam_entry'.
Successfully finished Verilog frontend.

2. Executing Verilog-2005 frontend: tcam.v
Parsing Verilog input from `tcam.v' to AST representation.
Generating RTLIL representation for module `\tcam'.
Successfully finished Verilog frontend.

3. Executing Verilog-2005 frontend: tcam_no_loop.v
Parsing Verilog input from `tcam_no_loop.v' to AST representation.
Generating RTLIL representation for module `\tcam_no_loop'.
Successfully finished Verilog frontend.
Parameter \DATA_WIDTH = 1
Parameter \DEPTH = 1

4. Executing AST frontend in derive mode using pre-parsed AST for module `\tcam_no_loop'.
Parameter \DATA_WIDTH = 1
Parameter \DEPTH = 1
Generating RTLIL representation for module `$paramod$f5fe08d5520d9a1ee687b35bcf1d507464283da1\tcam_no_loop'.

5. Executing SYNTH pass.

5.1. Executing HIERARCHY pass (managing design hierarchy).

5.1.1. Analyzing design hierarchy..
Top module:  \tcam_no_loop
Used module:     \tcam_entry
Parameter \DATA_WIDTH = 1

5.1.2. Executing AST frontend in derive mode using pre-parsed AST for module `\tcam_entry'.
Parameter \DATA_WIDTH = 1
Generating RTLIL representation for module `$paramod\tcam_entry\DATA_WIDTH=s32'00000000000000000000000000000001'.

5.1.3. Analyzing design hierarchy..
Top module:  \tcam_no_loop
Used module:     $paramod\tcam_entry\DATA_WIDTH=s32'00000000000000000000000000000001

5.1.4. Analyzing design hierarchy..
Top module:  \tcam_no_loop
Used module:     $paramod\tcam_entry\DATA_WIDTH=s32'00000000000000000000000000000001
Removing unused module `\tcam'.
Removing unused module `\tcam_entry'.
Removed 2 unused modules.

5.2. Executing PROC pass (convert processes to netlists).

5.2.1. Executing PROC_CLEAN pass (remove empty switches from decision trees).
Cleaned up 0 empty switches.

5.2.2. Executing PROC_RMDEAD pass (remove dead branches from decision trees).
Marked 1 switch rules as full_case in process $proc$tcam_entry.v:23$7 in module $paramod\tcam_entry\DATA_WIDTH=s32'00000000000000000000000000000001.
Removed a total of 0 dead cases.

5.2.3. Executing PROC_PRUNE pass (remove redundant assignments in processes).
Removed 0 redundant assignments.
Promoted 0 assignments to connections.

5.2.4. Executing PROC_INIT pass (extract init attributes).

5.2.5. Executing PROC_ARST pass (detect async resets in processes).

5.2.6. Executing PROC_ROM pass (convert switches to ROMs).
Converted 0 switches.
<suppressed ~2 debug messages>

5.2.7. Executing PROC_MUX pass (convert decision trees to multiplexers).
Creating decoders for process `$paramod\tcam_entry\DATA_WIDTH=s32'00000000000000000000000000000001.$proc$tcam_entry.v:23$7'.
     1/3: $0\valid[0:0]
     2/3: $0\stored_x_mask[0:0]
     3/3: $0\stored_data[0:0]

5.2.8. Executing PROC_DLATCH pass (convert process syncs to latches).

5.2.9. Executing PROC_DFF pass (convert process syncs to FFs).
Creating register for signal `$paramod\tcam_entry\DATA_WIDTH=s32'00000000000000000000000000000001.\stored_data' using process `$paramod\tcam_entry\DATA_WIDTH=s32'00000000000000000000000000000001.$proc$tcam_entry.v:23$7'.
  created $dff cell `$procdff$28' with positive edge clock.
Creating register for signal `$paramod\tcam_entry\DATA_WIDTH=s32'00000000000000000000000000000001.\stored_x_mask' using process `$paramod\tcam_entry\DATA_WIDTH=s32'00000000000000000000000000000001.$proc$tcam_entry.v:23$7'.
  created $dff cell `$procdff$29' with positive edge clock.
Creating register for signal `$paramod\tcam_entry\DATA_WIDTH=s32'00000000000000000000000000000001.\valid' using process `$paramod\tcam_entry\DATA_WIDTH=s32'00000000000000000000000000000001.$proc$tcam_entry.v:23$7'.
  created $dff cell `$procdff$30' with positive edge clock.

5.2.10. Executing PROC_MEMWR pass (convert process memory writes to cells).

5.2.11. Executing PROC_CLEAN pass (remove empty switches from decision trees).
Found and cleaned up 2 empty switches in `$paramod\tcam_entry\DATA_WIDTH=s32'00000000000000000000000000000001.$proc$tcam_entry.v:23$7'.
Removing empty process `$paramod\tcam_entry\DATA_WIDTH=s32'00000000000000000000000000000001.$proc$tcam_entry.v:23$7'.
Cleaned up 2 empty switches.

5.2.12. Executing OPT_EXPR pass (perform const folding).
Optimizing module $paramod\tcam_entry\DATA_WIDTH=s32'00000000000000000000000000000001.
<suppressed ~1 debug messages>
Optimizing module tcam_no_loop.

5.3. Executing OPT_EXPR pass (perform const folding).
Optimizing module $paramod\tcam_entry\DATA_WIDTH=s32'00000000000000000000000000000001.
Optimizing module tcam_no_loop.

5.4. Executing OPT_CLEAN pass (remove unused cells and wires).
Finding unused cells or wires in module $paramod\tcam_entry\DATA_WIDTH=s32'00000000000000000000000000000001..
Finding unused cells or wires in module \tcam_no_loop..
Removed 0 unused cells and 11 unused wires.
<suppressed ~1 debug messages>

5.5. Executing CHECK pass (checking for obvious problems).
Checking module $paramod\tcam_entry\DATA_WIDTH=s32'00000000000000000000000000000001...
Checking module tcam_no_loop...
Found and reported 0 problems.

5.6. Executing OPT pass (performing simple optimizations).

5.6.1. Executing OPT_EXPR pass (perform const folding).
Optimizing module $paramod\tcam_entry\DATA_WIDTH=s32'00000000000000000000000000000001.
Optimizing module tcam_no_loop.

5.6.2. Executing OPT_MERGE pass (detect identical cells).
Finding identical cells in module `$paramod\tcam_entry\DATA_WIDTH=s32'00000000000000000000000000000001'.
Finding identical cells in module `\tcam_no_loop'.
Removed a total of 0 cells.

5.6.3. Executing OPT_MUXTREE pass (detect dead branches in mux trees).
Running muxtree optimizer on module $paramod\tcam_entry\DATA_WIDTH=s32'00000000000000000000000000000001..
  Creating internal representation of mux trees.
  Evaluating internal representation of mux trees.
  Analyzing evaluation results.
Running muxtree optimizer on module \tcam_no_loop..
  Creating internal representation of mux trees.
  No muxes found in this module.
Removed 0 multiplexer ports.
<suppressed ~3 debug messages>

5.6.4. Executing OPT_REDUCE pass (consolidate $*mux and $reduce_* inputs).
  Optimizing cells in module $paramod\tcam_entry\DATA_WIDTH=s32'00000000000000000000000000000001.
  Optimizing cells in module \tcam_no_loop.
Performed a total of 0 changes.

5.6.5. Executing OPT_MERGE pass (detect identical cells).
Finding identical cells in module `$paramod\tcam_entry\DATA_WIDTH=s32'00000000000000000000000000000001'.
Finding identical cells in module `\tcam_no_loop'.
Removed a total of 0 cells.

5.6.6. Executing OPT_DFF pass (perform DFF optimizations).

5.6.7. Executing OPT_CLEAN pass (remove unused cells and wires).
Finding unused cells or wires in module $paramod\tcam_entry\DATA_WIDTH=s32'00000000000000000000000000000001..
Finding unused cells or wires in module \tcam_no_loop..

5.6.8. Executing OPT_EXPR pass (perform const folding).
Optimizing module $paramod\tcam_entry\DATA_WIDTH=s32'00000000000000000000000000000001.
Optimizing module tcam_no_loop.

5.6.9. Finished OPT passes. (There is nothing left to do.)

5.7. Executing FSM pass (extract and optimize FSM).

5.7.1. Executing FSM_DETECT pass (finding FSMs in design).

5.7.2. Executing FSM_EXTRACT pass (extracting FSM from design).

5.7.3. Executing FSM_OPT pass (simple optimizations of FSMs).

5.7.4. Executing OPT_CLEAN pass (remove unused cells and wires).
Finding unused cells or wires in module $paramod\tcam_entry\DATA_WIDTH=s32'00000000000000000000000000000001..
Finding unused cells or wires in module \tcam_no_loop..

5.7.5. Executing FSM_OPT pass (simple optimizations of FSMs).

5.7.6. Executing FSM_RECODE pass (re-assigning FSM state encoding).

5.7.7. Executing FSM_INFO pass (dumping all available information on FSM cells).

5.7.8. Executing FSM_MAP pass (mapping FSMs to basic logic).

5.8. Executing OPT pass (performing simple optimizations).

5.8.1. Executing OPT_EXPR pass (perform const folding).
Optimizing module $paramod\tcam_entry\DATA_WIDTH=s32'00000000000000000000000000000001.
Optimizing module tcam_no_loop.

5.8.2. Executing OPT_MERGE pass (detect identical cells).
Finding identical cells in module `$paramod\tcam_entry\DATA_WIDTH=s32'00000000000000000000000000000001'.
Finding identical cells in module `\tcam_no_loop'.
Removed a total of 0 cells.

5.8.3. Executing OPT_MUXTREE pass (detect dead branches in mux trees).
Running muxtree optimizer on module $paramod\tcam_entry\DATA_WIDTH=s32'00000000000000000000000000000001..
  Creating internal representation of mux trees.
  Evaluating internal representation of mux trees.
  Analyzing evaluation results.
Running muxtree optimizer on module \tcam_no_loop..
  Creating internal representation of mux trees.
  No muxes found in this module.
Removed 0 multiplexer ports.
<suppressed ~3 debug messages>

5.8.4. Executing OPT_REDUCE pass (consolidate $*mux and $reduce_* inputs).
  Optimizing cells in module $paramod\tcam_entry\DATA_WIDTH=s32'00000000000000000000000000000001.
  Optimizing cells in module \tcam_no_loop.
Performed a total of 0 changes.

5.8.5. Executing OPT_MERGE pass (detect identical cells).
Finding identical cells in module `$paramod\tcam_entry\DATA_WIDTH=s32'00000000000000000000000000000001'.
Finding identical cells in module `\tcam_no_loop'.
Removed a total of 0 cells.

5.8.6. Executing OPT_DFF pass (perform DFF optimizations).
Adding SRST signal on $procdff$30 ($dff) from module $paramod\tcam_entry\DATA_WIDTH=s32'00000000000000000000000000000001 (D = $procmux$13_Y, Q = \valid, rval = 1'0).
Adding EN signal on $auto$ff.cc:266:slice$31 ($sdff) from module $paramod\tcam_entry\DATA_WIDTH=s32'00000000000000000000000000000001 (D = 1'1, Q = \valid).
Adding EN signal on $procdff$29 ($dff) from module $paramod\tcam_entry\DATA_WIDTH=s32'00000000000000000000000000000001 (D = \write_x_mask, Q = \stored_x_mask).
Adding EN signal on $procdff$28 ($dff) from module $paramod\tcam_entry\DATA_WIDTH=s32'00000000000000000000000000000001 (D = \write_data, Q = \stored_data).

5.8.7. Executing OPT_CLEAN pass (remove unused cells and wires).
Finding unused cells or wires in module $paramod\tcam_entry\DATA_WIDTH=s32'00000000000000000000000000000001..
Finding unused cells or wires in module \tcam_no_loop..
Removed 6 unused cells and 6 unused wires.
<suppressed ~7 debug messages>

5.8.8. Executing OPT_EXPR pass (perform const folding).
Optimizing module $paramod\tcam_entry\DATA_WIDTH=s32'00000000000000000000000000000001.
Optimizing module tcam_no_loop.

5.8.9. Rerunning OPT passes. (Maybe there is more to do..)

5.8.10. Executing OPT_MUXTREE pass (detect dead branches in mux trees).
Running muxtree optimizer on module $paramod\tcam_entry\DATA_WIDTH=s32'00000000000000000000000000000001..
  Creating internal representation of mux trees.
  No muxes found in this module.
Running muxtree optimizer on module \tcam_no_loop..
  Creating internal representation of mux trees.
  No muxes found in this module.
Removed 0 multiplexer ports.

5.8.11. Executing OPT_REDUCE pass (consolidate $*mux and $reduce_* inputs).
  Optimizing cells in module $paramod\tcam_entry\DATA_WIDTH=s32'00000000000000000000000000000001.
  Optimizing cells in module \tcam_no_loop.
Performed a total of 0 changes.

5.8.12. Executing OPT_MERGE pass (detect identical cells).
Finding identical cells in module `$paramod\tcam_entry\DATA_WIDTH=s32'00000000000000000000000000000001'.
<suppressed ~6 debug messages>
Finding identical cells in module `\tcam_no_loop'.
Removed a total of 2 cells.

5.8.13. Executing OPT_DFF pass (perform DFF optimizations).

5.8.14. Executing OPT_CLEAN pass (remove unused cells and wires).
Finding unused cells or wires in module $paramod\tcam_entry\DATA_WIDTH=s32'00000000000000000000000000000001..
Finding unused cells or wires in module \tcam_no_loop..
Removed 0 unused cells and 2 unused wires.
<suppressed ~1 debug messages>

5.8.15. Executing OPT_EXPR pass (perform const folding).
Optimizing module $paramod\tcam_entry\DATA_WIDTH=s32'00000000000000000000000000000001.
Optimizing module tcam_no_loop.

5.8.16. Rerunning OPT passes. (Maybe there is more to do..)

5.8.17. Executing OPT_MUXTREE pass (detect dead branches in mux trees).
Running muxtree optimizer on module $paramod\tcam_entry\DATA_WIDTH=s32'00000000000000000000000000000001..
  Creating internal representation of mux trees.
  No muxes found in this module.
Running muxtree optimizer on module \tcam_no_loop..
  Creating internal representation of mux trees.
  No muxes found in this module.
Removed 0 multiplexer ports.

5.8.18. Executing OPT_REDUCE pass (consolidate $*mux and $reduce_* inputs).
  Optimizing cells in module $paramod\tcam_entry\DATA_WIDTH=s32'00000000000000000000000000000001.
  Optimizing cells in module \tcam_no_loop.
Performed a total of 0 changes.

5.8.19. Executing OPT_MERGE pass (detect identical cells).
Finding identical cells in module `$paramod\tcam_entry\DATA_WIDTH=s32'00000000000000000000000000000001'.
Finding identical cells in module `\tcam_no_loop'.
Removed a total of 0 cells.

5.8.20. Executing OPT_DFF pass (perform DFF optimizations).

5.8.21. Executing OPT_CLEAN pass (remove unused cells and wires).
Finding unused cells or wires in module $paramod\tcam_entry\DATA_WIDTH=s32'00000000000000000000000000000001..
Finding unused cells or wires in module \tcam_no_loop..

5.8.22. Executing OPT_EXPR pass (perform const folding).
Optimizing module $paramod\tcam_entry\DATA_WIDTH=s32'00000000000000000000000000000001.
Optimizing module tcam_no_loop.

5.8.23. Finished OPT passes. (There is nothing left to do.)

5.9. Executing WREDUCE pass (reducing word size of cells).

5.10. Executing PEEPOPT pass (run peephole optimizers).

5.11. Executing OPT_CLEAN pass (remove unused cells and wires).
Finding unused cells or wires in module $paramod\tcam_entry\DATA_WIDTH=s32'00000000000000000000000000000001..
Finding unused cells or wires in module \tcam_no_loop..

5.12. Executing ALUMACC pass (create $alu and $macc cells).
Extracting $alu and $macc cells in module $paramod\tcam_entry\DATA_WIDTH=s32'00000000000000000000000000000001:
  created 0 $alu and 0 $macc cells.
Extracting $alu and $macc cells in module tcam_no_loop:
  created 0 $alu and 0 $macc cells.

5.13. Executing SHARE pass (SAT-based resource sharing).

5.14. Executing OPT pass (performing simple optimizations).

5.14.1. Executing OPT_EXPR pass (perform const folding).
Optimizing module $paramod\tcam_entry\DATA_WIDTH=s32'00000000000000000000000000000001.
Optimizing module tcam_no_loop.

5.14.2. Executing OPT_MERGE pass (detect identical cells).
Finding identical cells in module `$paramod\tcam_entry\DATA_WIDTH=s32'00000000000000000000000000000001'.
Finding identical cells in module `\tcam_no_loop'.
Removed a total of 0 cells.

5.14.3. Executing OPT_MUXTREE pass (detect dead branches in mux trees).
Running muxtree optimizer on module $paramod\tcam_entry\DATA_WIDTH=s32'00000000000000000000000000000001..
  Creating internal representation of mux trees.
  No muxes found in this module.
Running muxtree optimizer on module \tcam_no_loop..
  Creating internal representation of mux trees.
  No muxes found in this module.
Removed 0 multiplexer ports.

5.14.4. Executing OPT_REDUCE pass (consolidate $*mux and $reduce_* inputs).
  Optimizing cells in module $paramod\tcam_entry\DATA_WIDTH=s32'00000000000000000000000000000001.
  Optimizing cells in module \tcam_no_loop.
Performed a total of 0 changes.

5.14.5. Executing OPT_MERGE pass (detect identical cells).
Finding identical cells in module `$paramod\tcam_entry\DATA_WIDTH=s32'00000000000000000000000000000001'.
Finding identical cells in module `\tcam_no_loop'.
Removed a total of 0 cells.

5.14.6. Executing OPT_DFF pass (perform DFF optimizations).

5.14.7. Executing OPT_CLEAN pass (remove unused cells and wires).
Finding unused cells or wires in module $paramod\tcam_entry\DATA_WIDTH=s32'00000000000000000000000000000001..
Finding unused cells or wires in module \tcam_no_loop..

5.14.8. Executing OPT_EXPR pass (perform const folding).
Optimizing module $paramod\tcam_entry\DATA_WIDTH=s32'00000000000000000000000000000001.
Optimizing module tcam_no_loop.

5.14.9. Finished OPT passes. (There is nothing left to do.)

5.15. Executing MEMORY pass.

5.15.1. Executing OPT_MEM pass (optimize memories).
Performed a total of 0 transformations.

5.15.2. Executing OPT_MEM_PRIORITY pass (removing unnecessary memory write priority relations).
Performed a total of 0 transformations.

5.15.3. Executing OPT_MEM_FEEDBACK pass (finding memory read-to-write feedback paths).

5.15.4. Executing MEMORY_BMUX2ROM pass (converting muxes to ROMs).

5.15.5. Executing MEMORY_DFF pass (merging $dff cells to $memrd).

5.15.6. Executing OPT_CLEAN pass (remove unused cells and wires).
Finding unused cells or wires in module $paramod\tcam_entry\DATA_WIDTH=s32'00000000000000000000000000000001..
Finding unused cells or wires in module \tcam_no_loop..

5.15.7. Executing MEMORY_SHARE pass (consolidating $memrd/$memwr cells).

5.15.8. Executing OPT_MEM_WIDEN pass (optimize memories where all ports are wide).
Performed a total of 0 transformations.

5.15.9. Executing OPT_CLEAN pass (remove unused cells and wires).
Finding unused cells or wires in module $paramod\tcam_entry\DATA_WIDTH=s32'00000000000000000000000000000001..
Finding unused cells or wires in module \tcam_no_loop..

5.15.10. Executing MEMORY_COLLECT pass (generating $mem cells).

5.16. Executing OPT_CLEAN pass (remove unused cells and wires).
Finding unused cells or wires in module $paramod\tcam_entry\DATA_WIDTH=s32'00000000000000000000000000000001..
Finding unused cells or wires in module \tcam_no_loop..

5.17. Executing OPT pass (performing simple optimizations).

5.17.1. Executing OPT_EXPR pass (perform const folding).
Optimizing module $paramod\tcam_entry\DATA_WIDTH=s32'00000000000000000000000000000001.
Optimizing module tcam_no_loop.

5.17.2. Executing OPT_MERGE pass (detect identical cells).
Finding identical cells in module `$paramod\tcam_entry\DATA_WIDTH=s32'00000000000000000000000000000001'.
Finding identical cells in module `\tcam_no_loop'.
Removed a total of 0 cells.

5.17.3. Executing OPT_DFF pass (perform DFF optimizations).

5.17.4. Executing OPT_CLEAN pass (remove unused cells and wires).
Finding unused cells or wires in module $paramod\tcam_entry\DATA_WIDTH=s32'00000000000000000000000000000001..
Finding unused cells or wires in module \tcam_no_loop..

5.17.5. Finished fast OPT passes.

5.18. Executing MEMORY_MAP pass (converting memories to logic and flip-flops).

5.19. Executing OPT pass (performing simple optimizations).

5.19.1. Executing OPT_EXPR pass (perform const folding).
Optimizing module $paramod\tcam_entry\DATA_WIDTH=s32'00000000000000000000000000000001.
Optimizing module tcam_no_loop.

5.19.2. Executing OPT_MERGE pass (detect identical cells).
Finding identical cells in module `$paramod\tcam_entry\DATA_WIDTH=s32'00000000000000000000000000000001'.
Finding identical cells in module `\tcam_no_loop'.
Removed a total of 0 cells.

5.19.3. Executing OPT_MUXTREE pass (detect dead branches in mux trees).
Running muxtree optimizer on module $paramod\tcam_entry\DATA_WIDTH=s32'00000000000000000000000000000001..
  Creating internal representation of mux trees.
  No muxes found in this module.
Running muxtree optimizer on module \tcam_no_loop..
  Creating internal representation of mux trees.
  No muxes found in this module.
Removed 0 multiplexer ports.

5.19.4. Executing OPT_REDUCE pass (consolidate $*mux and $reduce_* inputs).
  Optimizing cells in module $paramod\tcam_entry\DATA_WIDTH=s32'00000000000000000000000000000001.
  Optimizing cells in module \tcam_no_loop.
Performed a total of 0 changes.

5.19.5. Executing OPT_MERGE pass (detect identical cells).
Finding identical cells in module `$paramod\tcam_entry\DATA_WIDTH=s32'00000000000000000000000000000001'.
Finding identical cells in module `\tcam_no_loop'.
Removed a total of 0 cells.

5.19.6. Executing OPT_SHARE pass.

5.19.7. Executing OPT_DFF pass (perform DFF optimizations).

5.19.8. Executing OPT_CLEAN pass (remove unused cells and wires).
Finding unused cells or wires in module $paramod\tcam_entry\DATA_WIDTH=s32'00000000000000000000000000000001..
Finding unused cells or wires in module \tcam_no_loop..

5.19.9. Executing OPT_EXPR pass (perform const folding).
Optimizing module $paramod\tcam_entry\DATA_WIDTH=s32'00000000000000000000000000000001.
Optimizing module tcam_no_loop.

5.19.10. Finished OPT passes. (There is nothing left to do.)

5.20. Executing TECHMAP pass (map to technology primitives).

5.20.1. Executing Verilog-2005 frontend: /usr/bin/../share/yosys/techmap.v
Parsing Verilog input from `/usr/bin/../share/yosys/techmap.v' to AST representation.
Generating RTLIL representation for module `\_90_simplemap_bool_ops'.
Generating RTLIL representation for module `\_90_simplemap_reduce_ops'.
Generating RTLIL representation for module `\_90_simplemap_logic_ops'.
Generating RTLIL representation for module `\_90_simplemap_compare_ops'.
Generating RTLIL representation for module `\_90_simplemap_various'.
Generating RTLIL representation for module `\_90_simplemap_registers'.
Generating RTLIL representation for module `\_90_shift_ops_shr_shl_sshl_sshr'.
Generating RTLIL representation for module `\_90_shift_shiftx'.
Generating RTLIL representation for module `\_90_fa'.
Generating RTLIL representation for module `\_90_lcu'.
Generating RTLIL representation for module `\_90_alu'.
Generating RTLIL representation for module `\_90_macc'.
Generating RTLIL representation for module `\_90_alumacc'.
Generating RTLIL representation for module `\$__div_mod_u'.
Generating RTLIL representation for module `\$__div_mod_trunc'.
Generating RTLIL representation for module `\_90_div'.
Generating RTLIL representation for module `\_90_mod'.
Generating RTLIL representation for module `\$__div_mod_floor'.
Generating RTLIL representation for module `\_90_divfloor'.
Generating RTLIL representation for module `\_90_modfloor'.
Generating RTLIL representation for module `\_90_pow'.
Generating RTLIL representation for module `\_90_pmux'.
Generating RTLIL representation for module `\_90_demux'.
Generating RTLIL representation for module `\_90_lut'.
Successfully finished Verilog frontend.

5.20.2. Continuing TECHMAP pass.
Using extmapper simplemap for cells of type $reduce_and.
Using extmapper simplemap for cells of type $sdffe.
Using extmapper simplemap for cells of type $dffe.
Using extmapper simplemap for cells of type $not.
Using extmapper simplemap for cells of type $logic_and.
Using extmapper simplemap for cells of type $and.
Using extmapper simplemap for cells of type $xor.
No more expansions possible.
<suppressed ~83 debug messages>

5.21. Executing OPT pass (performing simple optimizations).

5.21.1. Executing OPT_EXPR pass (perform const folding).
Optimizing module $paramod\tcam_entry\DATA_WIDTH=s32'00000000000000000000000000000001.
Optimizing module tcam_no_loop.

5.21.2. Executing OPT_MERGE pass (detect identical cells).
Finding identical cells in module `$paramod\tcam_entry\DATA_WIDTH=s32'00000000000000000000000000000001'.
Finding identical cells in module `\tcam_no_loop'.
Removed a total of 0 cells.

5.21.3. Executing OPT_DFF pass (perform DFF optimizations).

5.21.4. Executing OPT_CLEAN pass (remove unused cells and wires).
Finding unused cells or wires in module $paramod\tcam_entry\DATA_WIDTH=s32'00000000000000000000000000000001..
Finding unused cells or wires in module \tcam_no_loop..
Removed 0 unused cells and 1 unused wires.
<suppressed ~1 debug messages>

5.21.5. Finished fast OPT passes.

5.22. Executing ABC pass (technology mapping using ABC).

5.22.1. Extracting gate netlist of module `$paramod\tcam_entry\DATA_WIDTH=s32'00000000000000000000000000000001' to `<abc-temp-dir>/input.blif'..
Extracted 7 gates and 13 wires to a netlist network with 6 inputs and 2 outputs.

5.22.1.1. Executing ABC.
Running ABC command: "<yosys-exe-dir>/yosys-abc" -s -f <abc-temp-dir>/abc.script 2>&1
ABC: ABC command line: "source <abc-temp-dir>/abc.script".
ABC: 
ABC: + read_blif <abc-temp-dir>/input.blif 
ABC: + read_library <abc-temp-dir>/stdcells.genlib 
ABC: Entered genlib library with 13 gates from file "<abc-temp-dir>/stdcells.genlib".
ABC: + strash 
ABC: + dretime 
ABC: + map 
ABC: + write_blif <abc-temp-dir>/output.blif 

5.22.1.2. Re-integrating ABC results.
ABC RESULTS:               XOR cells:        1
ABC RESULTS:            ANDNOT cells:        3
ABC RESULTS:        internal signals:        5
ABC RESULTS:           input signals:        6
ABC RESULTS:          output signals:        2
Removing temp directory.

5.22.2. Extracting gate netlist of module `\tcam_no_loop' to `<abc-temp-dir>/input.blif'..
Extracted 0 gates and 0 wires to a netlist network with 0 inputs and 0 outputs.
Don't call ABC as there is nothing to map.
Removing temp directory.

5.23. Executing OPT pass (performing simple optimizations).

5.23.1. Executing OPT_EXPR pass (perform const folding).
Optimizing module $paramod\tcam_entry\DATA_WIDTH=s32'00000000000000000000000000000001.
Optimizing module tcam_no_loop.

5.23.2. Executing OPT_MERGE pass (detect identical cells).
Finding identical cells in module `$paramod\tcam_entry\DATA_WIDTH=s32'00000000000000000000000000000001'.
Finding identical cells in module `\tcam_no_loop'.
Removed a total of 0 cells.

5.23.3. Executing OPT_DFF pass (perform DFF optimizations).

5.23.4. Executing OPT_CLEAN pass (remove unused cells and wires).
Finding unused cells or wires in module $paramod\tcam_entry\DATA_WIDTH=s32'00000000000000000000000000000001..
Finding unused cells or wires in module \tcam_no_loop..
Removed 0 unused cells and 13 unused wires.
<suppressed ~2 debug messages>

5.23.5. Finished fast OPT passes.

5.24. Executing HIERARCHY pass (managing design hierarchy).

5.24.1. Analyzing design hierarchy..
Top module:  \tcam_no_loop
Used module:     $paramod\tcam_entry\DATA_WIDTH=s32'00000000000000000000000000000001

5.24.2. Analyzing design hierarchy..
Top module:  \tcam_no_loop
Used module:     $paramod\tcam_entry\DATA_WIDTH=s32'00000000000000000000000000000001
Removed 0 unused modules.

5.25. Printing statistics.

=== $paramod\tcam_entry\DATA_WIDTH=s32'00000000000000000000000000000001 ===

   Number of wires:                 13
   Number of wire bits:             13
   Number of public wires:          10
   Number of public wire bits:      10
   Number of memories:               0
   Number of memory bits:            0
   Number of processes:              0
   Number of cells:                  7
     $_ANDNOT_                       3
     $_DFFE_PP_                      2
     $_SDFFE_PP0P_                   1
     $_XOR_                          1

=== tcam_no_loop ===

   Number of wires:                  7
   Number of wire bits:              7
   Number of public wires:           7
   Number of public wire bits:       7
   Number of memories:               0
   Number of memory bits:            0
   Number of processes:              0
   Number of cells:                  1
     $paramod\tcam_entry\DATA_WIDTH=s32'00000000000000000000000000000001      1

=== design hierarchy ===

   tcam_no_loop                      1
     $paramod\tcam_entry\DATA_WIDTH=s32'00000000000000000000000000000001      1

   Number of wires:                 20
   Number of wire bits:             20
   Number of public wires:          17
   Number of public wire bits:      17
   Number of memories:               0
   Number of memory bits:            0
   Number of processes:              0
   Number of cells:                  7
     $_ANDNOT_                       3
     $_DFFE_PP_                      2
     $_SDFFE_PP0P_                   1
     $_XOR_                          1

5.26. Executing CHECK pass (checking for obvious problems).
Checking module $paramod\tcam_entry\DATA_WIDTH=s32'00000000000000000000000000000001...
Checking module tcam_no_loop...
Found and reported 0 problems.

6. Executing CHECK pass (checking for obvious problems).
Checking module $paramod\tcam_entry\DATA_WIDTH=s32'00000000000000000000000000000001...
Checking module tcam_no_loop...
Found and reported 0 problems.

7. Printing statistics.

=== $paramod\tcam_entry\DATA_WIDTH=s32'00000000000000000000000000000001 ===

   Number of wires:                 13
   Number of wire bits:             13
   Number of public wires:          10
   Number of public wire bits:      10
   Number of memories:               0
   Number of memory bits:            0
   Number of processes:              0
   Number of cells:                  7
     $_ANDNOT_                       3
     $_DFFE_PP_                      2
     $_SDFFE_PP0P_                   1
     $_XOR_                          1

=== tcam_no_loop ===

   Number of wires:                  7
   Number of wire bits:              7
   Number of public wires:           7
   Number of public wire bits:       7
   Number of memories:               0
   Number of memory bits:            0
   Number of processes:              0
   Number of cells:                  1
     $paramod\tcam_entry\DATA_WIDTH=s32'00000000000000000000000000000001      1

=== design hierarchy ===

   tcam_no_loop                      1
     $paramod\tcam_entry\DATA_WIDTH=s32'00000000000000000000000000000001      1

   Number of wires:                 20
   Number of wire bits:             20
   Number of public wires:          17
   Number of public wire bits:      17
   Number of memories:               0
   Number of memory bits:            0
   Number of processes:              0
   Number of cells:                  7
     $_ANDNOT_                       3
     $_DFFE_PP_                      2
     $_SDFFE_PP0P_                   1
     $_XOR_                          1

