#! /usr/bin/vvp
:ivl_version "13.0 (stable)" "(v13_0-dirty)";
:ivl_delay_selection "TYPICAL";
:vpi_time_precision - 12;
:vpi_module "/usr/lib/ivl/system.vpi";
:vpi_module "/usr/lib/ivl/vhdl_sys.vpi";
:vpi_module "/usr/lib/ivl/vhdl_textio.vpi";
:vpi_module "/usr/lib/ivl/v2005_math.vpi";
:vpi_module "/usr/lib/ivl/va_math.vpi";
S_0x564cd140f200 .scope module, "booth_multiplier_tb" "booth_multiplier_tb" 2 19;
 .timescale -9 -12;
P_0x564cd14019d0 .param/l "CYCLE" 0 2 22, +C4<00000000000000000000000000001010>;
P_0x564cd1401a10 .param/l "N" 0 2 21, +C4<00000000000000000000000000001000>;
v0x564cd1431a90_0 .var "Clk", 0 0;
v0x564cd1431b50_0 .net "Done", 0 0, L_0x564cd1432c60;  1 drivers
v0x564cd1431c60_0 .var "Errors", 31 0;
v0x564cd1431d00_0 .var/s "Expected", 15 0;
v0x564cd1431de0_0 .var "Got", 15 0;
v0x564cd1431f10_0 .var/i "MaxSteps", 31 0;
v0x564cd1431ff0_0 .var/i "MinSteps", 31 0;
v0x564cd14320d0_0 .var "Multiplicand", 7 0;
v0x564cd14321e0_0 .var "Multiplier", 7 0;
v0x564cd1432330_0 .net "Product", 15 0, L_0x564cd14344d0;  1 drivers
v0x564cd1432440_0 .var "RstN", 0 0;
v0x564cd14324e0_0 .var/i "RunSteps", 31 0;
v0x564cd14325c0_0 .var "Runs", 31 0;
v0x564cd14326a0_0 .var "Start", 0 0;
v0x564cd1432790_0 .var/i "SumSteps", 31 0;
v0x564cd1432870_0 .var/i "i", 31 0;
v0x564cd1432950_0 .var/i "j", 31 0;
E_0x564cd13d78f0 .event posedge, v0x564cd1400240_0;
S_0x564cd13d6d80 .scope task, "do_mul" "do_mul" 2 61, 2 61 0, S_0x564cd140f200;
 .timescale -9 -12;
v0x564cd13df0b0_0 .var "a", 7 0;
v0x564cd13e1e00_0 .var "b", 7 0;
E_0x564cd13c3fe0 .event negedge, v0x564cd1400240_0;
TD_booth_multiplier_tb.do_mul ;
    %wait E_0x564cd13c3fe0;
    %load/vec4 v0x564cd13df0b0_0;
    %store/vec4 v0x564cd14320d0_0, 0, 8;
    %load/vec4 v0x564cd13e1e00_0;
    %store/vec4 v0x564cd14321e0_0, 0, 8;
    %pushi/vec4 1, 0, 1;
    %store/vec4 v0x564cd14326a0_0, 0, 1;
    %pushi/vec4 0, 0, 32;
    %store/vec4 v0x564cd14324e0_0, 0, 32;
    %wait E_0x564cd13c3fe0;
    %pushi/vec4 0, 0, 1;
    %store/vec4 v0x564cd14326a0_0, 0, 1;
T_0.0 ;
    %load/vec4 v0x564cd1431b50_0;
    %nor/r;
    %flag_set/vec4 8;
    %jmp/0xz T_0.1, 8;
    %wait E_0x564cd13c3fe0;
    %jmp T_0.0;
T_0.1 ;
    %load/vec4 v0x564cd1432330_0;
    %store/vec4 v0x564cd1431de0_0, 0, 16;
    %load/vec4 v0x564cd13df0b0_0;
    %pad/s 16;
    %load/vec4 v0x564cd13e1e00_0;
    %pad/s 16;
    %mul;
    %store/vec4 v0x564cd1431d00_0, 0, 16;
    %load/vec4 v0x564cd14325c0_0;
    %addi 1, 0, 32;
    %store/vec4 v0x564cd14325c0_0, 0, 32;
    %load/vec4 v0x564cd1431de0_0;
    %load/vec4 v0x564cd1431d00_0;
    %cmp/ne;
    %jmp/0xz  T_0.2, 6;
    %load/vec4 v0x564cd1431c60_0;
    %addi 1, 0, 32;
    %store/vec4 v0x564cd1431c60_0, 0, 32;
    %load/vec4 v0x564cd13df0b0_0;
    %load/vec4 v0x564cd13e1e00_0;
    %load/vec4 v0x564cd1431de0_0;
    %vpi_call 2 82 "$display", "FAIL: %0d * %0d -> %0d (%h), expected %0d (%h)", S<2,vec4,s8>, S<1,vec4,s8>, S<0,vec4,s16>, v0x564cd1431de0_0, v0x564cd1431d00_0, v0x564cd1431d00_0 {3 0 0};
T_0.2 ;
    %load/vec4 v0x564cd1432790_0;
    %load/vec4 v0x564cd14324e0_0;
    %add;
    %store/vec4 v0x564cd1432790_0, 0, 32;
    %load/vec4 v0x564cd1431f10_0;
    %load/vec4 v0x564cd14324e0_0;
    %cmp/s;
    %jmp/0xz  T_0.4, 5;
    %load/vec4 v0x564cd14324e0_0;
    %store/vec4 v0x564cd1431f10_0, 0, 32;
T_0.4 ;
    %load/vec4 v0x564cd14324e0_0;
    %load/vec4 v0x564cd1431ff0_0;
    %cmp/s;
    %jmp/0xz  T_0.6, 5;
    %load/vec4 v0x564cd14324e0_0;
    %store/vec4 v0x564cd1431ff0_0, 0, 32;
T_0.6 ;
    %end;
S_0x564cd142c370 .scope module, "dut" "booth_multiplier" 2 43, 3 24 0, S_0x564cd140f200;
 .timescale 0 0;
    .port_info 0 /INPUT 1 "Clk";
    .port_info 1 /INPUT 1 "RstN";
    .port_info 2 /INPUT 1 "Start";
    .port_info 3 /INPUT 8 "Multiplicand";
    .port_info 4 /INPUT 8 "Multiplier";
    .port_info 5 /OUTPUT 16 "Product";
    .port_info 6 /OUTPUT 1 "Done";
P_0x564cd142c570 .param/l "N" 0 3 27, +C4<00000000000000000000000000001000>;
v0x564cd1430db0_0 .net "Clk", 0 0, v0x564cd1431a90_0;  1 drivers
v0x564cd1430e70_0 .net "Done", 0 0, L_0x564cd1432c60;  alias, 1 drivers
v0x564cd1430f30_0 .net "LastStep", 0 0, L_0x564cd1433df0;  1 drivers
v0x564cd1431050_0 .net "Load", 0 0, L_0x564cd1432a30;  1 drivers
v0x564cd1431140_0 .net "Multiplicand", 7 0, v0x564cd14320d0_0;  1 drivers
v0x564cd1431230_0 .net "Multiplier", 7 0, v0x564cd14321e0_0;  1 drivers
v0x564cd14312d0_0 .net "Product", 15 0, L_0x564cd14344d0;  alias, 1 drivers
v0x564cd1431370_0 .net "RstN", 0 0, v0x564cd1432440_0;  1 drivers
v0x564cd1431460_0 .net "Start", 0 0, v0x564cd14326a0_0;  1 drivers
v0x564cd1431500_0 .net "Step", 0 0, L_0x564cd1432b20;  1 drivers
S_0x564cd142c6a0 .scope module, "u_control" "booth_control" 3 41, 4 1 0, S_0x564cd142c370;
 .timescale 0 0;
    .port_info 0 /INPUT 1 "Clk";
    .port_info 1 /INPUT 1 "RstN";
    .port_info 2 /INPUT 1 "Start";
    .port_info 3 /INPUT 1 "LastStep";
    .port_info 4 /OUTPUT 1 "Load";
    .port_info 5 /OUTPUT 1 "Step";
    .port_info 6 /OUTPUT 1 "Done";
P_0x564cd13fe700 .param/l "CALC" 1 4 11, C4<10>;
P_0x564cd13fe740 .param/l "IDLE" 1 4 11, C4<00>;
P_0x564cd13fe780 .param/l "LOAD" 1 4 11, C4<01>;
P_0x564cd13fe7c0 .param/l "REPORT" 1 4 11, C4<11>;
v0x564cd1400240_0 .net "Clk", 0 0, v0x564cd1431a90_0;  alias, 1 drivers
v0x564cd1400560_0 .net "Done", 0 0, L_0x564cd1432c60;  alias, 1 drivers
v0x564cd13fe1b0_0 .net "LastStep", 0 0, L_0x564cd1433df0;  alias, 1 drivers
v0x564cd13fe250_0 .net "Load", 0 0, L_0x564cd1432a30;  alias, 1 drivers
v0x564cd13b4e10_0 .net "RstN", 0 0, v0x564cd1432440_0;  alias, 1 drivers
v0x564cd13be8f0_0 .net "Start", 0 0, v0x564cd14326a0_0;  alias, 1 drivers
v0x564cd140a3f0_0 .var "State", 1 0;
v0x564cd1401af0_0 .net "Step", 0 0, L_0x564cd1432b20;  alias, 1 drivers
L_0x7f44b2c84018 .functor BUFT 1, C4<01>, C4<0>, C4<0>, C4<0>;
v0x564cd1401b90_0 .net/2u *"_ivl_0", 1 0, L_0x7f44b2c84018;  1 drivers
L_0x7f44b2c84060 .functor BUFT 1, C4<10>, C4<0>, C4<0>, C4<0>;
v0x564cd142cd20_0 .net/2u *"_ivl_4", 1 0, L_0x7f44b2c84060;  1 drivers
L_0x7f44b2c840a8 .functor BUFT 1, C4<11>, C4<0>, C4<0>, C4<0>;
v0x564cd142ce00_0 .net/2u *"_ivl_8", 1 0, L_0x7f44b2c840a8;  1 drivers
E_0x564cd13c4580/0 .event negedge, v0x564cd13b4e10_0;
E_0x564cd13c4580/1 .event posedge, v0x564cd1400240_0;
E_0x564cd13c4580 .event/or E_0x564cd13c4580/0, E_0x564cd13c4580/1;
L_0x564cd1432a30 .cmp/eq 2, v0x564cd140a3f0_0, L_0x7f44b2c84018;
L_0x564cd1432b20 .cmp/eq 2, v0x564cd140a3f0_0, L_0x7f44b2c84060;
L_0x564cd1432c60 .cmp/eq 2, v0x564cd140a3f0_0, L_0x7f44b2c840a8;
S_0x564cd142cfc0 .scope module, "u_datapath" "booth_datapath" 3 51, 5 35 0, S_0x564cd142c370;
 .timescale 0 0;
    .port_info 0 /INPUT 1 "Clk";
    .port_info 1 /INPUT 1 "RstN";
    .port_info 2 /INPUT 1 "Load";
    .port_info 3 /INPUT 1 "Step";
    .port_info 4 /INPUT 8 "Multiplicand";
    .port_info 5 /INPUT 8 "Multiplier";
    .port_info 6 /OUTPUT 16 "Product";
    .port_info 7 /OUTPUT 1 "LastStep";
P_0x564cd142d170 .param/l "DistW" 1 5 43, +C4<00000000000000000000000000000100>;
P_0x564cd142d1b0 .param/l "N" 0 5 38, +C4<00000000000000000000000000001000>;
P_0x564cd142d1f0 .param/l "ShiftAmountWidth" 1 5 48, +C4<00000000000000000000000000000101>;
L_0x564cd13fe0e0 .functor NOT 1, L_0x564cd1432d50, C4<0>, C4<0>, C4<0>;
L_0x564cd13be430 .functor AND 1, L_0x564cd13fe0e0, v0x564cd142fa30_0, C4<1>, C4<1>;
L_0x564cd13be820 .functor NOT 1, v0x564cd142fa30_0, C4<0>, C4<0>, C4<0>;
L_0x564cd1402600 .functor AND 1, L_0x564cd1432e90, L_0x564cd13be820, C4<1>, C4<1>;
L_0x564cd14017f0 .functor XOR 8, v0x564cd14321e0_0, L_0x564cd14338c0, C4<00000000>, C4<00000000>;
v0x564cd142eb40_0 .var "A", 8 0;
v0x564cd142ec20_0 .net "AOp", 8 0, L_0x564cd1433640;  1 drivers
v0x564cd142ed00_0 .var "Bmap", 7 0;
v0x564cd142edf0_0 .net "BmapInit", 7 0, L_0x564cd14017f0;  1 drivers
v0x564cd142eed0_0 .net "BmapShifted", 8 0, v0x564cd142e090_0;  1 drivers
v0x564cd142efe0_0 .net "Clk", 0 0, v0x564cd1431a90_0;  alias, 1 drivers
v0x564cd142f0b0_0 .net "Dist", 3 0, L_0x564cd1433cb0;  1 drivers
v0x564cd142f180_0 .net "DistWide", 4 0, L_0x564cd1434000;  1 drivers
v0x564cd142f250_0 .net "DoAdd", 0 0, L_0x564cd13be430;  1 drivers
v0x564cd142f2f0_0 .net "DoSub", 0 0, L_0x564cd1402600;  1 drivers
v0x564cd142f390_0 .net "LastStep", 0 0, L_0x564cd1433df0;  alias, 1 drivers
v0x564cd142f460_0 .net "Load", 0 0, L_0x564cd1432a30;  alias, 1 drivers
v0x564cd142f530_0 .var "M", 7 0;
v0x564cd142f5d0_0 .net "MExt", 8 0, L_0x564cd1433140;  1 drivers
v0x564cd142f6b0_0 .net "Multiplicand", 7 0, v0x564cd14320d0_0;  alias, 1 drivers
v0x564cd142f790_0 .net "Multiplier", 7 0, v0x564cd14321e0_0;  alias, 1 drivers
v0x564cd142f870_0 .net "Product", 15 0, L_0x564cd14344d0;  alias, 1 drivers
v0x564cd142f950_0 .var "Q", 7 0;
v0x564cd142fa30_0 .var "Q_1", 0 0;
v0x564cd142faf0_0 .net "Raw", 3 0, v0x564cd142d860_0;  1 drivers
v0x564cd142fbe0_0 .var "Remaining", 3 0;
v0x564cd142fca0_0 .net "RstN", 0 0, v0x564cd1432440_0;  alias, 1 drivers
v0x564cd142fd70_0 .net "Shifted", 17 0, v0x564cd142e920_0;  1 drivers
v0x564cd142fe40_0 .net "Step", 0 0, L_0x564cd1432b20;  alias, 1 drivers
v0x564cd142ff10_0 .net *"_ivl_1", 0 0, L_0x564cd1432d50;  1 drivers
v0x564cd142ffb0_0 .net *"_ivl_13", 0 0, L_0x564cd14330a0;  1 drivers
v0x564cd1430090_0 .net *"_ivl_16", 8 0, L_0x564cd14332e0;  1 drivers
v0x564cd1430170_0 .net *"_ivl_18", 8 0, L_0x564cd14333d0;  1 drivers
v0x564cd1430250_0 .net *"_ivl_2", 0 0, L_0x564cd13fe0e0;  1 drivers
v0x564cd1430330_0 .net *"_ivl_20", 8 0, L_0x564cd1433500;  1 drivers
v0x564cd1430410_0 .net *"_ivl_25", 6 0, L_0x564cd1433820;  1 drivers
L_0x7f44b2c840f0 .functor BUFT 1, C4<0>, C4<0>, C4<0>, C4<0>;
v0x564cd14304f0_0 .net/2u *"_ivl_26", 0 0, L_0x7f44b2c840f0;  1 drivers
v0x564cd14305d0_0 .net *"_ivl_28", 7 0, L_0x564cd14338c0;  1 drivers
L_0x7f44b2c84138 .functor BUFT 1, C4<0>, C4<0>, C4<0>, C4<0>;
v0x564cd14306b0_0 .net/2u *"_ivl_32", 0 0, L_0x7f44b2c84138;  1 drivers
v0x564cd1430790_0 .net *"_ivl_36", 0 0, L_0x564cd1433b50;  1 drivers
L_0x7f44b2c84180 .functor BUFT 1, C4<0>, C4<0>, C4<0>, C4<0>;
v0x564cd1430850_0 .net/2u *"_ivl_42", 0 0, L_0x7f44b2c84180;  1 drivers
L_0x7f44b2c841c8 .functor BUFT 1, C4<0>, C4<0>, C4<0>, C4<0>;
v0x564cd1430930_0 .net *"_ivl_49", 0 0, L_0x7f44b2c841c8;  1 drivers
v0x564cd1430a10_0 .net *"_ivl_53", 7 0, L_0x564cd1434300;  1 drivers
v0x564cd1430af0_0 .net *"_ivl_7", 0 0, L_0x564cd1432e90;  1 drivers
v0x564cd1430bd0_0 .net *"_ivl_8", 0 0, L_0x564cd13be820;  1 drivers
L_0x564cd1432d50 .part v0x564cd142f950_0, 0, 1;
L_0x564cd1432e90 .part v0x564cd142f950_0, 0, 1;
L_0x564cd14330a0 .part v0x564cd142f530_0, 7, 1;
L_0x564cd1433140 .concat [ 8 1 0 0], v0x564cd142f530_0, L_0x564cd14330a0;
L_0x564cd14332e0 .arith/sub 9, v0x564cd142eb40_0, L_0x564cd1433140;
L_0x564cd14333d0 .arith/sum 9, v0x564cd142eb40_0, L_0x564cd1433140;
L_0x564cd1433500 .functor MUXZ 9, v0x564cd142eb40_0, L_0x564cd14333d0, L_0x564cd13be430, C4<>;
L_0x564cd1433640 .functor MUXZ 9, L_0x564cd1433500, L_0x564cd14332e0, L_0x564cd1402600, C4<>;
L_0x564cd1433820 .part v0x564cd14321e0_0, 0, 7;
L_0x564cd14338c0 .concat [ 1 7 0 0], L_0x7f44b2c840f0, L_0x564cd1433820;
L_0x564cd1433a60 .concat [ 8 1 0 0], v0x564cd142ed00_0, L_0x7f44b2c84138;
L_0x564cd1433b50 .cmp/gt 4, v0x564cd142fbe0_0, v0x564cd142d860_0;
L_0x564cd1433cb0 .functor MUXZ 4, v0x564cd142fbe0_0, v0x564cd142d860_0, L_0x564cd1433b50, C4<>;
L_0x564cd1433df0 .cmp/eq 4, L_0x564cd1433cb0, v0x564cd142fbe0_0;
L_0x564cd1433f10 .concat [ 8 1 0 0], v0x564cd142ed00_0, L_0x7f44b2c84180;
L_0x564cd1434000 .concat [ 4 1 0 0], L_0x564cd1433cb0, L_0x7f44b2c841c8;
L_0x564cd1434210 .concat [ 1 8 9 0], v0x564cd142fa30_0, v0x564cd142f950_0, L_0x564cd1433640;
L_0x564cd1434300 .part v0x564cd142eb40_0, 0, 8;
L_0x564cd14344d0 .concat [ 8 8 0 0], v0x564cd142f950_0, L_0x564cd1434300;
S_0x564cd142d410 .scope module, "u_encode" "skip_encode" 5 105, 6 25 0, S_0x564cd142cfc0;
 .timescale 0 0;
    .port_info 0 /INPUT 9 "Map";
    .port_info 1 /OUTPUT 4 "Dist";
P_0x564cd142d5f0 .param/l "DistW" 1 6 29, +C4<00000000000000000000000000000100>;
P_0x564cd142d630 .param/l "MapW" 0 6 27, +C4<000000000000000000000000000001001>;
P_0x564cd142d670 .param/l "MaxSkip" 1 6 30, +C4<0000000000000000000000000000001000>;
v0x564cd142d860_0 .var "Dist", 3 0;
v0x564cd142d960_0 .net "Map", 8 0, L_0x564cd1433a60;  1 drivers
v0x564cd142da40_0 .var/i "k", 31 0;
E_0x564cd13c49e0 .event anyedge, v0x564cd142d960_0;
S_0x564cd142db60 .scope module, "u_map_shift" "barrel_ashr" 5 120, 7 2 0, S_0x564cd142cfc0;
 .timescale 0 0;
    .port_info 0 /INPUT 9 "din";
    .port_info 1 /INPUT 4 "amt";
    .port_info 2 /OUTPUT 9 "dout";
P_0x564cd142d290 .param/l "AmountWidth" 1 7 4, +C4<00000000000000000000000000000100>;
P_0x564cd142d2d0 .param/l "Width" 0 7 3, +C4<000000000000000000000000000001001>;
v0x564cd142deb0_0 .net "amt", 3 0, L_0x564cd1433cb0;  alias, 1 drivers
v0x564cd142dfb0_0 .net "din", 8 0, L_0x564cd1433f10;  1 drivers
v0x564cd142e090_0 .var "dout", 8 0;
v0x564cd142e150_0 .var/i "k", 31 0;
E_0x564cd13c5090 .event anyedge, v0x564cd142dfb0_0, v0x564cd142deb0_0, v0x564cd142e090_0;
S_0x564cd142e2b0 .scope module, "u_shift" "barrel_ashr" 5 131, 7 2 0, S_0x564cd142cfc0;
 .timescale 0 0;
    .port_info 0 /INPUT 18 "din";
    .port_info 1 /INPUT 5 "amt";
    .port_info 2 /OUTPUT 18 "dout";
P_0x564cd142dd90 .param/l "AmountWidth" 1 7 4, +C4<00000000000000000000000000000101>;
P_0x564cd142ddd0 .param/l "Width" 0 7 3, +C4<00000000000000000000000000000000000000000000000000000000000010010>;
v0x564cd142e740_0 .net "amt", 4 0, L_0x564cd1434000;  alias, 1 drivers
v0x564cd142e840_0 .net "din", 17 0, L_0x564cd1434210;  1 drivers
v0x564cd142e920_0 .var "dout", 17 0;
v0x564cd142e9e0_0 .var/i "k", 31 0;
E_0x564cd13c4130 .event anyedge, v0x564cd142e840_0, v0x564cd142e740_0, v0x564cd142e920_0;
S_0x564cd1431600 .scope task, "show_mul" "show_mul" 2 95, 2 95 0, S_0x564cd140f200;
 .timescale -9 -12;
v0x564cd14317e0_0 .var "a", 7 0;
v0x564cd14318c0_0 .var "b", 7 0;
v0x564cd14319a0_0 .var "note", 351 0;
TD_booth_multiplier_tb.show_mul ;
    %load/vec4 v0x564cd14317e0_0;
    %store/vec4 v0x564cd13df0b0_0, 0, 8;
    %load/vec4 v0x564cd14318c0_0;
    %store/vec4 v0x564cd13e1e00_0, 0, 8;
    %fork TD_booth_multiplier_tb.do_mul, S_0x564cd13d6d80;
    %join;
    %load/vec4 v0x564cd14317e0_0;
    %load/vec4 v0x564cd14318c0_0;
    %load/vec4 v0x564cd1431de0_0;
    %vpi_call 2 101 "$display", "  %5d * %5d = %6d   steps: %0d   %0s", S<2,vec4,s8>, S<1,vec4,s8>, S<0,vec4,s16>, v0x564cd14324e0_0, v0x564cd14319a0_0 {3 0 0};
    %end;
    .scope S_0x564cd142c6a0;
T_2 ;
    %wait E_0x564cd13c4580;
    %load/vec4 v0x564cd13b4e10_0;
    %nor/r;
    %flag_set/vec4 8;
    %jmp/0xz  T_2.0, 8;
    %pushi/vec4 0, 0, 2;
    %assign/vec4 v0x564cd140a3f0_0, 0;
    %jmp T_2.1;
T_2.0 ;
    %load/vec4 v0x564cd140a3f0_0;
    %dup/vec4;
    %pushi/vec4 0, 0, 2;
    %cmp/u;
    %jmp/1 T_2.2, 6;
    %dup/vec4;
    %pushi/vec4 1, 0, 2;
    %cmp/u;
    %jmp/1 T_2.3, 6;
    %dup/vec4;
    %pushi/vec4 2, 0, 2;
    %cmp/u;
    %jmp/1 T_2.4, 6;
    %dup/vec4;
    %pushi/vec4 3, 0, 2;
    %cmp/u;
    %jmp/1 T_2.5, 6;
    %jmp T_2.6;
T_2.2 ;
    %load/vec4 v0x564cd13be8f0_0;
    %flag_set/vec4 8;
    %jmp/0 T_2.7, 8;
    %pushi/vec4 1, 0, 2;
    %jmp/1 T_2.8, 8;
T_2.7 ; End of true expr.
    %pushi/vec4 0, 0, 2;
    %jmp/0 T_2.8, 8;
 ; End of false expr.
    %blend;
T_2.8;
    %assign/vec4 v0x564cd140a3f0_0, 0;
    %jmp T_2.6;
T_2.3 ;
    %pushi/vec4 2, 0, 2;
    %assign/vec4 v0x564cd140a3f0_0, 0;
    %jmp T_2.6;
T_2.4 ;
    %load/vec4 v0x564cd13fe1b0_0;
    %flag_set/vec4 8;
    %jmp/0 T_2.9, 8;
    %pushi/vec4 3, 0, 2;
    %jmp/1 T_2.10, 8;
T_2.9 ; End of true expr.
    %pushi/vec4 2, 0, 2;
    %jmp/0 T_2.10, 8;
 ; End of false expr.
    %blend;
T_2.10;
    %assign/vec4 v0x564cd140a3f0_0, 0;
    %jmp T_2.6;
T_2.5 ;
    %pushi/vec4 0, 0, 2;
    %assign/vec4 v0x564cd140a3f0_0, 0;
    %jmp T_2.6;
T_2.6 ;
    %pop/vec4 1;
T_2.1 ;
    %jmp T_2;
    .thread T_2;
    .scope S_0x564cd142d410;
T_3 ;
    %wait E_0x564cd13c49e0;
    %pushi/vec4 8, 0, 4;
    %store/vec4 v0x564cd142d860_0, 0, 4;
    %pushi/vec4 8, 0, 32;
    %store/vec4 v0x564cd142da40_0, 0, 32;
T_3.0 ; Top of for-loop
    %load/vec4 v0x564cd142da40_0;
    %cmpi/s 1, 0, 32;
    %flag_inv 5; GE is !LT
	  %jmp/0xz T_3.1, 5;
    %load/vec4 v0x564cd142d960_0;
    %load/vec4 v0x564cd142da40_0;
    %part/s 1;
    %flag_set/vec4 8;
    %jmp/0xz  T_3.3, 8;
    %load/vec4 v0x564cd142da40_0;
    %pad/s 4;
    %store/vec4 v0x564cd142d860_0, 0, 4;
T_3.3 ;
T_3.2 ; for-loop step statement
    %load/vec4 v0x564cd142da40_0;
    %subi 1, 0, 32;
    %store/vec4 v0x564cd142da40_0, 0, 32;
    %jmp T_3.0;
T_3.1 ; for-loop exit label
    %jmp T_3;
    .thread T_3, $push;
    .scope S_0x564cd142db60;
T_4 ;
    %wait E_0x564cd13c5090;
    %load/vec4 v0x564cd142dfb0_0;
    %store/vec4 v0x564cd142e090_0, 0, 9;
    %pushi/vec4 0, 0, 32;
    %store/vec4 v0x564cd142e150_0, 0, 32;
T_4.0 ; Top of for-loop
    %load/vec4 v0x564cd142e150_0;
    %cmpi/s 4, 0, 32;
	  %jmp/0xz T_4.1, 5;
    %load/vec4 v0x564cd142deb0_0;
    %load/vec4 v0x564cd142e150_0;
    %part/s 1;
    %flag_set/vec4 8;
    %jmp/0xz  T_4.3, 8;
    %load/vec4 v0x564cd142e090_0;
    %pushi/vec4 1, 0, 32;
    %load/vec4 v0x564cd142e150_0;
    %ix/vec4 5;
    %shiftl 5;
    %ix/vec4 4;
    %shiftr/s 4;
    %store/vec4 v0x564cd142e090_0, 0, 9;
T_4.3 ;
T_4.2 ; for-loop step statement
    %load/vec4 v0x564cd142e150_0;
    %addi 1, 0, 32;
    %store/vec4 v0x564cd142e150_0, 0, 32;
    %jmp T_4.0;
T_4.1 ; for-loop exit label
    %jmp T_4;
    .thread T_4, $push;
    .scope S_0x564cd142e2b0;
T_5 ;
    %wait E_0x564cd13c4130;
    %load/vec4 v0x564cd142e840_0;
    %store/vec4 v0x564cd142e920_0, 0, 18;
    %pushi/vec4 0, 0, 32;
    %store/vec4 v0x564cd142e9e0_0, 0, 32;
T_5.0 ; Top of for-loop
    %load/vec4 v0x564cd142e9e0_0;
    %cmpi/s 5, 0, 32;
	  %jmp/0xz T_5.1, 5;
    %load/vec4 v0x564cd142e740_0;
    %load/vec4 v0x564cd142e9e0_0;
    %part/s 1;
    %flag_set/vec4 8;
    %jmp/0xz  T_5.3, 8;
    %load/vec4 v0x564cd142e920_0;
    %pushi/vec4 1, 0, 32;
    %load/vec4 v0x564cd142e9e0_0;
    %ix/vec4 5;
    %shiftl 5;
    %ix/vec4 4;
    %shiftr/s 4;
    %store/vec4 v0x564cd142e920_0, 0, 18;
T_5.3 ;
T_5.2 ; for-loop step statement
    %load/vec4 v0x564cd142e9e0_0;
    %addi 1, 0, 32;
    %store/vec4 v0x564cd142e9e0_0, 0, 32;
    %jmp T_5.0;
T_5.1 ; for-loop exit label
    %jmp T_5;
    .thread T_5, $push;
    .scope S_0x564cd142cfc0;
T_6 ;
    %wait E_0x564cd13c4580;
    %load/vec4 v0x564cd142fca0_0;
    %nor/r;
    %flag_set/vec4 8;
    %jmp/0xz  T_6.0, 8;
    %pushi/vec4 0, 0, 9;
    %assign/vec4 v0x564cd142eb40_0, 0;
    %pushi/vec4 0, 0, 8;
    %assign/vec4 v0x564cd142f950_0, 0;
    %pushi/vec4 0, 0, 1;
    %assign/vec4 v0x564cd142fa30_0, 0;
    %pushi/vec4 0, 0, 8;
    %assign/vec4 v0x564cd142f530_0, 0;
    %pushi/vec4 0, 0, 4;
    %assign/vec4 v0x564cd142fbe0_0, 0;
    %pushi/vec4 0, 0, 8;
    %assign/vec4 v0x564cd142ed00_0, 0;
    %jmp T_6.1;
T_6.0 ;
    %load/vec4 v0x564cd142f460_0;
    %flag_set/vec4 8;
    %jmp/0xz  T_6.2, 8;
    %pushi/vec4 0, 0, 9;
    %assign/vec4 v0x564cd142eb40_0, 0;
    %load/vec4 v0x564cd142f790_0;
    %assign/vec4 v0x564cd142f950_0, 0;
    %pushi/vec4 0, 0, 1;
    %assign/vec4 v0x564cd142fa30_0, 0;
    %load/vec4 v0x564cd142f6b0_0;
    %assign/vec4 v0x564cd142f530_0, 0;
    %pushi/vec4 8, 0, 4;
    %assign/vec4 v0x564cd142fbe0_0, 0;
    %load/vec4 v0x564cd142edf0_0;
    %assign/vec4 v0x564cd142ed00_0, 0;
    %jmp T_6.3;
T_6.2 ;
    %load/vec4 v0x564cd142fe40_0;
    %flag_set/vec4 8;
    %jmp/0xz  T_6.4, 8;
    %load/vec4 v0x564cd142fd70_0;
    %split/vec4 1;
    %assign/vec4 v0x564cd142fa30_0, 0;
    %split/vec4 8;
    %assign/vec4 v0x564cd142f950_0, 0;
    %assign/vec4 v0x564cd142eb40_0, 0;
    %load/vec4 v0x564cd142fbe0_0;
    %load/vec4 v0x564cd142f0b0_0;
    %sub;
    %assign/vec4 v0x564cd142fbe0_0, 0;
    %load/vec4 v0x564cd142eed0_0;
    %parti/s 8, 0, 2;
    %assign/vec4 v0x564cd142ed00_0, 0;
T_6.4 ;
T_6.3 ;
T_6.1 ;
    %jmp T_6;
    .thread T_6;
    .scope S_0x564cd140f200;
T_7 ;
    %pushi/vec4 0, 0, 1;
    %store/vec4 v0x564cd1431a90_0, 0, 1;
    %end;
    .thread T_7;
    .scope S_0x564cd140f200;
T_8 ;
    %delay 5000, 0;
    %load/vec4 v0x564cd1431a90_0;
    %inv;
    %store/vec4 v0x564cd1431a90_0, 0, 1;
    %jmp T_8;
    .thread T_8;
    .scope S_0x564cd140f200;
T_9 ;
    %wait E_0x564cd13d78f0;
    %load/vec4 v0x564cd1431500_0;
    %flag_set/vec4 8;
    %jmp/0xz  T_9.0, 8;
    %load/vec4 v0x564cd14324e0_0;
    %addi 1, 0, 32;
    %store/vec4 v0x564cd14324e0_0, 0, 32;
T_9.0 ;
    %jmp T_9;
    .thread T_9;
    .scope S_0x564cd140f200;
T_10 ;
    %pushi/vec4 0, 0, 32;
    %store/vec4 v0x564cd1431c60_0, 0, 32;
    %pushi/vec4 0, 0, 32;
    %store/vec4 v0x564cd14325c0_0, 0, 32;
    %pushi/vec4 0, 0, 32;
    %store/vec4 v0x564cd1432790_0, 0, 32;
    %pushi/vec4 0, 0, 32;
    %store/vec4 v0x564cd1431f10_0, 0, 32;
    %pushi/vec4 1000, 0, 32;
    %store/vec4 v0x564cd1431ff0_0, 0, 32;
    %pushi/vec4 0, 0, 32;
    %store/vec4 v0x564cd14324e0_0, 0, 32;
    %vpi_call 2 114 "$dumpfile", "booth_multiplier_tb.vcd" {0 0 0};
    %vpi_call 2 115 "$dumpvars", 32'sb00000000000000000000000000000000, S_0x564cd140f200 {0 0 0};
    %pushi/vec4 0, 0, 1;
    %store/vec4 v0x564cd14326a0_0, 0, 1;
    %pushi/vec4 0, 0, 8;
    %store/vec4 v0x564cd14320d0_0, 0, 8;
    %pushi/vec4 0, 0, 8;
    %store/vec4 v0x564cd14321e0_0, 0, 8;
    %pushi/vec4 0, 0, 1;
    %store/vec4 v0x564cd1432440_0, 0, 1;
    %pushi/vec4 2, 0, 32;
T_10.0 %dup/vec4;
    %cmpi/s 0, 0, 32;
    %jmp/1xz T_10.1, 5;
    %jmp/1 T_10.1, 4;
    %subi 1, 0, 32;
    %wait E_0x564cd13c3fe0;
    %jmp T_10.0;
T_10.1 ;
    %pop/vec4 1;
    %pushi/vec4 1, 0, 1;
    %store/vec4 v0x564cd1432440_0, 0, 1;
    %wait E_0x564cd13c3fe0;
    %vpi_call 2 127 "$display", "\000" {0 0 0};
    %vpi_call 2 128 "$display", "--- directed cases ---" {0 0 0};
    %pushi/vec4 0, 0, 8;
    %store/vec4 v0x564cd14317e0_0, 0, 8;
    %pushi/vec4 0, 0, 8;
    %store/vec4 v0x564cd14318c0_0, 0, 8;
    %pushi/vec4 0, 0, 32; draw_string_vec4
    %pushi/vec4 0, 0, 32; draw_string_vec4
    %concat/vec4; draw_string_vec4
    %pushi/vec4 0, 0, 32; draw_string_vec4
    %concat/vec4; draw_string_vec4
    %pushi/vec4 0, 0, 32; draw_string_vec4
    %concat/vec4; draw_string_vec4
    %pushi/vec4 0, 0, 32; draw_string_vec4
    %concat/vec4; draw_string_vec4
    %pushi/vec4 0, 0, 32; draw_string_vec4
    %concat/vec4; draw_string_vec4
    %pushi/vec4 0, 0, 32; draw_string_vec4
    %concat/vec4; draw_string_vec4
    %pushi/vec4 0, 0, 32; draw_string_vec4
    %concat/vec4; draw_string_vec4
    %pushi/vec4 0, 0, 32; draw_string_vec4
    %concat/vec4; draw_string_vec4
    %pushi/vec4 0, 0, 32; draw_string_vec4
    %concat/vec4; draw_string_vec4
    %pushi/vec4 2053468783, 0, 32; draw_string_vec4
    %concat/vec4; draw_string_vec4
    %store/vec4 v0x564cd14319a0_0, 0, 352;
    %fork TD_booth_multiplier_tb.show_mul, S_0x564cd1431600;
    %join;
    %pushi/vec4 0, 0, 8;
    %store/vec4 v0x564cd14317e0_0, 0, 8;
    %pushi/vec4 128, 0, 8;
    %store/vec4 v0x564cd14318c0_0, 0, 8;
    %pushi/vec4 0, 0, 32; draw_string_vec4
    %pushi/vec4 0, 0, 32; draw_string_vec4
    %concat/vec4; draw_string_vec4
    %pushi/vec4 0, 0, 32; draw_string_vec4
    %concat/vec4; draw_string_vec4
    %pushi/vec4 0, 0, 32; draw_string_vec4
    %concat/vec4; draw_string_vec4
    %pushi/vec4 0, 0, 32; draw_string_vec4
    %concat/vec4; draw_string_vec4
    %pushi/vec4 0, 0, 32; draw_string_vec4
    %concat/vec4; draw_string_vec4
    %pushi/vec4 0, 0, 32; draw_string_vec4
    %concat/vec4; draw_string_vec4
    %pushi/vec4 0, 0, 32; draw_string_vec4
    %concat/vec4; draw_string_vec4
    %pushi/vec4 31333, 0, 32; draw_string_vec4
    %concat/vec4; draw_string_vec4
    %pushi/vec4 1919885432, 0, 32; draw_string_vec4
    %concat/vec4; draw_string_vec4
    %pushi/vec4 544041326, 0, 32; draw_string_vec4
    %concat/vec4; draw_string_vec4
    %store/vec4 v0x564cd14319a0_0, 0, 352;
    %fork TD_booth_multiplier_tb.show_mul, S_0x564cd1431600;
    %join;
    %pushi/vec4 1, 0, 8;
    %store/vec4 v0x564cd14317e0_0, 0, 8;
    %pushi/vec4 1, 0, 8;
    %store/vec4 v0x564cd14318c0_0, 0, 8;
    %pushi/vec4 0, 0, 32; draw_string_vec4
    %pushi/vec4 0, 0, 32; draw_string_vec4
    %concat/vec4; draw_string_vec4
    %pushi/vec4 0, 0, 32; draw_string_vec4
    %concat/vec4; draw_string_vec4
    %pushi/vec4 0, 0, 32; draw_string_vec4
    %concat/vec4; draw_string_vec4
    %pushi/vec4 0, 0, 32; draw_string_vec4
    %concat/vec4; draw_string_vec4
    %pushi/vec4 0, 0, 32; draw_string_vec4
    %concat/vec4; draw_string_vec4
    %pushi/vec4 0, 0, 32; draw_string_vec4
    %concat/vec4; draw_string_vec4
    %pushi/vec4 0, 0, 32; draw_string_vec4
    %concat/vec4; draw_string_vec4
    %pushi/vec4 0, 0, 32; draw_string_vec4
    %concat/vec4; draw_string_vec4
    %pushi/vec4 0, 0, 32; draw_string_vec4
    %concat/vec4; draw_string_vec4
    %pushi/vec4 7302757, 0, 32; draw_string_vec4
    %concat/vec4; draw_string_vec4
    %store/vec4 v0x564cd14319a0_0, 0, 352;
    %fork TD_booth_multiplier_tb.show_mul, S_0x564cd1431600;
    %join;
    %pushi/vec4 255, 0, 8;
    %store/vec4 v0x564cd14317e0_0, 0, 8;
    %pushi/vec4 255, 0, 8;
    %store/vec4 v0x564cd14318c0_0, 0, 8;
    %pushi/vec4 0, 0, 32; draw_string_vec4
    %pushi/vec4 0, 0, 32; draw_string_vec4
    %concat/vec4; draw_string_vec4
    %pushi/vec4 0, 0, 32; draw_string_vec4
    %concat/vec4; draw_string_vec4
    %pushi/vec4 0, 0, 32; draw_string_vec4
    %concat/vec4; draw_string_vec4
    %pushi/vec4 0, 0, 32; draw_string_vec4
    %concat/vec4; draw_string_vec4
    %pushi/vec4 0, 0, 32; draw_string_vec4
    %concat/vec4; draw_string_vec4
    %pushi/vec4 0, 0, 32; draw_string_vec4
    %concat/vec4; draw_string_vec4
    %pushi/vec4 0, 0, 32; draw_string_vec4
    %concat/vec4; draw_string_vec4
    %pushi/vec4 0, 0, 32; draw_string_vec4
    %concat/vec4; draw_string_vec4
    %pushi/vec4 2961696, 0, 32; draw_string_vec4
    %concat/vec4; draw_string_vec4
    %pushi/vec4 2015374641, 0, 32; draw_string_vec4
    %concat/vec4; draw_string_vec4
    %store/vec4 v0x564cd14319a0_0, 0, 352;
    %fork TD_booth_multiplier_tb.show_mul, S_0x564cd1431600;
    %join;
    %pushi/vec4 3, 0, 8;
    %store/vec4 v0x564cd14317e0_0, 0, 8;
    %pushi/vec4 5, 0, 8;
    %store/vec4 v0x564cd14318c0_0, 0, 8;
    %pushi/vec4 0, 0, 32; draw_string_vec4
    %pushi/vec4 0, 0, 32; draw_string_vec4
    %concat/vec4; draw_string_vec4
    %pushi/vec4 0, 0, 32; draw_string_vec4
    %concat/vec4; draw_string_vec4
    %pushi/vec4 0, 0, 32; draw_string_vec4
    %concat/vec4; draw_string_vec4
    %pushi/vec4 0, 0, 32; draw_string_vec4
    %concat/vec4; draw_string_vec4
    %pushi/vec4 0, 0, 32; draw_string_vec4
    %concat/vec4; draw_string_vec4
    %pushi/vec4 0, 0, 32; draw_string_vec4
    %concat/vec4; draw_string_vec4
    %pushi/vec4 29549, 0, 32; draw_string_vec4
    %concat/vec4; draw_string_vec4
    %pushi/vec4 1634495520, 0, 32; draw_string_vec4
    %concat/vec4; draw_string_vec4
    %pushi/vec4 1886352233, 0, 32; draw_string_vec4
    %concat/vec4; draw_string_vec4
    %pushi/vec4 1953068645, 0, 32; draw_string_vec4
    %concat/vec4; draw_string_vec4
    %store/vec4 v0x564cd14319a0_0, 0, 352;
    %fork TD_booth_multiplier_tb.show_mul, S_0x564cd1431600;
    %join;
    %pushi/vec4 253, 0, 8;
    %store/vec4 v0x564cd14317e0_0, 0, 8;
    %pushi/vec4 5, 0, 8;
    %store/vec4 v0x564cd14318c0_0, 0, 8;
    %pushi/vec4 0, 0, 32; draw_string_vec4
    %pushi/vec4 0, 0, 32; draw_string_vec4
    %concat/vec4; draw_string_vec4
    %pushi/vec4 0, 0, 32; draw_string_vec4
    %concat/vec4; draw_string_vec4
    %pushi/vec4 0, 0, 32; draw_string_vec4
    %concat/vec4; draw_string_vec4
    %pushi/vec4 0, 0, 32; draw_string_vec4
    %concat/vec4; draw_string_vec4
    %pushi/vec4 0, 0, 32; draw_string_vec4
    %concat/vec4; draw_string_vec4
    %pushi/vec4 7234919, 0, 32; draw_string_vec4
    %concat/vec4; draw_string_vec4
    %pushi/vec4 1635019126, 0, 32; draw_string_vec4
    %concat/vec4; draw_string_vec4
    %pushi/vec4 1696626720, 0, 32; draw_string_vec4
    %concat/vec4; draw_string_vec4
    %pushi/vec4 1886352233, 0, 32; draw_string_vec4
    %concat/vec4; draw_string_vec4
    %pushi/vec4 1953068645, 0, 32; draw_string_vec4
    %concat/vec4; draw_string_vec4
    %store/vec4 v0x564cd14319a0_0, 0, 352;
    %fork TD_booth_multiplier_tb.show_mul, S_0x564cd1431600;
    %join;
    %pushi/vec4 3, 0, 8;
    %store/vec4 v0x564cd14317e0_0, 0, 8;
    %pushi/vec4 251, 0, 8;
    %store/vec4 v0x564cd14318c0_0, 0, 8;
    %pushi/vec4 0, 0, 32; draw_string_vec4
    %pushi/vec4 0, 0, 32; draw_string_vec4
    %concat/vec4; draw_string_vec4
    %pushi/vec4 0, 0, 32; draw_string_vec4
    %concat/vec4; draw_string_vec4
    %pushi/vec4 0, 0, 32; draw_string_vec4
    %concat/vec4; draw_string_vec4
    %pushi/vec4 0, 0, 32; draw_string_vec4
    %concat/vec4; draw_string_vec4
    %pushi/vec4 0, 0, 32; draw_string_vec4
    %concat/vec4; draw_string_vec4
    %pushi/vec4 7368563, 0, 32; draw_string_vec4
    %concat/vec4; draw_string_vec4
    %pushi/vec4 1769236854, 0, 32; draw_string_vec4
    %concat/vec4; draw_string_vec4
    %pushi/vec4 1696626720, 0, 32; draw_string_vec4
    %concat/vec4; draw_string_vec4
    %pushi/vec4 1852139361, 0, 32; draw_string_vec4
    %concat/vec4; draw_string_vec4
    %pushi/vec4 1953068645, 0, 32; draw_string_vec4
    %concat/vec4; draw_string_vec4
    %store/vec4 v0x564cd14319a0_0, 0, 352;
    %fork TD_booth_multiplier_tb.show_mul, S_0x564cd1431600;
    %join;
    %pushi/vec4 253, 0, 8;
    %store/vec4 v0x564cd14317e0_0, 0, 8;
    %pushi/vec4 251, 0, 8;
    %store/vec4 v0x564cd14318c0_0, 0, 8;
    %pushi/vec4 0, 0, 32; draw_string_vec4
    %pushi/vec4 0, 0, 32; draw_string_vec4
    %concat/vec4; draw_string_vec4
    %pushi/vec4 0, 0, 32; draw_string_vec4
    %concat/vec4; draw_string_vec4
    %pushi/vec4 0, 0, 32; draw_string_vec4
    %concat/vec4; draw_string_vec4
    %pushi/vec4 0, 0, 32; draw_string_vec4
    %concat/vec4; draw_string_vec4
    %pushi/vec4 0, 0, 32; draw_string_vec4
    %concat/vec4; draw_string_vec4
    %pushi/vec4 7234919, 0, 32; draw_string_vec4
    %concat/vec4; draw_string_vec4
    %pushi/vec4 1635019126, 0, 32; draw_string_vec4
    %concat/vec4; draw_string_vec4
    %pushi/vec4 1696626720, 0, 32; draw_string_vec4
    %concat/vec4; draw_string_vec4
    %pushi/vec4 1852139361, 0, 32; draw_string_vec4
    %concat/vec4; draw_string_vec4
    %pushi/vec4 1953068645, 0, 32; draw_string_vec4
    %concat/vec4; draw_string_vec4
    %store/vec4 v0x564cd14319a0_0, 0, 352;
    %fork TD_booth_multiplier_tb.show_mul, S_0x564cd1431600;
    %join;
    %pushi/vec4 3, 0, 8;
    %store/vec4 v0x564cd14317e0_0, 0, 8;
    %pushi/vec4 7, 0, 8;
    %store/vec4 v0x564cd14318c0_0, 0, 8;
    %pushi/vec4 0, 0, 32; draw_string_vec4
    %pushi/vec4 0, 0, 32; draw_string_vec4
    %concat/vec4; draw_string_vec4
    %pushi/vec4 0, 0, 32; draw_string_vec4
    %concat/vec4; draw_string_vec4
    %pushi/vec4 0, 0, 32; draw_string_vec4
    %concat/vec4; draw_string_vec4
    %pushi/vec4 0, 0, 32; draw_string_vec4
    %concat/vec4; draw_string_vec4
    %pushi/vec4 0, 0, 32; draw_string_vec4
    %concat/vec4; draw_string_vec4
    %pushi/vec4 0, 0, 32; draw_string_vec4
    %concat/vec4; draw_string_vec4
    %pushi/vec4 1920298528, 0, 32; draw_string_vec4
    %concat/vec4; draw_string_vec4
    %pushi/vec4 1868963951, 0, 32; draw_string_vec4
    %concat/vec4; draw_string_vec4
    %pushi/vec4 1852142368, 0, 32; draw_string_vec4
    %concat/vec4; draw_string_vec4
    %pushi/vec4 1768824913, 0, 32; draw_string_vec4
    %concat/vec4; draw_string_vec4
    %store/vec4 v0x564cd14319a0_0, 0, 352;
    %fork TD_booth_multiplier_tb.show_mul, S_0x564cd1431600;
    %join;
    %pushi/vec4 128, 0, 8;
    %store/vec4 v0x564cd14317e0_0, 0, 8;
    %pushi/vec4 2, 0, 8;
    %store/vec4 v0x564cd14318c0_0, 0, 8;
    %pushi/vec4 0, 0, 32; draw_string_vec4
    %pushi/vec4 7170414, 0, 32; draw_string_vec4
    %concat/vec4; draw_string_vec4
    %pushi/vec4 544743474, 0, 32; draw_string_vec4
    %concat/vec4; draw_string_vec4
    %pushi/vec4 975204214, 0, 32; draw_string_vec4
    %concat/vec4; draw_string_vec4
    %pushi/vec4 1701996140, 0, 32; draw_string_vec4
    %concat/vec4; draw_string_vec4
    %pushi/vec4 1870099232, 0, 32; draw_string_vec4
    %concat/vec4; draw_string_vec4
    %pushi/vec4 1634607182, 0, 32; draw_string_vec4
    %concat/vec4; draw_string_vec4
    %pushi/vec4 761424244, 0, 32; draw_string_vec4
    %concat/vec4; draw_string_vec4
    %pushi/vec4 543253347, 0, 32; draw_string_vec4
    %concat/vec4; draw_string_vec4
    %pushi/vec4 1970107756, 0, 32; draw_string_vec4
    %concat/vec4; draw_string_vec4
    %pushi/vec4 1635020658, 0, 32; draw_string_vec4
    %concat/vec4; draw_string_vec4
    %store/vec4 v0x564cd14319a0_0, 0, 352;
    %fork TD_booth_multiplier_tb.show_mul, S_0x564cd1431600;
    %join;
    %pushi/vec4 128, 0, 8;
    %store/vec4 v0x564cd14317e0_0, 0, 8;
    %pushi/vec4 128, 0, 8;
    %store/vec4 v0x564cd14318c0_0, 0, 8;
    %pushi/vec4 0, 0, 32; draw_string_vec4
    %pushi/vec4 0, 0, 32; draw_string_vec4
    %concat/vec4; draw_string_vec4
    %pushi/vec4 0, 0, 32; draw_string_vec4
    %concat/vec4; draw_string_vec4
    %pushi/vec4 0, 0, 32; draw_string_vec4
    %concat/vec4; draw_string_vec4
    %pushi/vec4 28009, 0, 32; draw_string_vec4
    %concat/vec4; draw_string_vec4
    %pushi/vec4 1847621664, 0, 32; draw_string_vec4
    %concat/vec4; draw_string_vec4
    %pushi/vec4 1835626042, 0, 32; draw_string_vec4
    %concat/vec4; draw_string_vec4
    %pushi/vec4 543973746, 0, 32; draw_string_vec4
    %concat/vec4; draw_string_vec4
    %pushi/vec4 1734701940, 0, 32; draw_string_vec4
    %concat/vec4; draw_string_vec4
    %pushi/vec4 544240239, 0, 32; draw_string_vec4
    %concat/vec4; draw_string_vec4
    %pushi/vec4 1685414772, 0, 32; draw_string_vec4
    %concat/vec4; draw_string_vec4
    %store/vec4 v0x564cd14319a0_0, 0, 352;
    %fork TD_booth_multiplier_tb.show_mul, S_0x564cd1431600;
    %join;
    %pushi/vec4 127, 0, 8;
    %store/vec4 v0x564cd14317e0_0, 0, 8;
    %pushi/vec4 127, 0, 8;
    %store/vec4 v0x564cd14318c0_0, 0, 8;
    %pushi/vec4 0, 0, 32; draw_string_vec4
    %pushi/vec4 0, 0, 32; draw_string_vec4
    %concat/vec4; draw_string_vec4
    %pushi/vec4 0, 0, 32; draw_string_vec4
    %concat/vec4; draw_string_vec4
    %pushi/vec4 0, 0, 32; draw_string_vec4
    %concat/vec4; draw_string_vec4
    %pushi/vec4 0, 0, 32; draw_string_vec4
    %concat/vec4; draw_string_vec4
    %pushi/vec4 0, 0, 32; draw_string_vec4
    %concat/vec4; draw_string_vec4
    %pushi/vec4 0, 0, 32; draw_string_vec4
    %concat/vec4; draw_string_vec4
    %pushi/vec4 0, 0, 32; draw_string_vec4
    %concat/vec4; draw_string_vec4
    %pushi/vec4 109, 0, 32; draw_string_vec4
    %concat/vec4; draw_string_vec4
    %pushi/vec4 1635262584, 0, 32; draw_string_vec4
    %concat/vec4; draw_string_vec4
    %pushi/vec4 544039288, 0, 32; draw_string_vec4
    %concat/vec4; draw_string_vec4
    %store/vec4 v0x564cd14319a0_0, 0, 352;
    %fork TD_booth_multiplier_tb.show_mul, S_0x564cd1431600;
    %join;
    %pushi/vec4 128, 0, 8;
    %store/vec4 v0x564cd14317e0_0, 0, 8;
    %pushi/vec4 127, 0, 8;
    %store/vec4 v0x564cd14318c0_0, 0, 8;
    %pushi/vec4 0, 0, 32; draw_string_vec4
    %pushi/vec4 0, 0, 32; draw_string_vec4
    %concat/vec4; draw_string_vec4
    %pushi/vec4 0, 0, 32; draw_string_vec4
    %concat/vec4; draw_string_vec4
    %pushi/vec4 0, 0, 32; draw_string_vec4
    %concat/vec4; draw_string_vec4
    %pushi/vec4 0, 0, 32; draw_string_vec4
    %concat/vec4; draw_string_vec4
    %pushi/vec4 0, 0, 32; draw_string_vec4
    %concat/vec4; draw_string_vec4
    %pushi/vec4 0, 0, 32; draw_string_vec4
    %concat/vec4; draw_string_vec4
    %pushi/vec4 0, 0, 32; draw_string_vec4
    %concat/vec4; draw_string_vec4
    %pushi/vec4 109, 0, 32; draw_string_vec4
    %concat/vec4; draw_string_vec4
    %pushi/vec4 1768824952, 0, 32; draw_string_vec4
    %concat/vec4; draw_string_vec4
    %pushi/vec4 544039288, 0, 32; draw_string_vec4
    %concat/vec4; draw_string_vec4
    %store/vec4 v0x564cd14319a0_0, 0, 352;
    %fork TD_booth_multiplier_tb.show_mul, S_0x564cd1431600;
    %join;
    %pushi/vec4 85, 0, 8;
    %store/vec4 v0x564cd14317e0_0, 0, 8;
    %pushi/vec4 170, 0, 8;
    %store/vec4 v0x564cd14318c0_0, 0, 8;
    %pushi/vec4 0, 0, 32; draw_string_vec4
    %pushi/vec4 0, 0, 32; draw_string_vec4
    %concat/vec4; draw_string_vec4
    %pushi/vec4 0, 0, 32; draw_string_vec4
    %concat/vec4; draw_string_vec4
    %pushi/vec4 0, 0, 32; draw_string_vec4
    %concat/vec4; draw_string_vec4
    %pushi/vec4 1634497637, 0, 32; draw_string_vec4
    %concat/vec4; draw_string_vec4
    %pushi/vec4 1919836532, 0, 32; draw_string_vec4
    %concat/vec4; draw_string_vec4
    %pushi/vec4 1768843040, 0, 32; draw_string_vec4
    %concat/vec4; draw_string_vec4
    %pushi/vec4 1651078259, 0, 32; draw_string_vec4
    %concat/vec4; draw_string_vec4
    %pushi/vec4 975206255, 0, 32; draw_string_vec4
    %concat/vec4; draw_string_vec4
    %pushi/vec4 1920168992, 0, 32; draw_string_vec4
    %concat/vec4; draw_string_vec4
    %pushi/vec4 1667330917, 0, 32; draw_string_vec4
    %concat/vec4; draw_string_vec4
    %store/vec4 v0x564cd14319a0_0, 0, 352;
    %fork TD_booth_multiplier_tb.show_mul, S_0x564cd1431600;
    %join;
    %pushi/vec4 5, 0, 8;
    %store/vec4 v0x564cd14317e0_0, 0, 8;
    %pushi/vec4 255, 0, 8;
    %store/vec4 v0x564cd14318c0_0, 0, 8;
    %pushi/vec4 0, 0, 32; draw_string_vec4
    %pushi/vec4 0, 0, 32; draw_string_vec4
    %concat/vec4; draw_string_vec4
    %pushi/vec4 0, 0, 32; draw_string_vec4
    %concat/vec4; draw_string_vec4
    %pushi/vec4 24940, 0, 32; draw_string_vec4
    %concat/vec4; draw_string_vec4
    %pushi/vec4 1814065006, 0, 32; draw_string_vec4
    %concat/vec4; draw_string_vec4
    %pushi/vec4 1702043757, 0, 32; draw_string_vec4
    %concat/vec4; draw_string_vec4
    %pushi/vec4 1970041961, 0, 32; draw_string_vec4
    %concat/vec4; draw_string_vec4
    %pushi/vec4 1886153061, 0, 32; draw_string_vec4
    %concat/vec4; draw_string_vec4
    %pushi/vec4 1916412002, 0, 32; draw_string_vec4
    %concat/vec4; draw_string_vec4
    %pushi/vec4 1702065184, 0, 32; draw_string_vec4
    %concat/vec4; draw_string_vec4
    %pushi/vec4 1667330917, 0, 32; draw_string_vec4
    %concat/vec4; draw_string_vec4
    %store/vec4 v0x564cd14319a0_0, 0, 352;
    %fork TD_booth_multiplier_tb.show_mul, S_0x564cd1431600;
    %join;
    %load/vec4 v0x564cd1431c60_0;
    %cmpi/e 0, 0, 32;
    %jmp/0xz  T_10.2, 4;
    %vpi_call 2 146 "$display", "  directed cases clean" {0 0 0};
T_10.2 ;
    %vpi_call 2 149 "$dumpoff" {0 0 0};
    %vpi_call 2 150 "$display", "\000" {0 0 0};
    %vpi_call 2 151 "$display", "--- exhaustive: all %0d signed operand pairs ---", 32'sb00000000000000010000000000000000 {0 0 0};
    %pushi/vec4 0, 0, 32;
    %store/vec4 v0x564cd14325c0_0, 0, 32;
    %pushi/vec4 0, 0, 32;
    %store/vec4 v0x564cd1432790_0, 0, 32;
    %pushi/vec4 0, 0, 32;
    %store/vec4 v0x564cd1431f10_0, 0, 32;
    %pushi/vec4 1000, 0, 32;
    %store/vec4 v0x564cd1431ff0_0, 0, 32;
    %pushi/vec4 0, 0, 32;
    %store/vec4 v0x564cd1432870_0, 0, 32;
T_10.4 ; Top of for-loop
    %load/vec4 v0x564cd1432870_0;
    %cmpi/s 256, 0, 32;
	  %jmp/0xz T_10.5, 5;
    %pushi/vec4 0, 0, 32;
    %store/vec4 v0x564cd1432950_0, 0, 32;
T_10.7 ; Top of for-loop
    %load/vec4 v0x564cd1432950_0;
    %cmpi/s 256, 0, 32;
	  %jmp/0xz T_10.8, 5;
    %load/vec4 v0x564cd1432870_0;
    %parti/s 8, 0, 2;
    %store/vec4 v0x564cd13df0b0_0, 0, 8;
    %load/vec4 v0x564cd1432950_0;
    %parti/s 8, 0, 2;
    %store/vec4 v0x564cd13e1e00_0, 0, 8;
    %fork TD_booth_multiplier_tb.do_mul, S_0x564cd13d6d80;
    %join;
T_10.9 ; for-loop step statement
    %load/vec4 v0x564cd1432950_0;
    %addi 1, 0, 32;
    %store/vec4 v0x564cd1432950_0, 0, 32;
    %jmp T_10.7;
T_10.8 ; for-loop exit label
T_10.6 ; for-loop step statement
    %load/vec4 v0x564cd1432870_0;
    %addi 1, 0, 32;
    %store/vec4 v0x564cd1432870_0, 0, 32;
    %jmp T_10.4;
T_10.5 ; for-loop exit label
    %vpi_call 2 162 "$display", "  %0d products checked against Verilog signed multiply", v0x564cd14325c0_0 {0 0 0};
    %vpi_call 2 163 "$display", "\000" {0 0 0};
    %vpi_call 2 164 "$display", "--- cycle cost per multiply (CALC steps only) ---" {0 0 0};
    %vpi_call 2 165 "$display", "  plain shift-and-add / 1-bit Booth: %0d steps always", P_0x564cd1401a10 {0 0 0};
    %load/vec4 v0x564cd1432790_0;
    %cvt/rv/s;
    %pushi/real 1073741824, 4066; load=1.00000
    %mul/wr;
    %load/vec4 v0x564cd14325c0_0;
    %cvt/rv;
    %div/wr;
    %load/vec4 v0x564cd1432790_0;
    %cvt/rv/s;
    %pushi/real 1677721600, 4072; load=100.000
    %mul/wr;
    %load/vec4 v0x564cd14325c0_0;
    %muli 8, 0, 32;
    %cvt/rv;
    %div/wr;
    %vpi_call 2 166 "$display", "  this design: min %0d, max %0d, average %0.2f  (%0.1f%% of it)", v0x564cd1431ff0_0, v0x564cd1431f10_0, W<1,r>, W<0,r> {0 2 0};
    %vpi_call 2 170 "$display", "\000" {0 0 0};
    %load/vec4 v0x564cd1431c60_0;
    %cmpi/e 0, 0, 32;
    %jmp/0xz  T_10.10, 4;
    %vpi_call 2 172 "$display", "========== PASS: booth_multiplier clean ==========" {0 0 0};
    %jmp T_10.11;
T_10.10 ;
    %vpi_call 2 174 "$display", "========== FAIL: %0d error(s) ==========", v0x564cd1431c60_0 {0 0 0};
T_10.11 ;
    %vpi_call 2 175 "$finish" {0 0 0};
    %end;
    .thread T_10;
# The file index is used to find the file name in the following table.
:file_names 8;
    "N/A";
    "<interactive>";
    "booth_multiplier_tb.v";
    "booth_multiplier.v";
    "booth_control.v";
    "booth_datapath.v";
    "skip_encode.v";
    "barrel_ashr.v";
