#! /usr/bin/vvp
:ivl_version "12.0 (stable)";
:ivl_delay_selection "TYPICAL";
:vpi_time_precision - 12;
:vpi_module "/usr/lib/x86_64-linux-gnu/ivl/system.vpi";
:vpi_module "/usr/lib/x86_64-linux-gnu/ivl/vhdl_sys.vpi";
:vpi_module "/usr/lib/x86_64-linux-gnu/ivl/vhdl_textio.vpi";
:vpi_module "/usr/lib/x86_64-linux-gnu/ivl/v2005_math.vpi";
:vpi_module "/usr/lib/x86_64-linux-gnu/ivl/va_math.vpi";
:vpi_module "/usr/lib/x86_64-linux-gnu/ivl/v2009.vpi";
S_0x5aee66748950 .scope package, "$unit" "$unit" 2 1;
 .timescale 0 0;
S_0x5aee66760ac0 .scope module, "booth_multiplier_3x7_tb" "booth_multiplier_3x7_tb" 3 3;
 .timescale -9 -12;
v0x5aee66797d70_0 .var "Clk", 0 0;
v0x5aee66797e30_0 .net "Done", 0 0, L_0x5aee66798640;  1 drivers
v0x5aee66797f40_0 .var "Multiplicand", 7 0;
v0x5aee66798030_0 .var "Multiplier", 7 0;
v0x5aee66798120_0 .net "Product", 15 0, L_0x5aee6679a020;  1 drivers
v0x5aee66798280_0 .var "RstN", 0 0;
v0x5aee66798320_0 .var "Start", 0 0;
E_0x5aee6674e7d0 .event negedge, v0x5aee66774b50_0;
E_0x5aee6674f090 .event anyedge, v0x5aee66774e50_0;
S_0x5aee66760c50 .scope module, "dut" "booth_multiplier" 3 13, 4 5 0, S_0x5aee66760ac0;
 .timescale 0 0;
    .port_info 0 /INPUT 1 "Clk";
    .port_info 1 /INPUT 1 "RstN";
    .port_info 2 /INPUT 1 "Start";
    .port_info 3 /INPUT 8 "Multiplicand";
    .port_info 4 /INPUT 8 "Multiplier";
    .port_info 5 /OUTPUT 16 "Product";
    .port_info 6 /OUTPUT 1 "Done";
P_0x5aee6676eb20 .param/l "N" 0 4 8, +C4<00000000000000000000000000001000>;
v0x5aee667974e0_0 .net "Clk", 0 0, v0x5aee66797d70_0;  1 drivers
v0x5aee667975a0_0 .net "Done", 0 0, L_0x5aee66798640;  alias, 1 drivers
v0x5aee66797660_0 .net "LastStep", 0 0, L_0x5aee667998f0;  1 drivers
v0x5aee66797780_0 .net "Load", 0 0, L_0x5aee66798410;  1 drivers
v0x5aee66797870_0 .net "Multiplicand", 7 0, v0x5aee66797f40_0;  1 drivers
v0x5aee66797960_0 .net "Multiplier", 7 0, v0x5aee66798030_0;  1 drivers
v0x5aee66797a00_0 .net "Product", 15 0, L_0x5aee6679a020;  alias, 1 drivers
v0x5aee66797aa0_0 .net "RstN", 0 0, v0x5aee66798280_0;  1 drivers
v0x5aee66797b90_0 .net "Start", 0 0, v0x5aee66798320_0;  1 drivers
v0x5aee66797c30_0 .net "Step", 0 0, L_0x5aee66798500;  1 drivers
S_0x5aee66752a40 .scope module, "u_control" "booth_control" 4 22, 5 2 0, S_0x5aee66760c50;
 .timescale 0 0;
    .port_info 0 /INPUT 1 "Clk";
    .port_info 1 /INPUT 1 "RstN";
    .port_info 2 /INPUT 1 "Start";
    .port_info 3 /INPUT 1 "LastStep";
    .port_info 4 /OUTPUT 1 "Load";
    .port_info 5 /OUTPUT 1 "Step";
    .port_info 6 /OUTPUT 1 "Done";
P_0x5aee6673df00 .param/l "CALC" 1 5 12, C4<10>;
P_0x5aee6673df40 .param/l "IDLE" 1 5 12, C4<00>;
P_0x5aee6673df80 .param/l "LOAD" 1 5 12, C4<01>;
P_0x5aee6673dfc0 .param/l "REPORT" 1 5 12, C4<11>;
v0x5aee66774b50_0 .net "Clk", 0 0, v0x5aee66797d70_0;  alias, 1 drivers
v0x5aee66774e50_0 .net "Done", 0 0, L_0x5aee66798640;  alias, 1 drivers
v0x5aee667753d0_0 .net "LastStep", 0 0, L_0x5aee667998f0;  alias, 1 drivers
v0x5aee66773600_0 .net "Load", 0 0, L_0x5aee66798410;  alias, 1 drivers
v0x5aee667736a0_0 .net "RstN", 0 0, v0x5aee66798280_0;  alias, 1 drivers
v0x5aee66793040_0 .net "Start", 0 0, v0x5aee66798320_0;  alias, 1 drivers
v0x5aee66793100_0 .var "State", 1 0;
v0x5aee667931e0_0 .net "Step", 0 0, L_0x5aee66798500;  alias, 1 drivers
L_0x723c07c40018 .functor BUFT 1, C4<01>, C4<0>, C4<0>, C4<0>;
v0x5aee667932a0_0 .net/2u *"_ivl_0", 1 0, L_0x723c07c40018;  1 drivers
L_0x723c07c40060 .functor BUFT 1, C4<10>, C4<0>, C4<0>, C4<0>;
v0x5aee66793380_0 .net/2u *"_ivl_4", 1 0, L_0x723c07c40060;  1 drivers
L_0x723c07c400a8 .functor BUFT 1, C4<11>, C4<0>, C4<0>, C4<0>;
v0x5aee66793460_0 .net/2u *"_ivl_8", 1 0, L_0x723c07c400a8;  1 drivers
E_0x5aee66776880/0 .event negedge, v0x5aee667736a0_0;
E_0x5aee66776880/1 .event posedge, v0x5aee66774b50_0;
E_0x5aee66776880 .event/or E_0x5aee66776880/0, E_0x5aee66776880/1;
L_0x5aee66798410 .cmp/eq 2, v0x5aee66793100_0, L_0x723c07c40018;
L_0x5aee66798500 .cmp/eq 2, v0x5aee66793100_0, L_0x723c07c40060;
L_0x5aee66798640 .cmp/eq 2, v0x5aee66793100_0, L_0x723c07c400a8;
S_0x5aee66793620 .scope module, "u_datapath" "booth_datapath" 4 32, 6 6 0, S_0x5aee66760c50;
 .timescale 0 0;
    .port_info 0 /INPUT 1 "Clk";
    .port_info 1 /INPUT 1 "RstN";
    .port_info 2 /INPUT 1 "Load";
    .port_info 3 /INPUT 1 "Step";
    .port_info 4 /INPUT 8 "Multiplicand";
    .port_info 5 /INPUT 8 "Multiplier";
    .port_info 6 /OUTPUT 16 "Product";
    .port_info 7 /OUTPUT 1 "LastStep";
P_0x5aee667937d0 .param/l "DistW" 1 6 11, +C4<00000000000000000000000000000100>;
P_0x5aee66793810 .param/l "N" 0 6 9, +C4<00000000000000000000000000001000>;
P_0x5aee66793850 .param/l "ShiftAmountW" 1 6 12, +C4<00000000000000000000000000000101>;
L_0x5aee667749b0 .functor NOT 1, L_0x5aee66798730, C4<0>, C4<0>, C4<0>;
L_0x5aee66774cf0 .functor AND 1, L_0x5aee667749b0, v0x5aee66796160_0, C4<1>, C4<1>;
L_0x5aee66775270 .functor NOT 1, v0x5aee66796160_0, C4<0>, C4<0>, C4<0>;
L_0x5aee667734e0 .functor AND 1, L_0x5aee66798870, L_0x5aee66775270, C4<1>, C4<1>;
L_0x5aee66798d30 .functor XOR 8, v0x5aee66798030_0, L_0x5aee667992e0, C4<00000000>, C4<00000000>;
v0x5aee66795270_0 .var "A", 8 0;
v0x5aee66795350_0 .net "AOp", 8 0, L_0x5aee66799060;  1 drivers
v0x5aee66795430_0 .var "Bmap", 7 0;
v0x5aee66795520_0 .net "BmapInit", 7 0, L_0x5aee66798d30;  1 drivers
v0x5aee66795600_0 .net "BmapShifted", 8 0, v0x5aee66794810_0;  1 drivers
v0x5aee66795710_0 .net "Clk", 0 0, v0x5aee66797d70_0;  alias, 1 drivers
v0x5aee667957e0_0 .net "Dist", 3 0, L_0x5aee66799760;  1 drivers
v0x5aee667958b0_0 .net "DistWide", 4 0, L_0x5aee66799b50;  1 drivers
v0x5aee66795980_0 .net "DoAdd", 0 0, L_0x5aee66774cf0;  1 drivers
v0x5aee66795a20_0 .net "DoSub", 0 0, L_0x5aee667734e0;  1 drivers
v0x5aee66795ac0_0 .net "LastStep", 0 0, L_0x5aee667998f0;  alias, 1 drivers
v0x5aee66795b90_0 .net "Load", 0 0, L_0x5aee66798410;  alias, 1 drivers
v0x5aee66795c60_0 .var "M", 7 0;
v0x5aee66795d00_0 .net "MExt", 8 0, L_0x5aee66798b20;  1 drivers
v0x5aee66795de0_0 .net "Multiplicand", 7 0, v0x5aee66797f40_0;  alias, 1 drivers
v0x5aee66795ec0_0 .net "Multiplier", 7 0, v0x5aee66798030_0;  alias, 1 drivers
v0x5aee66795fa0_0 .net "Product", 15 0, L_0x5aee6679a020;  alias, 1 drivers
v0x5aee66796080_0 .var "Q", 7 0;
v0x5aee66796160_0 .var "Q_1", 0 0;
v0x5aee66796220_0 .net "Raw", 3 0, v0x5aee66793f50_0;  1 drivers
v0x5aee66796310_0 .var "Remaining", 3 0;
v0x5aee667963d0_0 .net "RstN", 0 0, v0x5aee66798280_0;  alias, 1 drivers
v0x5aee667964a0_0 .net "Shifted", 17 0, v0x5aee66795020_0;  1 drivers
v0x5aee66796570_0 .net "Step", 0 0, L_0x5aee66798500;  alias, 1 drivers
v0x5aee66796640_0 .net *"_ivl_1", 0 0, L_0x5aee66798730;  1 drivers
v0x5aee667966e0_0 .net *"_ivl_13", 0 0, L_0x5aee66798a80;  1 drivers
v0x5aee667967c0_0 .net *"_ivl_16", 8 0, L_0x5aee66798c90;  1 drivers
v0x5aee667968a0_0 .net *"_ivl_18", 8 0, L_0x5aee66798df0;  1 drivers
v0x5aee66796980_0 .net *"_ivl_2", 0 0, L_0x5aee667749b0;  1 drivers
v0x5aee66796a60_0 .net *"_ivl_20", 8 0, L_0x5aee66798f20;  1 drivers
v0x5aee66796b40_0 .net *"_ivl_25", 6 0, L_0x5aee66799240;  1 drivers
L_0x723c07c400f0 .functor BUFT 1, C4<0>, C4<0>, C4<0>, C4<0>;
v0x5aee66796c20_0 .net/2u *"_ivl_26", 0 0, L_0x723c07c400f0;  1 drivers
v0x5aee66796d00_0 .net *"_ivl_28", 7 0, L_0x5aee667992e0;  1 drivers
L_0x723c07c40138 .functor BUFT 1, C4<0>, C4<0>, C4<0>, C4<0>;
v0x5aee66796de0_0 .net/2u *"_ivl_32", 0 0, L_0x723c07c40138;  1 drivers
v0x5aee66796ec0_0 .net *"_ivl_36", 0 0, L_0x5aee66799600;  1 drivers
L_0x723c07c40180 .functor BUFT 1, C4<0>, C4<0>, C4<0>, C4<0>;
v0x5aee66796f80_0 .net/2u *"_ivl_42", 0 0, L_0x723c07c40180;  1 drivers
L_0x723c07c401c8 .functor BUFT 1, C4<0>, C4<0>, C4<0>, C4<0>;
v0x5aee66797060_0 .net *"_ivl_49", 0 0, L_0x723c07c401c8;  1 drivers
v0x5aee66797140_0 .net *"_ivl_53", 7 0, L_0x5aee66799e50;  1 drivers
v0x5aee66797220_0 .net *"_ivl_7", 0 0, L_0x5aee66798870;  1 drivers
v0x5aee66797300_0 .net *"_ivl_8", 0 0, L_0x5aee66775270;  1 drivers
L_0x5aee66798730 .part v0x5aee66796080_0, 0, 1;
L_0x5aee66798870 .part v0x5aee66796080_0, 0, 1;
L_0x5aee66798a80 .part v0x5aee66795c60_0, 7, 1;
L_0x5aee66798b20 .concat [ 8 1 0 0], v0x5aee66795c60_0, L_0x5aee66798a80;
L_0x5aee66798c90 .arith/sub 9, v0x5aee66795270_0, L_0x5aee66798b20;
L_0x5aee66798df0 .arith/sum 9, v0x5aee66795270_0, L_0x5aee66798b20;
L_0x5aee66798f20 .functor MUXZ 9, v0x5aee66795270_0, L_0x5aee66798df0, L_0x5aee66774cf0, C4<>;
L_0x5aee66799060 .functor MUXZ 9, L_0x5aee66798f20, L_0x5aee66798c90, L_0x5aee667734e0, C4<>;
L_0x5aee66799240 .part v0x5aee66798030_0, 0, 7;
L_0x5aee667992e0 .concat [ 1 7 0 0], L_0x723c07c400f0, L_0x5aee66799240;
L_0x5aee66799510 .concat [ 8 1 0 0], v0x5aee66795430_0, L_0x723c07c40138;
L_0x5aee66799600 .cmp/gt 4, v0x5aee66796310_0, v0x5aee66793f50_0;
L_0x5aee66799760 .functor MUXZ 4, v0x5aee66796310_0, v0x5aee66793f50_0, L_0x5aee66799600, C4<>;
L_0x5aee667998f0 .cmp/eq 4, L_0x5aee66799760, v0x5aee66796310_0;
L_0x5aee66799a10 .concat [ 8 1 0 0], v0x5aee66795430_0, L_0x723c07c40180;
L_0x5aee66799b50 .concat [ 4 1 0 0], L_0x5aee66799760, L_0x723c07c401c8;
L_0x5aee66799d60 .concat [ 1 8 9 0], v0x5aee66796160_0, v0x5aee66796080_0, L_0x5aee66799060;
L_0x5aee66799e50 .part v0x5aee66795270_0, 0, 8;
L_0x5aee6679a020 .concat [ 8 8 0 0], v0x5aee66796080_0, L_0x5aee66799e50;
S_0x5aee66793ab0 .scope module, "u_encode" "skip_encode" 6 47, 7 2 0, S_0x5aee66793620;
 .timescale 0 0;
    .port_info 0 /INPUT 9 "Map";
    .port_info 1 /OUTPUT 4 "Dist";
P_0x5aee66793c90 .param/l "DistW" 1 7 5, +C4<00000000000000000000000000000100>;
P_0x5aee66793cd0 .param/l "MapW" 0 7 4, +C4<000000000000000000000000000001001>;
P_0x5aee66793d10 .param/l "MaxSkip" 1 7 6, +C4<0000000000000000000000000000001000>;
v0x5aee66793f50_0 .var "Dist", 3 0;
v0x5aee66794050_0 .net "Map", 8 0, L_0x5aee66799510;  1 drivers
v0x5aee66794130_0 .var/i "k", 31 0;
E_0x5aee66793ed0 .event anyedge, v0x5aee66794050_0;
S_0x5aee66794280 .scope module, "u_map_shift" "barrel_ashr" 6 59, 8 2 0, S_0x5aee66793620;
 .timescale 0 0;
    .port_info 0 /INPUT 9 "din";
    .port_info 1 /INPUT 4 "amt";
    .port_info 2 /OUTPUT 9 "dout";
P_0x5aee667726d0 .param/l "AmountW" 1 8 4, +C4<00000000000000000000000000000100>;
P_0x5aee66772710 .param/l "W" 0 8 3, +C4<000000000000000000000000000001001>;
v0x5aee66794630_0 .net "amt", 3 0, L_0x5aee66799760;  alias, 1 drivers
v0x5aee66794730_0 .net "din", 8 0, L_0x5aee66799a10;  1 drivers
v0x5aee66794810_0 .var "dout", 8 0;
v0x5aee66794900_0 .var/i "k", 31 0;
E_0x5aee667945b0 .event anyedge, v0x5aee66794730_0, v0x5aee66794630_0, v0x5aee66794810_0;
S_0x5aee66794a60 .scope module, "u_shift" "barrel_ashr" 6 69, 8 2 0, S_0x5aee66793620;
 .timescale 0 0;
    .port_info 0 /INPUT 18 "din";
    .port_info 1 /INPUT 5 "amt";
    .port_info 2 /OUTPUT 18 "dout";
P_0x5aee667733b0 .param/l "AmountW" 1 8 4, +C4<00000000000000000000000000000101>;
P_0x5aee667733f0 .param/l "W" 0 8 3, +C4<00000000000000000000000000000000000000000000000000000000000010010>;
v0x5aee66794e40_0 .net "amt", 4 0, L_0x5aee66799b50;  alias, 1 drivers
v0x5aee66794f40_0 .net "din", 17 0, L_0x5aee66799d60;  1 drivers
v0x5aee66795020_0 .var "dout", 17 0;
v0x5aee66795110_0 .var/i "k", 31 0;
E_0x5aee66794de0 .event anyedge, v0x5aee66794f40_0, v0x5aee66794e40_0, v0x5aee66795020_0;
    .scope S_0x5aee66752a40;
T_0 ;
    %wait E_0x5aee66776880;
    %load/vec4 v0x5aee667736a0_0;
    %nor/r;
    %flag_set/vec4 8;
    %jmp/0xz  T_0.0, 8;
    %pushi/vec4 0, 0, 2;
    %assign/vec4 v0x5aee66793100_0, 0;
    %jmp T_0.1;
T_0.0 ;
    %load/vec4 v0x5aee66793100_0;
    %dup/vec4;
    %pushi/vec4 0, 0, 2;
    %cmp/u;
    %jmp/1 T_0.2, 6;
    %dup/vec4;
    %pushi/vec4 1, 0, 2;
    %cmp/u;
    %jmp/1 T_0.3, 6;
    %dup/vec4;
    %pushi/vec4 2, 0, 2;
    %cmp/u;
    %jmp/1 T_0.4, 6;
    %dup/vec4;
    %pushi/vec4 3, 0, 2;
    %cmp/u;
    %jmp/1 T_0.5, 6;
    %jmp T_0.6;
T_0.2 ;
    %load/vec4 v0x5aee66793040_0;
    %flag_set/vec4 8;
    %jmp/0 T_0.7, 8;
    %pushi/vec4 1, 0, 2;
    %jmp/1 T_0.8, 8;
T_0.7 ; End of true expr.
    %pushi/vec4 0, 0, 2;
    %jmp/0 T_0.8, 8;
 ; End of false expr.
    %blend;
T_0.8;
    %assign/vec4 v0x5aee66793100_0, 0;
    %jmp T_0.6;
T_0.3 ;
    %pushi/vec4 2, 0, 2;
    %assign/vec4 v0x5aee66793100_0, 0;
    %jmp T_0.6;
T_0.4 ;
    %load/vec4 v0x5aee667753d0_0;
    %flag_set/vec4 8;
    %jmp/0 T_0.9, 8;
    %pushi/vec4 3, 0, 2;
    %jmp/1 T_0.10, 8;
T_0.9 ; End of true expr.
    %pushi/vec4 2, 0, 2;
    %jmp/0 T_0.10, 8;
 ; End of false expr.
    %blend;
T_0.10;
    %assign/vec4 v0x5aee66793100_0, 0;
    %jmp T_0.6;
T_0.5 ;
    %pushi/vec4 0, 0, 2;
    %assign/vec4 v0x5aee66793100_0, 0;
    %jmp T_0.6;
T_0.6 ;
    %pop/vec4 1;
T_0.1 ;
    %jmp T_0;
    .thread T_0;
    .scope S_0x5aee66793ab0;
T_1 ;
    %wait E_0x5aee66793ed0;
    %pushi/vec4 8, 0, 4;
    %store/vec4 v0x5aee66793f50_0, 0, 4;
    %pushi/vec4 8, 0, 32;
    %store/vec4 v0x5aee66794130_0, 0, 32;
T_1.0 ;
    %load/vec4 v0x5aee66794130_0;
    %cmpi/s 1, 0, 32;
    %flag_inv 5; GE is !LT
    %jmp/0xz T_1.1, 5;
    %load/vec4 v0x5aee66794050_0;
    %load/vec4 v0x5aee66794130_0;
    %part/s 1;
    %flag_set/vec4 8;
    %jmp/0xz  T_1.2, 8;
    %load/vec4 v0x5aee66794130_0;
    %pad/s 4;
    %store/vec4 v0x5aee66793f50_0, 0, 4;
T_1.2 ;
    %load/vec4 v0x5aee66794130_0;
    %subi 1, 0, 32;
    %store/vec4 v0x5aee66794130_0, 0, 32;
    %jmp T_1.0;
T_1.1 ;
    %jmp T_1;
    .thread T_1, $push;
    .scope S_0x5aee66794280;
T_2 ;
    %wait E_0x5aee667945b0;
    %load/vec4 v0x5aee66794730_0;
    %store/vec4 v0x5aee66794810_0, 0, 9;
    %pushi/vec4 0, 0, 32;
    %store/vec4 v0x5aee66794900_0, 0, 32;
T_2.0 ;
    %load/vec4 v0x5aee66794900_0;
    %cmpi/s 4, 0, 32;
    %jmp/0xz T_2.1, 5;
    %load/vec4 v0x5aee66794630_0;
    %load/vec4 v0x5aee66794900_0;
    %part/s 1;
    %flag_set/vec4 8;
    %jmp/0xz  T_2.2, 8;
    %load/vec4 v0x5aee66794810_0;
    %pushi/vec4 1, 0, 32;
    %load/vec4 v0x5aee66794900_0;
    %ix/vec4 5;
    %shiftl 5;
    %ix/vec4 4;
    %shiftr/s 4;
    %store/vec4 v0x5aee66794810_0, 0, 9;
T_2.2 ;
    %load/vec4 v0x5aee66794900_0;
    %addi 1, 0, 32;
    %store/vec4 v0x5aee66794900_0, 0, 32;
    %jmp T_2.0;
T_2.1 ;
    %jmp T_2;
    .thread T_2, $push;
    .scope S_0x5aee66794a60;
T_3 ;
    %wait E_0x5aee66794de0;
    %load/vec4 v0x5aee66794f40_0;
    %store/vec4 v0x5aee66795020_0, 0, 18;
    %pushi/vec4 0, 0, 32;
    %store/vec4 v0x5aee66795110_0, 0, 32;
T_3.0 ;
    %load/vec4 v0x5aee66795110_0;
    %cmpi/s 5, 0, 32;
    %jmp/0xz T_3.1, 5;
    %load/vec4 v0x5aee66794e40_0;
    %load/vec4 v0x5aee66795110_0;
    %part/s 1;
    %flag_set/vec4 8;
    %jmp/0xz  T_3.2, 8;
    %load/vec4 v0x5aee66795020_0;
    %pushi/vec4 1, 0, 32;
    %load/vec4 v0x5aee66795110_0;
    %ix/vec4 5;
    %shiftl 5;
    %ix/vec4 4;
    %shiftr/s 4;
    %store/vec4 v0x5aee66795020_0, 0, 18;
T_3.2 ;
    %load/vec4 v0x5aee66795110_0;
    %addi 1, 0, 32;
    %store/vec4 v0x5aee66795110_0, 0, 32;
    %jmp T_3.0;
T_3.1 ;
    %jmp T_3;
    .thread T_3, $push;
    .scope S_0x5aee66793620;
T_4 ;
    %wait E_0x5aee66776880;
    %load/vec4 v0x5aee667963d0_0;
    %nor/r;
    %flag_set/vec4 8;
    %jmp/0xz  T_4.0, 8;
    %pushi/vec4 0, 0, 9;
    %assign/vec4 v0x5aee66795270_0, 0;
    %pushi/vec4 0, 0, 8;
    %assign/vec4 v0x5aee66796080_0, 0;
    %pushi/vec4 0, 0, 1;
    %assign/vec4 v0x5aee66796160_0, 0;
    %pushi/vec4 0, 0, 8;
    %assign/vec4 v0x5aee66795c60_0, 0;
    %pushi/vec4 0, 0, 4;
    %assign/vec4 v0x5aee66796310_0, 0;
    %pushi/vec4 0, 0, 8;
    %assign/vec4 v0x5aee66795430_0, 0;
    %jmp T_4.1;
T_4.0 ;
    %load/vec4 v0x5aee66795b90_0;
    %flag_set/vec4 8;
    %jmp/0xz  T_4.2, 8;
    %pushi/vec4 0, 0, 9;
    %assign/vec4 v0x5aee66795270_0, 0;
    %load/vec4 v0x5aee66795ec0_0;
    %assign/vec4 v0x5aee66796080_0, 0;
    %pushi/vec4 0, 0, 1;
    %assign/vec4 v0x5aee66796160_0, 0;
    %load/vec4 v0x5aee66795de0_0;
    %assign/vec4 v0x5aee66795c60_0, 0;
    %pushi/vec4 8, 0, 4;
    %assign/vec4 v0x5aee66796310_0, 0;
    %load/vec4 v0x5aee66795520_0;
    %assign/vec4 v0x5aee66795430_0, 0;
    %jmp T_4.3;
T_4.2 ;
    %load/vec4 v0x5aee66796570_0;
    %flag_set/vec4 8;
    %jmp/0xz  T_4.4, 8;
    %load/vec4 v0x5aee667964a0_0;
    %split/vec4 1;
    %assign/vec4 v0x5aee66796160_0, 0;
    %split/vec4 8;
    %assign/vec4 v0x5aee66796080_0, 0;
    %assign/vec4 v0x5aee66795270_0, 0;
    %load/vec4 v0x5aee66796310_0;
    %load/vec4 v0x5aee667957e0_0;
    %sub;
    %assign/vec4 v0x5aee66796310_0, 0;
    %load/vec4 v0x5aee66795600_0;
    %parti/s 8, 0, 2;
    %assign/vec4 v0x5aee66795430_0, 0;
T_4.4 ;
T_4.3 ;
T_4.1 ;
    %jmp T_4;
    .thread T_4;
    .scope S_0x5aee66760ac0;
T_5 ;
    %pushi/vec4 0, 0, 1;
    %store/vec4 v0x5aee66797d70_0, 0, 1;
    %end;
    .thread T_5;
    .scope S_0x5aee66760ac0;
T_6 ;
    %delay 5000, 0;
    %load/vec4 v0x5aee66797d70_0;
    %inv;
    %store/vec4 v0x5aee66797d70_0, 0, 1;
    %jmp T_6;
    .thread T_6;
    .scope S_0x5aee66760ac0;
T_7 ;
    %vpi_call/w 3 27 "$dumpfile", "booth_multiplier_3x7_tb.vcd" {0 0 0};
    %vpi_call/w 3 28 "$dumpvars", 32'sb00000000000000000000000000000000, S_0x5aee66760ac0 {0 0 0};
    %pushi/vec4 0, 0, 1;
    %store/vec4 v0x5aee66798280_0, 0, 1;
    %pushi/vec4 0, 0, 1;
    %store/vec4 v0x5aee66798320_0, 0, 1;
    %pushi/vec4 0, 0, 8;
    %store/vec4 v0x5aee66797f40_0, 0, 8;
    %pushi/vec4 0, 0, 8;
    %store/vec4 v0x5aee66798030_0, 0, 8;
    %pushi/vec4 2, 0, 32;
T_7.0 %dup/vec4;
    %pushi/vec4 0, 0, 32;
    %cmp/s;
    %jmp/1xz T_7.1, 5;
    %jmp/1 T_7.1, 4;
    %pushi/vec4 1, 0, 32;
    %sub;
    %wait E_0x5aee6674e7d0;
    %jmp T_7.0;
T_7.1 ;
    %pop/vec4 1;
    %pushi/vec4 1, 0, 1;
    %store/vec4 v0x5aee66798280_0, 0, 1;
    %wait E_0x5aee6674e7d0;
    %pushi/vec4 3, 0, 8;
    %store/vec4 v0x5aee66797f40_0, 0, 8;
    %pushi/vec4 7, 0, 8;
    %store/vec4 v0x5aee66798030_0, 0, 8;
    %pushi/vec4 1, 0, 1;
    %store/vec4 v0x5aee66798320_0, 0, 1;
    %wait E_0x5aee6674e7d0;
    %pushi/vec4 0, 0, 1;
    %store/vec4 v0x5aee66798320_0, 0, 1;
T_7.2 ;
    %load/vec4 v0x5aee66797e30_0;
    %cmpi/ne 1, 0, 1;
    %jmp/0xz T_7.3, 6;
    %wait E_0x5aee6674f090;
    %jmp T_7.2;
T_7.3 ;
    %delay 1000, 0;
    %load/vec4 v0x5aee66798120_0;
    %cmpi/e 21, 0, 16;
    %jmp/0xz  T_7.4, 6;
    %vpi_call/w 3 50 "$display", "PASS: 3 * 7 = %0d", v0x5aee66798120_0 {0 0 0};
    %jmp T_7.5;
T_7.4 ;
    %vpi_call/w 3 52 "$fatal", 32'sb00000000000000000000000000000001, "FAIL: 3 * 7 = %0d, expected 21", v0x5aee66798120_0 {0 0 0};
T_7.5 ;
    %wait E_0x5aee6674e7d0;
    %vpi_call/w 3 55 "$finish" {0 0 0};
    %end;
    .thread T_7;
# The file index is used to find the file name in the following table.
:file_names 9;
    "N/A";
    "<interactive>";
    "-";
    "booth_multiplier_3x7_tb.v";
    "booth_multiplier.v";
    "booth_control.v";
    "booth_datapath.v";
    "skip_encode.v";
    "barrel_ashr.v";
