#! /usr/bin/vvp
:ivl_version "12.0 (stable)";
:ivl_delay_selection "TYPICAL";
:vpi_time_precision - 12;
:vpi_module "/usr/lib/x86_64-linux-gnu/ivl/system.vpi";
:vpi_module "/usr/lib/x86_64-linux-gnu/ivl/vhdl_sys.vpi";
:vpi_module "/usr/lib/x86_64-linux-gnu/ivl/vhdl_textio.vpi";
:vpi_module "/usr/lib/x86_64-linux-gnu/ivl/v2005_math.vpi";
:vpi_module "/usr/lib/x86_64-linux-gnu/ivl/va_math.vpi";
:vpi_module "/usr/lib/x86_64-linux-gnu/ivl/v2009.vpi";
S_0x623c4866ccf0 .scope package, "$unit" "$unit" 2 1;
 .timescale 0 0;
S_0x623c48651ac0 .scope module, "booth_multiplier_tb" "booth_multiplier_tb" 3 6;
 .timescale -9 -12;
P_0x623c48686b80 .param/l "CYCLE" 0 3 9, +C4<00000000000000000000000000001010>;
P_0x623c48686bc0 .param/l "N" 0 3 8, +C4<00000000000000000000000000001000>;
v0x623c486ab950_0 .var "Clk", 0 0;
v0x623c486aba10_0 .net "Done", 0 0, L_0x623c486acb20;  1 drivers
v0x623c486abb20_0 .var "Errors", 31 0;
v0x623c486abbc0_0 .var/s "Expected", 15 0;
v0x623c486abca0_0 .var "Got", 15 0;
v0x623c486abdd0_0 .var/i "MaxSteps", 31 0;
v0x623c486abeb0_0 .var/i "MinSteps", 31 0;
v0x623c486abf90_0 .var "Multiplicand", 7 0;
v0x623c486ac0a0_0 .var "Multiplier", 7 0;
v0x623c486ac1f0_0 .net "Product", 15 0, L_0x623c486ae430;  1 drivers
v0x623c486ac300_0 .var "RstN", 0 0;
v0x623c486ac3a0_0 .var/i "RunSteps", 31 0;
v0x623c486ac480_0 .var "Runs", 31 0;
v0x623c486ac560_0 .var "Start", 0 0;
v0x623c486ac650_0 .var/i "SumSteps", 31 0;
v0x623c486ac730_0 .var/i "i", 31 0;
v0x623c486ac810_0 .var/i "j", 31 0;
E_0x623c4863f7d0 .event posedge, v0x623c486783e0_0;
S_0x623c48651d80 .scope task, "do_mul" "do_mul" 3 48, 3 48 0, S_0x623c48651ac0;
 .timescale -9 -12;
v0x623c4867a730_0 .var "a", 7 0;
v0x623c48678340_0 .var "b", 7 0;
E_0x623c48640090 .event negedge, v0x623c486783e0_0;
TD_booth_multiplier_tb.do_mul ;
    %wait E_0x623c48640090;
    %load/vec4 v0x623c4867a730_0;
    %store/vec4 v0x623c486abf90_0, 0, 8;
    %load/vec4 v0x623c48678340_0;
    %store/vec4 v0x623c486ac0a0_0, 0, 8;
    %pushi/vec4 1, 0, 1;
    %store/vec4 v0x623c486ac560_0, 0, 1;
    %pushi/vec4 0, 0, 32;
    %store/vec4 v0x623c486ac3a0_0, 0, 32;
    %wait E_0x623c48640090;
    %pushi/vec4 0, 0, 1;
    %store/vec4 v0x623c486ac560_0, 0, 1;
T_0.0 ;
    %load/vec4 v0x623c486aba10_0;
    %nor/r;
    %flag_set/vec4 8;
    %jmp/0xz T_0.1, 8;
    %wait E_0x623c48640090;
    %jmp T_0.0;
T_0.1 ;
    %load/vec4 v0x623c486ac1f0_0;
    %store/vec4 v0x623c486abca0_0, 0, 16;
    %load/vec4 v0x623c4867a730_0;
    %pad/s 16;
    %load/vec4 v0x623c48678340_0;
    %pad/s 16;
    %mul;
    %store/vec4 v0x623c486abbc0_0, 0, 16;
    %load/vec4 v0x623c486ac480_0;
    %addi 1, 0, 32;
    %store/vec4 v0x623c486ac480_0, 0, 32;
    %load/vec4 v0x623c486abca0_0;
    %load/vec4 v0x623c486abbc0_0;
    %cmp/ne;
    %jmp/0xz  T_0.2, 6;
    %load/vec4 v0x623c486abb20_0;
    %addi 1, 0, 32;
    %store/vec4 v0x623c486abb20_0, 0, 32;
    %load/vec4 v0x623c4867a730_0;
    %load/vec4 v0x623c48678340_0;
    %load/vec4 v0x623c486abca0_0;
    %vpi_call/w 3 69 "$display", "FAIL: %0d * %0d -> %0d (%h), expected %0d (%h)", S<2,vec4,s8>, S<1,vec4,s8>, S<0,vec4,s16>, v0x623c486abca0_0, v0x623c486abbc0_0, v0x623c486abbc0_0 {3 0 0};
T_0.2 ;
    %load/vec4 v0x623c486ac650_0;
    %load/vec4 v0x623c486ac3a0_0;
    %add;
    %store/vec4 v0x623c486ac650_0, 0, 32;
    %load/vec4 v0x623c486abdd0_0;
    %load/vec4 v0x623c486ac3a0_0;
    %cmp/s;
    %jmp/0xz  T_0.4, 5;
    %load/vec4 v0x623c486ac3a0_0;
    %store/vec4 v0x623c486abdd0_0, 0, 32;
T_0.4 ;
    %load/vec4 v0x623c486ac3a0_0;
    %load/vec4 v0x623c486abeb0_0;
    %cmp/s;
    %jmp/0xz  T_0.6, 5;
    %load/vec4 v0x623c486ac3a0_0;
    %store/vec4 v0x623c486abeb0_0, 0, 32;
T_0.6 ;
    %end;
S_0x623c486a5e10 .scope module, "dut" "booth_multiplier" 3 30, 4 5 0, S_0x623c48651ac0;
 .timescale 0 0;
    .port_info 0 /INPUT 1 "Clk";
    .port_info 1 /INPUT 1 "RstN";
    .port_info 2 /INPUT 1 "Start";
    .port_info 3 /INPUT 8 "Multiplicand";
    .port_info 4 /INPUT 8 "Multiplier";
    .port_info 5 /OUTPUT 16 "Product";
    .port_info 6 /OUTPUT 1 "Done";
P_0x623c486a6010 .param/l "N" 0 4 8, +C4<00000000000000000000000000001000>;
v0x623c486aac30_0 .net "Clk", 0 0, v0x623c486ab950_0;  1 drivers
v0x623c486aacf0_0 .net "Done", 0 0, L_0x623c486acb20;  alias, 1 drivers
v0x623c486aadb0_0 .net "LastStep", 0 0, L_0x623c486add00;  1 drivers
v0x623c486aaed0_0 .net "Load", 0 0, L_0x623c486ac8f0;  1 drivers
v0x623c486aafc0_0 .net "Multiplicand", 7 0, v0x623c486abf90_0;  1 drivers
v0x623c486ab0b0_0 .net "Multiplier", 7 0, v0x623c486ac0a0_0;  1 drivers
v0x623c486ab150_0 .net "Product", 15 0, L_0x623c486ae430;  alias, 1 drivers
v0x623c486ab1f0_0 .net "RstN", 0 0, v0x623c486ac300_0;  1 drivers
v0x623c486ab2e0_0 .net "Start", 0 0, v0x623c486ac560_0;  1 drivers
v0x623c486ab380_0 .net "Step", 0 0, L_0x623c486ac9e0;  1 drivers
S_0x623c486a60b0 .scope module, "u_control" "booth_control" 4 22, 5 2 0, S_0x623c486a5e10;
 .timescale 0 0;
    .port_info 0 /INPUT 1 "Clk";
    .port_info 1 /INPUT 1 "RstN";
    .port_info 2 /INPUT 1 "Start";
    .port_info 3 /INPUT 1 "LastStep";
    .port_info 4 /OUTPUT 1 "Load";
    .port_info 5 /OUTPUT 1 "Step";
    .port_info 6 /OUTPUT 1 "Done";
P_0x623c48638220 .param/l "CALC" 1 5 12, C4<10>;
P_0x623c48638260 .param/l "IDLE" 1 5 12, C4<00>;
P_0x623c486382a0 .param/l "LOAD" 1 5 12, C4<01>;
P_0x623c486382e0 .param/l "REPORT" 1 5 12, C4<11>;
v0x623c486783e0_0 .net "Clk", 0 0, v0x623c486ab950_0;  alias, 1 drivers
v0x623c4862f0f0_0 .net "Done", 0 0, L_0x623c486acb20;  alias, 1 drivers
v0x623c48639a80_0 .net "LastStep", 0 0, L_0x623c486add00;  alias, 1 drivers
v0x623c4867bc50_0 .net "Load", 0 0, L_0x623c486ac8f0;  alias, 1 drivers
v0x623c4867bcf0_0 .net "RstN", 0 0, v0x623c486ac300_0;  alias, 1 drivers
v0x623c486a6580_0 .net "Start", 0 0, v0x623c486ac560_0;  alias, 1 drivers
v0x623c486a6640_0 .var "State", 1 0;
v0x623c486a6720_0 .net "Step", 0 0, L_0x623c486ac9e0;  alias, 1 drivers
L_0x76d6d94ce018 .functor BUFT 1, C4<01>, C4<0>, C4<0>, C4<0>;
v0x623c486a67e0_0 .net/2u *"_ivl_0", 1 0, L_0x76d6d94ce018;  1 drivers
L_0x76d6d94ce060 .functor BUFT 1, C4<10>, C4<0>, C4<0>, C4<0>;
v0x623c486a68c0_0 .net/2u *"_ivl_4", 1 0, L_0x76d6d94ce060;  1 drivers
L_0x76d6d94ce0a8 .functor BUFT 1, C4<11>, C4<0>, C4<0>, C4<0>;
v0x623c486a69a0_0 .net/2u *"_ivl_8", 1 0, L_0x76d6d94ce0a8;  1 drivers
E_0x623c486885a0/0 .event negedge, v0x623c4867bcf0_0;
E_0x623c486885a0/1 .event posedge, v0x623c486783e0_0;
E_0x623c486885a0 .event/or E_0x623c486885a0/0, E_0x623c486885a0/1;
L_0x623c486ac8f0 .cmp/eq 2, v0x623c486a6640_0, L_0x76d6d94ce018;
L_0x623c486ac9e0 .cmp/eq 2, v0x623c486a6640_0, L_0x76d6d94ce060;
L_0x623c486acb20 .cmp/eq 2, v0x623c486a6640_0, L_0x76d6d94ce0a8;
S_0x623c486a6b60 .scope module, "u_datapath" "booth_datapath" 4 32, 6 6 0, S_0x623c486a5e10;
 .timescale 0 0;
    .port_info 0 /INPUT 1 "Clk";
    .port_info 1 /INPUT 1 "RstN";
    .port_info 2 /INPUT 1 "Load";
    .port_info 3 /INPUT 1 "Step";
    .port_info 4 /INPUT 8 "Multiplicand";
    .port_info 5 /INPUT 8 "Multiplier";
    .port_info 6 /OUTPUT 16 "Product";
    .port_info 7 /OUTPUT 1 "LastStep";
P_0x623c486a6d10 .param/l "DistW" 1 6 11, +C4<00000000000000000000000000000100>;
P_0x623c486a6d50 .param/l "N" 0 6 9, +C4<00000000000000000000000000001000>;
P_0x623c486a6d90 .param/l "ShiftAmountW" 1 6 12, +C4<00000000000000000000000000000101>;
L_0x623c4867a5d0 .functor NOT 1, L_0x623c486acc10, C4<0>, C4<0>, C4<0>;
L_0x623c48678220 .functor AND 1, L_0x623c4867a5d0, v0x623c486a98b0_0, C4<1>, C4<1>;
L_0x623c4862db20 .functor NOT 1, v0x623c486a98b0_0, C4<0>, C4<0>, C4<0>;
L_0x623c48639960 .functor AND 1, L_0x623c486acd50, L_0x623c4862db20, C4<1>, C4<1>;
L_0x623c4867c760 .functor XOR 8, v0x623c486ac0a0_0, L_0x623c486ad780, C4<00000000>, C4<00000000>;
v0x623c486a89c0_0 .var "A", 8 0;
v0x623c486a8aa0_0 .net "AOp", 8 0, L_0x623c486ad500;  1 drivers
v0x623c486a8b80_0 .var "Bmap", 7 0;
v0x623c486a8c70_0 .net "BmapInit", 7 0, L_0x623c4867c760;  1 drivers
v0x623c486a8d50_0 .net "BmapShifted", 8 0, v0x623c486a7ed0_0;  1 drivers
v0x623c486a8e60_0 .net "Clk", 0 0, v0x623c486ab950_0;  alias, 1 drivers
v0x623c486a8f30_0 .net "Dist", 3 0, L_0x623c486adb70;  1 drivers
v0x623c486a9000_0 .net "DistWide", 4 0, L_0x623c486adf60;  1 drivers
v0x623c486a90d0_0 .net "DoAdd", 0 0, L_0x623c48678220;  1 drivers
v0x623c486a9170_0 .net "DoSub", 0 0, L_0x623c48639960;  1 drivers
v0x623c486a9210_0 .net "LastStep", 0 0, L_0x623c486add00;  alias, 1 drivers
v0x623c486a92e0_0 .net "Load", 0 0, L_0x623c486ac8f0;  alias, 1 drivers
v0x623c486a93b0_0 .var "M", 7 0;
v0x623c486a9450_0 .net "MExt", 8 0, L_0x623c486ad000;  1 drivers
v0x623c486a9530_0 .net "Multiplicand", 7 0, v0x623c486abf90_0;  alias, 1 drivers
v0x623c486a9610_0 .net "Multiplier", 7 0, v0x623c486ac0a0_0;  alias, 1 drivers
v0x623c486a96f0_0 .net "Product", 15 0, L_0x623c486ae430;  alias, 1 drivers
v0x623c486a97d0_0 .var "Q", 7 0;
v0x623c486a98b0_0 .var "Q_1", 0 0;
v0x623c486a9970_0 .net "Raw", 3 0, v0x623c486a7580_0;  1 drivers
v0x623c486a9a60_0 .var "Remaining", 3 0;
v0x623c486a9b20_0 .net "RstN", 0 0, v0x623c486ac300_0;  alias, 1 drivers
v0x623c486a9bf0_0 .net "Shifted", 17 0, v0x623c486a8770_0;  1 drivers
v0x623c486a9cc0_0 .net "Step", 0 0, L_0x623c486ac9e0;  alias, 1 drivers
v0x623c486a9d90_0 .net *"_ivl_1", 0 0, L_0x623c486acc10;  1 drivers
v0x623c486a9e30_0 .net *"_ivl_13", 0 0, L_0x623c486acf60;  1 drivers
v0x623c486a9f10_0 .net *"_ivl_16", 8 0, L_0x623c486ad1a0;  1 drivers
v0x623c486a9ff0_0 .net *"_ivl_18", 8 0, L_0x623c486ad290;  1 drivers
v0x623c486aa0d0_0 .net *"_ivl_2", 0 0, L_0x623c4867a5d0;  1 drivers
v0x623c486aa1b0_0 .net *"_ivl_20", 8 0, L_0x623c486ad3c0;  1 drivers
v0x623c486aa290_0 .net *"_ivl_25", 6 0, L_0x623c486ad6e0;  1 drivers
L_0x76d6d94ce0f0 .functor BUFT 1, C4<0>, C4<0>, C4<0>, C4<0>;
v0x623c486aa370_0 .net/2u *"_ivl_26", 0 0, L_0x76d6d94ce0f0;  1 drivers
v0x623c486aa450_0 .net *"_ivl_28", 7 0, L_0x623c486ad780;  1 drivers
L_0x76d6d94ce138 .functor BUFT 1, C4<0>, C4<0>, C4<0>, C4<0>;
v0x623c486aa530_0 .net/2u *"_ivl_32", 0 0, L_0x76d6d94ce138;  1 drivers
v0x623c486aa610_0 .net *"_ivl_36", 0 0, L_0x623c486ada10;  1 drivers
L_0x76d6d94ce180 .functor BUFT 1, C4<0>, C4<0>, C4<0>, C4<0>;
v0x623c486aa6d0_0 .net/2u *"_ivl_42", 0 0, L_0x76d6d94ce180;  1 drivers
L_0x76d6d94ce1c8 .functor BUFT 1, C4<0>, C4<0>, C4<0>, C4<0>;
v0x623c486aa7b0_0 .net *"_ivl_49", 0 0, L_0x76d6d94ce1c8;  1 drivers
v0x623c486aa890_0 .net *"_ivl_53", 7 0, L_0x623c486ae260;  1 drivers
v0x623c486aa970_0 .net *"_ivl_7", 0 0, L_0x623c486acd50;  1 drivers
v0x623c486aaa50_0 .net *"_ivl_8", 0 0, L_0x623c4862db20;  1 drivers
L_0x623c486acc10 .part v0x623c486a97d0_0, 0, 1;
L_0x623c486acd50 .part v0x623c486a97d0_0, 0, 1;
L_0x623c486acf60 .part v0x623c486a93b0_0, 7, 1;
L_0x623c486ad000 .concat [ 8 1 0 0], v0x623c486a93b0_0, L_0x623c486acf60;
L_0x623c486ad1a0 .arith/sub 9, v0x623c486a89c0_0, L_0x623c486ad000;
L_0x623c486ad290 .arith/sum 9, v0x623c486a89c0_0, L_0x623c486ad000;
L_0x623c486ad3c0 .functor MUXZ 9, v0x623c486a89c0_0, L_0x623c486ad290, L_0x623c48678220, C4<>;
L_0x623c486ad500 .functor MUXZ 9, L_0x623c486ad3c0, L_0x623c486ad1a0, L_0x623c48639960, C4<>;
L_0x623c486ad6e0 .part v0x623c486ac0a0_0, 0, 7;
L_0x623c486ad780 .concat [ 1 7 0 0], L_0x76d6d94ce0f0, L_0x623c486ad6e0;
L_0x623c486ad920 .concat [ 8 1 0 0], v0x623c486a8b80_0, L_0x76d6d94ce138;
L_0x623c486ada10 .cmp/gt 4, v0x623c486a9a60_0, v0x623c486a7580_0;
L_0x623c486adb70 .functor MUXZ 4, v0x623c486a9a60_0, v0x623c486a7580_0, L_0x623c486ada10, C4<>;
L_0x623c486add00 .cmp/eq 4, L_0x623c486adb70, v0x623c486a9a60_0;
L_0x623c486ade20 .concat [ 8 1 0 0], v0x623c486a8b80_0, L_0x76d6d94ce180;
L_0x623c486adf60 .concat [ 4 1 0 0], L_0x623c486adb70, L_0x76d6d94ce1c8;
L_0x623c486ae170 .concat [ 1 8 9 0], v0x623c486a98b0_0, v0x623c486a97d0_0, L_0x623c486ad500;
L_0x623c486ae260 .part v0x623c486a89c0_0, 0, 8;
L_0x623c486ae430 .concat [ 8 8 0 0], v0x623c486a97d0_0, L_0x623c486ae260;
S_0x623c486a70b0 .scope module, "u_encode" "skip_encode" 6 47, 7 2 0, S_0x623c486a6b60;
 .timescale 0 0;
    .port_info 0 /INPUT 9 "Map";
    .port_info 1 /OUTPUT 4 "Dist";
P_0x623c486a7290 .param/l "DistW" 1 7 5, +C4<00000000000000000000000000000100>;
P_0x623c486a72d0 .param/l "MapW" 0 7 4, +C4<000000000000000000000000000001001>;
P_0x623c486a7310 .param/l "MaxSkip" 1 7 6, +C4<0000000000000000000000000000001000>;
v0x623c486a7580_0 .var "Dist", 3 0;
v0x623c486a7680_0 .net "Map", 8 0, L_0x623c486ad920;  1 drivers
v0x623c486a7760_0 .var/i "k", 31 0;
E_0x623c486a7500 .event anyedge, v0x623c486a7680_0;
S_0x623c486a78b0 .scope module, "u_map_shift" "barrel_ashr" 6 59, 8 2 0, S_0x623c486a6b60;
 .timescale 0 0;
    .port_info 0 /INPUT 9 "din";
    .port_info 1 /INPUT 4 "amt";
    .port_info 2 /OUTPUT 9 "dout";
P_0x623c486a6e30 .param/l "AmountW" 1 8 4, +C4<00000000000000000000000000000100>;
P_0x623c486a6e70 .param/l "W" 0 8 3, +C4<000000000000000000000000000001001>;
v0x623c486a7cf0_0 .net "amt", 3 0, L_0x623c486adb70;  alias, 1 drivers
v0x623c486a7df0_0 .net "din", 8 0, L_0x623c486ade20;  1 drivers
v0x623c486a7ed0_0 .var "dout", 8 0;
v0x623c486a7fc0_0 .var/i "k", 31 0;
E_0x623c486a7c70 .event anyedge, v0x623c486a7df0_0, v0x623c486a7cf0_0, v0x623c486a7ed0_0;
S_0x623c486a8120 .scope module, "u_shift" "barrel_ashr" 6 69, 8 2 0, S_0x623c486a6b60;
 .timescale 0 0;
    .port_info 0 /INPUT 18 "din";
    .port_info 1 /INPUT 5 "amt";
    .port_info 2 /OUTPUT 18 "dout";
P_0x623c486a7ae0 .param/l "AmountW" 1 8 4, +C4<00000000000000000000000000000101>;
P_0x623c486a7b20 .param/l "W" 0 8 3, +C4<00000000000000000000000000000000000000000000000000000000000010010>;
v0x623c486a8590_0 .net "amt", 4 0, L_0x623c486adf60;  alias, 1 drivers
v0x623c486a8690_0 .net "din", 17 0, L_0x623c486ae170;  1 drivers
v0x623c486a8770_0 .var "dout", 17 0;
v0x623c486a8860_0 .var/i "k", 31 0;
E_0x623c486a8530 .event anyedge, v0x623c486a8690_0, v0x623c486a8590_0, v0x623c486a8770_0;
S_0x623c486ab4c0 .scope task, "show_mul" "show_mul" 3 81, 3 81 0, S_0x623c48651ac0;
 .timescale -9 -12;
v0x623c486ab6a0_0 .var "a", 7 0;
v0x623c486ab780_0 .var "b", 7 0;
v0x623c486ab860_0 .var "note", 351 0;
TD_booth_multiplier_tb.show_mul ;
    %load/vec4 v0x623c486ab6a0_0;
    %store/vec4 v0x623c4867a730_0, 0, 8;
    %load/vec4 v0x623c486ab780_0;
    %store/vec4 v0x623c48678340_0, 0, 8;
    %fork TD_booth_multiplier_tb.do_mul, S_0x623c48651d80;
    %join;
    %load/vec4 v0x623c486ab6a0_0;
    %load/vec4 v0x623c486ab780_0;
    %load/vec4 v0x623c486abca0_0;
    %vpi_call/w 3 87 "$display", "  %5d * %5d = %6d   steps: %0d   %0s", S<2,vec4,s8>, S<1,vec4,s8>, S<0,vec4,s16>, v0x623c486ac3a0_0, v0x623c486ab860_0 {3 0 0};
    %end;
    .scope S_0x623c486a60b0;
T_2 ;
    %wait E_0x623c486885a0;
    %load/vec4 v0x623c4867bcf0_0;
    %nor/r;
    %flag_set/vec4 8;
    %jmp/0xz  T_2.0, 8;
    %pushi/vec4 0, 0, 2;
    %assign/vec4 v0x623c486a6640_0, 0;
    %jmp T_2.1;
T_2.0 ;
    %load/vec4 v0x623c486a6640_0;
    %dup/vec4;
    %pushi/vec4 0, 0, 2;
    %cmp/u;
    %jmp/1 T_2.2, 6;
    %dup/vec4;
    %pushi/vec4 1, 0, 2;
    %cmp/u;
    %jmp/1 T_2.3, 6;
    %dup/vec4;
    %pushi/vec4 2, 0, 2;
    %cmp/u;
    %jmp/1 T_2.4, 6;
    %dup/vec4;
    %pushi/vec4 3, 0, 2;
    %cmp/u;
    %jmp/1 T_2.5, 6;
    %jmp T_2.6;
T_2.2 ;
    %load/vec4 v0x623c486a6580_0;
    %flag_set/vec4 8;
    %jmp/0 T_2.7, 8;
    %pushi/vec4 1, 0, 2;
    %jmp/1 T_2.8, 8;
T_2.7 ; End of true expr.
    %pushi/vec4 0, 0, 2;
    %jmp/0 T_2.8, 8;
 ; End of false expr.
    %blend;
T_2.8;
    %assign/vec4 v0x623c486a6640_0, 0;
    %jmp T_2.6;
T_2.3 ;
    %pushi/vec4 2, 0, 2;
    %assign/vec4 v0x623c486a6640_0, 0;
    %jmp T_2.6;
T_2.4 ;
    %load/vec4 v0x623c48639a80_0;
    %flag_set/vec4 8;
    %jmp/0 T_2.9, 8;
    %pushi/vec4 3, 0, 2;
    %jmp/1 T_2.10, 8;
T_2.9 ; End of true expr.
    %pushi/vec4 2, 0, 2;
    %jmp/0 T_2.10, 8;
 ; End of false expr.
    %blend;
T_2.10;
    %assign/vec4 v0x623c486a6640_0, 0;
    %jmp T_2.6;
T_2.5 ;
    %pushi/vec4 0, 0, 2;
    %assign/vec4 v0x623c486a6640_0, 0;
    %jmp T_2.6;
T_2.6 ;
    %pop/vec4 1;
T_2.1 ;
    %jmp T_2;
    .thread T_2;
    .scope S_0x623c486a70b0;
T_3 ;
    %wait E_0x623c486a7500;
    %pushi/vec4 8, 0, 4;
    %store/vec4 v0x623c486a7580_0, 0, 4;
    %pushi/vec4 8, 0, 32;
    %store/vec4 v0x623c486a7760_0, 0, 32;
T_3.0 ;
    %load/vec4 v0x623c486a7760_0;
    %cmpi/s 1, 0, 32;
    %flag_inv 5; GE is !LT
    %jmp/0xz T_3.1, 5;
    %load/vec4 v0x623c486a7680_0;
    %load/vec4 v0x623c486a7760_0;
    %part/s 1;
    %flag_set/vec4 8;
    %jmp/0xz  T_3.2, 8;
    %load/vec4 v0x623c486a7760_0;
    %pad/s 4;
    %store/vec4 v0x623c486a7580_0, 0, 4;
T_3.2 ;
    %load/vec4 v0x623c486a7760_0;
    %subi 1, 0, 32;
    %store/vec4 v0x623c486a7760_0, 0, 32;
    %jmp T_3.0;
T_3.1 ;
    %jmp T_3;
    .thread T_3, $push;
    .scope S_0x623c486a78b0;
T_4 ;
    %wait E_0x623c486a7c70;
    %load/vec4 v0x623c486a7df0_0;
    %store/vec4 v0x623c486a7ed0_0, 0, 9;
    %pushi/vec4 0, 0, 32;
    %store/vec4 v0x623c486a7fc0_0, 0, 32;
T_4.0 ;
    %load/vec4 v0x623c486a7fc0_0;
    %cmpi/s 4, 0, 32;
    %jmp/0xz T_4.1, 5;
    %load/vec4 v0x623c486a7cf0_0;
    %load/vec4 v0x623c486a7fc0_0;
    %part/s 1;
    %flag_set/vec4 8;
    %jmp/0xz  T_4.2, 8;
    %load/vec4 v0x623c486a7ed0_0;
    %pushi/vec4 1, 0, 32;
    %load/vec4 v0x623c486a7fc0_0;
    %ix/vec4 5;
    %shiftl 5;
    %ix/vec4 4;
    %shiftr/s 4;
    %store/vec4 v0x623c486a7ed0_0, 0, 9;
T_4.2 ;
    %load/vec4 v0x623c486a7fc0_0;
    %addi 1, 0, 32;
    %store/vec4 v0x623c486a7fc0_0, 0, 32;
    %jmp T_4.0;
T_4.1 ;
    %jmp T_4;
    .thread T_4, $push;
    .scope S_0x623c486a8120;
T_5 ;
    %wait E_0x623c486a8530;
    %load/vec4 v0x623c486a8690_0;
    %store/vec4 v0x623c486a8770_0, 0, 18;
    %pushi/vec4 0, 0, 32;
    %store/vec4 v0x623c486a8860_0, 0, 32;
T_5.0 ;
    %load/vec4 v0x623c486a8860_0;
    %cmpi/s 5, 0, 32;
    %jmp/0xz T_5.1, 5;
    %load/vec4 v0x623c486a8590_0;
    %load/vec4 v0x623c486a8860_0;
    %part/s 1;
    %flag_set/vec4 8;
    %jmp/0xz  T_5.2, 8;
    %load/vec4 v0x623c486a8770_0;
    %pushi/vec4 1, 0, 32;
    %load/vec4 v0x623c486a8860_0;
    %ix/vec4 5;
    %shiftl 5;
    %ix/vec4 4;
    %shiftr/s 4;
    %store/vec4 v0x623c486a8770_0, 0, 18;
T_5.2 ;
    %load/vec4 v0x623c486a8860_0;
    %addi 1, 0, 32;
    %store/vec4 v0x623c486a8860_0, 0, 32;
    %jmp T_5.0;
T_5.1 ;
    %jmp T_5;
    .thread T_5, $push;
    .scope S_0x623c486a6b60;
T_6 ;
    %wait E_0x623c486885a0;
    %load/vec4 v0x623c486a9b20_0;
    %nor/r;
    %flag_set/vec4 8;
    %jmp/0xz  T_6.0, 8;
    %pushi/vec4 0, 0, 9;
    %assign/vec4 v0x623c486a89c0_0, 0;
    %pushi/vec4 0, 0, 8;
    %assign/vec4 v0x623c486a97d0_0, 0;
    %pushi/vec4 0, 0, 1;
    %assign/vec4 v0x623c486a98b0_0, 0;
    %pushi/vec4 0, 0, 8;
    %assign/vec4 v0x623c486a93b0_0, 0;
    %pushi/vec4 0, 0, 4;
    %assign/vec4 v0x623c486a9a60_0, 0;
    %pushi/vec4 0, 0, 8;
    %assign/vec4 v0x623c486a8b80_0, 0;
    %jmp T_6.1;
T_6.0 ;
    %load/vec4 v0x623c486a92e0_0;
    %flag_set/vec4 8;
    %jmp/0xz  T_6.2, 8;
    %pushi/vec4 0, 0, 9;
    %assign/vec4 v0x623c486a89c0_0, 0;
    %load/vec4 v0x623c486a9610_0;
    %assign/vec4 v0x623c486a97d0_0, 0;
    %pushi/vec4 0, 0, 1;
    %assign/vec4 v0x623c486a98b0_0, 0;
    %load/vec4 v0x623c486a9530_0;
    %assign/vec4 v0x623c486a93b0_0, 0;
    %pushi/vec4 8, 0, 4;
    %assign/vec4 v0x623c486a9a60_0, 0;
    %load/vec4 v0x623c486a8c70_0;
    %assign/vec4 v0x623c486a8b80_0, 0;
    %jmp T_6.3;
T_6.2 ;
    %load/vec4 v0x623c486a9cc0_0;
    %flag_set/vec4 8;
    %jmp/0xz  T_6.4, 8;
    %load/vec4 v0x623c486a9bf0_0;
    %split/vec4 1;
    %assign/vec4 v0x623c486a98b0_0, 0;
    %split/vec4 8;
    %assign/vec4 v0x623c486a97d0_0, 0;
    %assign/vec4 v0x623c486a89c0_0, 0;
    %load/vec4 v0x623c486a9a60_0;
    %load/vec4 v0x623c486a8f30_0;
    %sub;
    %assign/vec4 v0x623c486a9a60_0, 0;
    %load/vec4 v0x623c486a8d50_0;
    %parti/s 8, 0, 2;
    %assign/vec4 v0x623c486a8b80_0, 0;
T_6.4 ;
T_6.3 ;
T_6.1 ;
    %jmp T_6;
    .thread T_6;
    .scope S_0x623c48651ac0;
T_7 ;
    %pushi/vec4 0, 0, 1;
    %store/vec4 v0x623c486ab950_0, 0, 1;
    %end;
    .thread T_7;
    .scope S_0x623c48651ac0;
T_8 ;
    %delay 5000, 0;
    %load/vec4 v0x623c486ab950_0;
    %inv;
    %store/vec4 v0x623c486ab950_0, 0, 1;
    %jmp T_8;
    .thread T_8;
    .scope S_0x623c48651ac0;
T_9 ;
    %wait E_0x623c4863f7d0;
    %load/vec4 v0x623c486ab380_0;
    %flag_set/vec4 8;
    %jmp/0xz  T_9.0, 8;
    %load/vec4 v0x623c486ac3a0_0;
    %addi 1, 0, 32;
    %store/vec4 v0x623c486ac3a0_0, 0, 32;
T_9.0 ;
    %jmp T_9;
    .thread T_9;
    .scope S_0x623c48651ac0;
T_10 ;
    %pushi/vec4 0, 0, 32;
    %store/vec4 v0x623c486abb20_0, 0, 32;
    %pushi/vec4 0, 0, 32;
    %store/vec4 v0x623c486ac480_0, 0, 32;
    %pushi/vec4 0, 0, 32;
    %store/vec4 v0x623c486ac650_0, 0, 32;
    %pushi/vec4 0, 0, 32;
    %store/vec4 v0x623c486abdd0_0, 0, 32;
    %pushi/vec4 1000, 0, 32;
    %store/vec4 v0x623c486abeb0_0, 0, 32;
    %pushi/vec4 0, 0, 32;
    %store/vec4 v0x623c486ac3a0_0, 0, 32;
    %vpi_call/w 3 100 "$dumpfile", "booth_multiplier_tb.vcd" {0 0 0};
    %vpi_call/w 3 101 "$dumpvars", 32'sb00000000000000000000000000000000, S_0x623c48651ac0 {0 0 0};
    %pushi/vec4 0, 0, 1;
    %store/vec4 v0x623c486ac560_0, 0, 1;
    %pushi/vec4 0, 0, 8;
    %store/vec4 v0x623c486abf90_0, 0, 8;
    %pushi/vec4 0, 0, 8;
    %store/vec4 v0x623c486ac0a0_0, 0, 8;
    %pushi/vec4 0, 0, 1;
    %store/vec4 v0x623c486ac300_0, 0, 1;
    %pushi/vec4 2, 0, 32;
T_10.0 %dup/vec4;
    %pushi/vec4 0, 0, 32;
    %cmp/s;
    %jmp/1xz T_10.1, 5;
    %jmp/1 T_10.1, 4;
    %pushi/vec4 1, 0, 32;
    %sub;
    %wait E_0x623c48640090;
    %jmp T_10.0;
T_10.1 ;
    %pop/vec4 1;
    %pushi/vec4 1, 0, 1;
    %store/vec4 v0x623c486ac300_0, 0, 1;
    %wait E_0x623c48640090;
    %vpi_call/w 3 113 "$display", "\000" {0 0 0};
    %vpi_call/w 3 114 "$display", "--- directed cases ---" {0 0 0};
    %pushi/vec4 0, 0, 8;
    %store/vec4 v0x623c486ab6a0_0, 0, 8;
    %pushi/vec4 0, 0, 8;
    %store/vec4 v0x623c486ab780_0, 0, 8;
    %pushi/vec4 0, 0, 32; draw_string_vec4
    %pushi/vec4 0, 0, 32; draw_string_vec4
    %concat/vec4; draw_string_vec4
    %pushi/vec4 0, 0, 32; draw_string_vec4
    %concat/vec4; draw_string_vec4
    %pushi/vec4 0, 0, 32; draw_string_vec4
    %concat/vec4; draw_string_vec4
    %pushi/vec4 0, 0, 32; draw_string_vec4
    %concat/vec4; draw_string_vec4
    %pushi/vec4 0, 0, 32; draw_string_vec4
    %concat/vec4; draw_string_vec4
    %pushi/vec4 0, 0, 32; draw_string_vec4
    %concat/vec4; draw_string_vec4
    %pushi/vec4 0, 0, 32; draw_string_vec4
    %concat/vec4; draw_string_vec4
    %pushi/vec4 0, 0, 32; draw_string_vec4
    %concat/vec4; draw_string_vec4
    %pushi/vec4 0, 0, 32; draw_string_vec4
    %concat/vec4; draw_string_vec4
    %pushi/vec4 2053468783, 0, 32; draw_string_vec4
    %concat/vec4; draw_string_vec4
    %store/vec4 v0x623c486ab860_0, 0, 352;
    %fork TD_booth_multiplier_tb.show_mul, S_0x623c486ab4c0;
    %join;
    %pushi/vec4 0, 0, 8;
    %store/vec4 v0x623c486ab6a0_0, 0, 8;
    %pushi/vec4 128, 0, 8;
    %store/vec4 v0x623c486ab780_0, 0, 8;
    %pushi/vec4 0, 0, 32; draw_string_vec4
    %pushi/vec4 0, 0, 32; draw_string_vec4
    %concat/vec4; draw_string_vec4
    %pushi/vec4 0, 0, 32; draw_string_vec4
    %concat/vec4; draw_string_vec4
    %pushi/vec4 0, 0, 32; draw_string_vec4
    %concat/vec4; draw_string_vec4
    %pushi/vec4 0, 0, 32; draw_string_vec4
    %concat/vec4; draw_string_vec4
    %pushi/vec4 0, 0, 32; draw_string_vec4
    %concat/vec4; draw_string_vec4
    %pushi/vec4 0, 0, 32; draw_string_vec4
    %concat/vec4; draw_string_vec4
    %pushi/vec4 0, 0, 32; draw_string_vec4
    %concat/vec4; draw_string_vec4
    %pushi/vec4 31333, 0, 32; draw_string_vec4
    %concat/vec4; draw_string_vec4
    %pushi/vec4 1919885432, 0, 32; draw_string_vec4
    %concat/vec4; draw_string_vec4
    %pushi/vec4 544041326, 0, 32; draw_string_vec4
    %concat/vec4; draw_string_vec4
    %store/vec4 v0x623c486ab860_0, 0, 352;
    %fork TD_booth_multiplier_tb.show_mul, S_0x623c486ab4c0;
    %join;
    %pushi/vec4 1, 0, 8;
    %store/vec4 v0x623c486ab6a0_0, 0, 8;
    %pushi/vec4 1, 0, 8;
    %store/vec4 v0x623c486ab780_0, 0, 8;
    %pushi/vec4 0, 0, 32; draw_string_vec4
    %pushi/vec4 0, 0, 32; draw_string_vec4
    %concat/vec4; draw_string_vec4
    %pushi/vec4 0, 0, 32; draw_string_vec4
    %concat/vec4; draw_string_vec4
    %pushi/vec4 0, 0, 32; draw_string_vec4
    %concat/vec4; draw_string_vec4
    %pushi/vec4 0, 0, 32; draw_string_vec4
    %concat/vec4; draw_string_vec4
    %pushi/vec4 0, 0, 32; draw_string_vec4
    %concat/vec4; draw_string_vec4
    %pushi/vec4 0, 0, 32; draw_string_vec4
    %concat/vec4; draw_string_vec4
    %pushi/vec4 0, 0, 32; draw_string_vec4
    %concat/vec4; draw_string_vec4
    %pushi/vec4 0, 0, 32; draw_string_vec4
    %concat/vec4; draw_string_vec4
    %pushi/vec4 0, 0, 32; draw_string_vec4
    %concat/vec4; draw_string_vec4
    %pushi/vec4 7302757, 0, 32; draw_string_vec4
    %concat/vec4; draw_string_vec4
    %store/vec4 v0x623c486ab860_0, 0, 352;
    %fork TD_booth_multiplier_tb.show_mul, S_0x623c486ab4c0;
    %join;
    %pushi/vec4 255, 0, 8;
    %store/vec4 v0x623c486ab6a0_0, 0, 8;
    %pushi/vec4 255, 0, 8;
    %store/vec4 v0x623c486ab780_0, 0, 8;
    %pushi/vec4 0, 0, 32; draw_string_vec4
    %pushi/vec4 0, 0, 32; draw_string_vec4
    %concat/vec4; draw_string_vec4
    %pushi/vec4 0, 0, 32; draw_string_vec4
    %concat/vec4; draw_string_vec4
    %pushi/vec4 0, 0, 32; draw_string_vec4
    %concat/vec4; draw_string_vec4
    %pushi/vec4 0, 0, 32; draw_string_vec4
    %concat/vec4; draw_string_vec4
    %pushi/vec4 0, 0, 32; draw_string_vec4
    %concat/vec4; draw_string_vec4
    %pushi/vec4 0, 0, 32; draw_string_vec4
    %concat/vec4; draw_string_vec4
    %pushi/vec4 0, 0, 32; draw_string_vec4
    %concat/vec4; draw_string_vec4
    %pushi/vec4 0, 0, 32; draw_string_vec4
    %concat/vec4; draw_string_vec4
    %pushi/vec4 2961696, 0, 32; draw_string_vec4
    %concat/vec4; draw_string_vec4
    %pushi/vec4 2015374641, 0, 32; draw_string_vec4
    %concat/vec4; draw_string_vec4
    %store/vec4 v0x623c486ab860_0, 0, 352;
    %fork TD_booth_multiplier_tb.show_mul, S_0x623c486ab4c0;
    %join;
    %pushi/vec4 3, 0, 8;
    %store/vec4 v0x623c486ab6a0_0, 0, 8;
    %pushi/vec4 5, 0, 8;
    %store/vec4 v0x623c486ab780_0, 0, 8;
    %pushi/vec4 0, 0, 32; draw_string_vec4
    %pushi/vec4 0, 0, 32; draw_string_vec4
    %concat/vec4; draw_string_vec4
    %pushi/vec4 0, 0, 32; draw_string_vec4
    %concat/vec4; draw_string_vec4
    %pushi/vec4 0, 0, 32; draw_string_vec4
    %concat/vec4; draw_string_vec4
    %pushi/vec4 0, 0, 32; draw_string_vec4
    %concat/vec4; draw_string_vec4
    %pushi/vec4 0, 0, 32; draw_string_vec4
    %concat/vec4; draw_string_vec4
    %pushi/vec4 0, 0, 32; draw_string_vec4
    %concat/vec4; draw_string_vec4
    %pushi/vec4 29549, 0, 32; draw_string_vec4
    %concat/vec4; draw_string_vec4
    %pushi/vec4 1634495520, 0, 32; draw_string_vec4
    %concat/vec4; draw_string_vec4
    %pushi/vec4 1886352233, 0, 32; draw_string_vec4
    %concat/vec4; draw_string_vec4
    %pushi/vec4 1953068645, 0, 32; draw_string_vec4
    %concat/vec4; draw_string_vec4
    %store/vec4 v0x623c486ab860_0, 0, 352;
    %fork TD_booth_multiplier_tb.show_mul, S_0x623c486ab4c0;
    %join;
    %pushi/vec4 253, 0, 8;
    %store/vec4 v0x623c486ab6a0_0, 0, 8;
    %pushi/vec4 5, 0, 8;
    %store/vec4 v0x623c486ab780_0, 0, 8;
    %pushi/vec4 0, 0, 32; draw_string_vec4
    %pushi/vec4 0, 0, 32; draw_string_vec4
    %concat/vec4; draw_string_vec4
    %pushi/vec4 0, 0, 32; draw_string_vec4
    %concat/vec4; draw_string_vec4
    %pushi/vec4 0, 0, 32; draw_string_vec4
    %concat/vec4; draw_string_vec4
    %pushi/vec4 0, 0, 32; draw_string_vec4
    %concat/vec4; draw_string_vec4
    %pushi/vec4 0, 0, 32; draw_string_vec4
    %concat/vec4; draw_string_vec4
    %pushi/vec4 7234919, 0, 32; draw_string_vec4
    %concat/vec4; draw_string_vec4
    %pushi/vec4 1635019126, 0, 32; draw_string_vec4
    %concat/vec4; draw_string_vec4
    %pushi/vec4 1696626720, 0, 32; draw_string_vec4
    %concat/vec4; draw_string_vec4
    %pushi/vec4 1886352233, 0, 32; draw_string_vec4
    %concat/vec4; draw_string_vec4
    %pushi/vec4 1953068645, 0, 32; draw_string_vec4
    %concat/vec4; draw_string_vec4
    %store/vec4 v0x623c486ab860_0, 0, 352;
    %fork TD_booth_multiplier_tb.show_mul, S_0x623c486ab4c0;
    %join;
    %pushi/vec4 3, 0, 8;
    %store/vec4 v0x623c486ab6a0_0, 0, 8;
    %pushi/vec4 251, 0, 8;
    %store/vec4 v0x623c486ab780_0, 0, 8;
    %pushi/vec4 0, 0, 32; draw_string_vec4
    %pushi/vec4 0, 0, 32; draw_string_vec4
    %concat/vec4; draw_string_vec4
    %pushi/vec4 0, 0, 32; draw_string_vec4
    %concat/vec4; draw_string_vec4
    %pushi/vec4 0, 0, 32; draw_string_vec4
    %concat/vec4; draw_string_vec4
    %pushi/vec4 0, 0, 32; draw_string_vec4
    %concat/vec4; draw_string_vec4
    %pushi/vec4 0, 0, 32; draw_string_vec4
    %concat/vec4; draw_string_vec4
    %pushi/vec4 7368563, 0, 32; draw_string_vec4
    %concat/vec4; draw_string_vec4
    %pushi/vec4 1769236854, 0, 32; draw_string_vec4
    %concat/vec4; draw_string_vec4
    %pushi/vec4 1696626720, 0, 32; draw_string_vec4
    %concat/vec4; draw_string_vec4
    %pushi/vec4 1852139361, 0, 32; draw_string_vec4
    %concat/vec4; draw_string_vec4
    %pushi/vec4 1953068645, 0, 32; draw_string_vec4
    %concat/vec4; draw_string_vec4
    %store/vec4 v0x623c486ab860_0, 0, 352;
    %fork TD_booth_multiplier_tb.show_mul, S_0x623c486ab4c0;
    %join;
    %pushi/vec4 253, 0, 8;
    %store/vec4 v0x623c486ab6a0_0, 0, 8;
    %pushi/vec4 251, 0, 8;
    %store/vec4 v0x623c486ab780_0, 0, 8;
    %pushi/vec4 0, 0, 32; draw_string_vec4
    %pushi/vec4 0, 0, 32; draw_string_vec4
    %concat/vec4; draw_string_vec4
    %pushi/vec4 0, 0, 32; draw_string_vec4
    %concat/vec4; draw_string_vec4
    %pushi/vec4 0, 0, 32; draw_string_vec4
    %concat/vec4; draw_string_vec4
    %pushi/vec4 0, 0, 32; draw_string_vec4
    %concat/vec4; draw_string_vec4
    %pushi/vec4 0, 0, 32; draw_string_vec4
    %concat/vec4; draw_string_vec4
    %pushi/vec4 7234919, 0, 32; draw_string_vec4
    %concat/vec4; draw_string_vec4
    %pushi/vec4 1635019126, 0, 32; draw_string_vec4
    %concat/vec4; draw_string_vec4
    %pushi/vec4 1696626720, 0, 32; draw_string_vec4
    %concat/vec4; draw_string_vec4
    %pushi/vec4 1852139361, 0, 32; draw_string_vec4
    %concat/vec4; draw_string_vec4
    %pushi/vec4 1953068645, 0, 32; draw_string_vec4
    %concat/vec4; draw_string_vec4
    %store/vec4 v0x623c486ab860_0, 0, 352;
    %fork TD_booth_multiplier_tb.show_mul, S_0x623c486ab4c0;
    %join;
    %pushi/vec4 3, 0, 8;
    %store/vec4 v0x623c486ab6a0_0, 0, 8;
    %pushi/vec4 7, 0, 8;
    %store/vec4 v0x623c486ab780_0, 0, 8;
    %pushi/vec4 0, 0, 32; draw_string_vec4
    %pushi/vec4 0, 0, 32; draw_string_vec4
    %concat/vec4; draw_string_vec4
    %pushi/vec4 0, 0, 32; draw_string_vec4
    %concat/vec4; draw_string_vec4
    %pushi/vec4 0, 0, 32; draw_string_vec4
    %concat/vec4; draw_string_vec4
    %pushi/vec4 0, 0, 32; draw_string_vec4
    %concat/vec4; draw_string_vec4
    %pushi/vec4 0, 0, 32; draw_string_vec4
    %concat/vec4; draw_string_vec4
    %pushi/vec4 0, 0, 32; draw_string_vec4
    %concat/vec4; draw_string_vec4
    %pushi/vec4 1920298528, 0, 32; draw_string_vec4
    %concat/vec4; draw_string_vec4
    %pushi/vec4 1868963951, 0, 32; draw_string_vec4
    %concat/vec4; draw_string_vec4
    %pushi/vec4 1852142368, 0, 32; draw_string_vec4
    %concat/vec4; draw_string_vec4
    %pushi/vec4 1768824913, 0, 32; draw_string_vec4
    %concat/vec4; draw_string_vec4
    %store/vec4 v0x623c486ab860_0, 0, 352;
    %fork TD_booth_multiplier_tb.show_mul, S_0x623c486ab4c0;
    %join;
    %pushi/vec4 128, 0, 8;
    %store/vec4 v0x623c486ab6a0_0, 0, 8;
    %pushi/vec4 2, 0, 8;
    %store/vec4 v0x623c486ab780_0, 0, 8;
    %pushi/vec4 0, 0, 32; draw_string_vec4
    %pushi/vec4 7170414, 0, 32; draw_string_vec4
    %concat/vec4; draw_string_vec4
    %pushi/vec4 544743474, 0, 32; draw_string_vec4
    %concat/vec4; draw_string_vec4
    %pushi/vec4 975204214, 0, 32; draw_string_vec4
    %concat/vec4; draw_string_vec4
    %pushi/vec4 1701996140, 0, 32; draw_string_vec4
    %concat/vec4; draw_string_vec4
    %pushi/vec4 1870099232, 0, 32; draw_string_vec4
    %concat/vec4; draw_string_vec4
    %pushi/vec4 1634607182, 0, 32; draw_string_vec4
    %concat/vec4; draw_string_vec4
    %pushi/vec4 761424244, 0, 32; draw_string_vec4
    %concat/vec4; draw_string_vec4
    %pushi/vec4 543253347, 0, 32; draw_string_vec4
    %concat/vec4; draw_string_vec4
    %pushi/vec4 1970107756, 0, 32; draw_string_vec4
    %concat/vec4; draw_string_vec4
    %pushi/vec4 1635020658, 0, 32; draw_string_vec4
    %concat/vec4; draw_string_vec4
    %store/vec4 v0x623c486ab860_0, 0, 352;
    %fork TD_booth_multiplier_tb.show_mul, S_0x623c486ab4c0;
    %join;
    %pushi/vec4 128, 0, 8;
    %store/vec4 v0x623c486ab6a0_0, 0, 8;
    %pushi/vec4 128, 0, 8;
    %store/vec4 v0x623c486ab780_0, 0, 8;
    %pushi/vec4 0, 0, 32; draw_string_vec4
    %pushi/vec4 0, 0, 32; draw_string_vec4
    %concat/vec4; draw_string_vec4
    %pushi/vec4 0, 0, 32; draw_string_vec4
    %concat/vec4; draw_string_vec4
    %pushi/vec4 0, 0, 32; draw_string_vec4
    %concat/vec4; draw_string_vec4
    %pushi/vec4 28009, 0, 32; draw_string_vec4
    %concat/vec4; draw_string_vec4
    %pushi/vec4 1847621664, 0, 32; draw_string_vec4
    %concat/vec4; draw_string_vec4
    %pushi/vec4 1835626042, 0, 32; draw_string_vec4
    %concat/vec4; draw_string_vec4
    %pushi/vec4 543973746, 0, 32; draw_string_vec4
    %concat/vec4; draw_string_vec4
    %pushi/vec4 1734701940, 0, 32; draw_string_vec4
    %concat/vec4; draw_string_vec4
    %pushi/vec4 544240239, 0, 32; draw_string_vec4
    %concat/vec4; draw_string_vec4
    %pushi/vec4 1685414772, 0, 32; draw_string_vec4
    %concat/vec4; draw_string_vec4
    %store/vec4 v0x623c486ab860_0, 0, 352;
    %fork TD_booth_multiplier_tb.show_mul, S_0x623c486ab4c0;
    %join;
    %pushi/vec4 127, 0, 8;
    %store/vec4 v0x623c486ab6a0_0, 0, 8;
    %pushi/vec4 127, 0, 8;
    %store/vec4 v0x623c486ab780_0, 0, 8;
    %pushi/vec4 0, 0, 32; draw_string_vec4
    %pushi/vec4 0, 0, 32; draw_string_vec4
    %concat/vec4; draw_string_vec4
    %pushi/vec4 0, 0, 32; draw_string_vec4
    %concat/vec4; draw_string_vec4
    %pushi/vec4 0, 0, 32; draw_string_vec4
    %concat/vec4; draw_string_vec4
    %pushi/vec4 0, 0, 32; draw_string_vec4
    %concat/vec4; draw_string_vec4
    %pushi/vec4 0, 0, 32; draw_string_vec4
    %concat/vec4; draw_string_vec4
    %pushi/vec4 0, 0, 32; draw_string_vec4
    %concat/vec4; draw_string_vec4
    %pushi/vec4 0, 0, 32; draw_string_vec4
    %concat/vec4; draw_string_vec4
    %pushi/vec4 109, 0, 32; draw_string_vec4
    %concat/vec4; draw_string_vec4
    %pushi/vec4 1635262584, 0, 32; draw_string_vec4
    %concat/vec4; draw_string_vec4
    %pushi/vec4 544039288, 0, 32; draw_string_vec4
    %concat/vec4; draw_string_vec4
    %store/vec4 v0x623c486ab860_0, 0, 352;
    %fork TD_booth_multiplier_tb.show_mul, S_0x623c486ab4c0;
    %join;
    %pushi/vec4 128, 0, 8;
    %store/vec4 v0x623c486ab6a0_0, 0, 8;
    %pushi/vec4 127, 0, 8;
    %store/vec4 v0x623c486ab780_0, 0, 8;
    %pushi/vec4 0, 0, 32; draw_string_vec4
    %pushi/vec4 0, 0, 32; draw_string_vec4
    %concat/vec4; draw_string_vec4
    %pushi/vec4 0, 0, 32; draw_string_vec4
    %concat/vec4; draw_string_vec4
    %pushi/vec4 0, 0, 32; draw_string_vec4
    %concat/vec4; draw_string_vec4
    %pushi/vec4 0, 0, 32; draw_string_vec4
    %concat/vec4; draw_string_vec4
    %pushi/vec4 0, 0, 32; draw_string_vec4
    %concat/vec4; draw_string_vec4
    %pushi/vec4 0, 0, 32; draw_string_vec4
    %concat/vec4; draw_string_vec4
    %pushi/vec4 0, 0, 32; draw_string_vec4
    %concat/vec4; draw_string_vec4
    %pushi/vec4 109, 0, 32; draw_string_vec4
    %concat/vec4; draw_string_vec4
    %pushi/vec4 1768824952, 0, 32; draw_string_vec4
    %concat/vec4; draw_string_vec4
    %pushi/vec4 544039288, 0, 32; draw_string_vec4
    %concat/vec4; draw_string_vec4
    %store/vec4 v0x623c486ab860_0, 0, 352;
    %fork TD_booth_multiplier_tb.show_mul, S_0x623c486ab4c0;
    %join;
    %pushi/vec4 85, 0, 8;
    %store/vec4 v0x623c486ab6a0_0, 0, 8;
    %pushi/vec4 170, 0, 8;
    %store/vec4 v0x623c486ab780_0, 0, 8;
    %pushi/vec4 0, 0, 32; draw_string_vec4
    %pushi/vec4 0, 0, 32; draw_string_vec4
    %concat/vec4; draw_string_vec4
    %pushi/vec4 0, 0, 32; draw_string_vec4
    %concat/vec4; draw_string_vec4
    %pushi/vec4 0, 0, 32; draw_string_vec4
    %concat/vec4; draw_string_vec4
    %pushi/vec4 1634497637, 0, 32; draw_string_vec4
    %concat/vec4; draw_string_vec4
    %pushi/vec4 1919836532, 0, 32; draw_string_vec4
    %concat/vec4; draw_string_vec4
    %pushi/vec4 1768843040, 0, 32; draw_string_vec4
    %concat/vec4; draw_string_vec4
    %pushi/vec4 1651078259, 0, 32; draw_string_vec4
    %concat/vec4; draw_string_vec4
    %pushi/vec4 975206255, 0, 32; draw_string_vec4
    %concat/vec4; draw_string_vec4
    %pushi/vec4 1920168992, 0, 32; draw_string_vec4
    %concat/vec4; draw_string_vec4
    %pushi/vec4 1667330917, 0, 32; draw_string_vec4
    %concat/vec4; draw_string_vec4
    %store/vec4 v0x623c486ab860_0, 0, 352;
    %fork TD_booth_multiplier_tb.show_mul, S_0x623c486ab4c0;
    %join;
    %pushi/vec4 5, 0, 8;
    %store/vec4 v0x623c486ab6a0_0, 0, 8;
    %pushi/vec4 255, 0, 8;
    %store/vec4 v0x623c486ab780_0, 0, 8;
    %pushi/vec4 0, 0, 32; draw_string_vec4
    %pushi/vec4 0, 0, 32; draw_string_vec4
    %concat/vec4; draw_string_vec4
    %pushi/vec4 0, 0, 32; draw_string_vec4
    %concat/vec4; draw_string_vec4
    %pushi/vec4 24940, 0, 32; draw_string_vec4
    %concat/vec4; draw_string_vec4
    %pushi/vec4 1814065006, 0, 32; draw_string_vec4
    %concat/vec4; draw_string_vec4
    %pushi/vec4 1702043757, 0, 32; draw_string_vec4
    %concat/vec4; draw_string_vec4
    %pushi/vec4 1970041961, 0, 32; draw_string_vec4
    %concat/vec4; draw_string_vec4
    %pushi/vec4 1886153061, 0, 32; draw_string_vec4
    %concat/vec4; draw_string_vec4
    %pushi/vec4 1916412002, 0, 32; draw_string_vec4
    %concat/vec4; draw_string_vec4
    %pushi/vec4 1702065184, 0, 32; draw_string_vec4
    %concat/vec4; draw_string_vec4
    %pushi/vec4 1667330917, 0, 32; draw_string_vec4
    %concat/vec4; draw_string_vec4
    %store/vec4 v0x623c486ab860_0, 0, 352;
    %fork TD_booth_multiplier_tb.show_mul, S_0x623c486ab4c0;
    %join;
    %load/vec4 v0x623c486abb20_0;
    %cmpi/e 0, 0, 32;
    %jmp/0xz  T_10.2, 4;
    %vpi_call/w 3 132 "$display", "  directed cases clean" {0 0 0};
T_10.2 ;
    %vpi_call/w 3 135 "$dumpoff" {0 0 0};
    %vpi_call/w 3 136 "$display", "\000" {0 0 0};
    %vpi_call/w 3 137 "$display", "--- exhaustive: all %0d signed operand pairs ---", 32'sb00000000000000010000000000000000 {0 0 0};
    %pushi/vec4 0, 0, 32;
    %store/vec4 v0x623c486ac480_0, 0, 32;
    %pushi/vec4 0, 0, 32;
    %store/vec4 v0x623c486ac650_0, 0, 32;
    %pushi/vec4 0, 0, 32;
    %store/vec4 v0x623c486abdd0_0, 0, 32;
    %pushi/vec4 1000, 0, 32;
    %store/vec4 v0x623c486abeb0_0, 0, 32;
    %pushi/vec4 0, 0, 32;
    %store/vec4 v0x623c486ac730_0, 0, 32;
T_10.4 ;
    %load/vec4 v0x623c486ac730_0;
    %cmpi/s 256, 0, 32;
    %jmp/0xz T_10.5, 5;
    %pushi/vec4 0, 0, 32;
    %store/vec4 v0x623c486ac810_0, 0, 32;
T_10.6 ;
    %load/vec4 v0x623c486ac810_0;
    %cmpi/s 256, 0, 32;
    %jmp/0xz T_10.7, 5;
    %load/vec4 v0x623c486ac730_0;
    %parti/s 8, 0, 2;
    %store/vec4 v0x623c4867a730_0, 0, 8;
    %load/vec4 v0x623c486ac810_0;
    %parti/s 8, 0, 2;
    %store/vec4 v0x623c48678340_0, 0, 8;
    %fork TD_booth_multiplier_tb.do_mul, S_0x623c48651d80;
    %join;
    %load/vec4 v0x623c486ac810_0;
    %addi 1, 0, 32;
    %store/vec4 v0x623c486ac810_0, 0, 32;
    %jmp T_10.6;
T_10.7 ;
    %load/vec4 v0x623c486ac730_0;
    %addi 1, 0, 32;
    %store/vec4 v0x623c486ac730_0, 0, 32;
    %jmp T_10.4;
T_10.5 ;
    %vpi_call/w 3 148 "$display", "  %0d products checked against Verilog signed multiply", v0x623c486ac480_0 {0 0 0};
    %vpi_call/w 3 149 "$display", "\000" {0 0 0};
    %vpi_call/w 3 150 "$display", "--- cycle cost per multiply (CALC steps only) ---" {0 0 0};
    %vpi_call/w 3 151 "$display", "  plain shift-and-add / 1-bit Booth: %0d steps always", P_0x623c48686bc0 {0 0 0};
    %load/vec4 v0x623c486ac650_0;
    %cvt/rv/s;
    %pushi/real 1073741824, 4066; load=1.00000
    %mul/wr;
    %load/vec4 v0x623c486ac480_0;
    %cvt/rv;
    %div/wr;
    %load/vec4 v0x623c486ac650_0;
    %cvt/rv/s;
    %pushi/real 1677721600, 4072; load=100.000
    %mul/wr;
    %load/vec4 v0x623c486ac480_0;
    %muli 8, 0, 32;
    %cvt/rv;
    %div/wr;
    %vpi_call/w 3 152 "$display", "  this design: min %0d, max %0d, average %0.2f  (%0.1f%% of it)", v0x623c486abeb0_0, v0x623c486abdd0_0, W<1,r>, W<0,r> {0 2 0};
    %vpi_call/w 3 156 "$display", "\000" {0 0 0};
    %load/vec4 v0x623c486abb20_0;
    %cmpi/e 0, 0, 32;
    %jmp/0xz  T_10.8, 4;
    %vpi_call/w 3 158 "$display", "========== PASS: booth_multiplier clean ==========" {0 0 0};
    %jmp T_10.9;
T_10.8 ;
    %vpi_call/w 3 160 "$display", "========== FAIL: %0d error(s) ==========", v0x623c486abb20_0 {0 0 0};
T_10.9 ;
    %vpi_call/w 3 161 "$finish" {0 0 0};
    %end;
    .thread T_10;
# The file index is used to find the file name in the following table.
:file_names 9;
    "N/A";
    "<interactive>";
    "-";
    "booth_multiplier_tb.v";
    "booth_multiplier.v";
    "booth_control.v";
    "booth_datapath.v";
    "skip_encode.v";
    "barrel_ashr.v";
