Flow report for waiting_room
Sat Aug  8 22:59:08 2026
Quartus Prime Version 25.1std.0 Build 1129 10/21/2025 SC Lite Edition


---------------------
; Table of Contents ;
---------------------
  1. Legal Notice
  2. Flow Summary
  3. Flow Settings
  4. Flow Non-Default Global Settings
  5. Flow Elapsed Time
  6. Flow OS Summary
  7. Flow Log
  8. Flow Messages
  9. Flow Suppressed Messages



----------------
; Legal Notice ;
----------------
Copyright (C) 2025  Altera Corporation. All rights reserved.
Your use of Altera Corporation's design tools, logic functions 
and other software and tools, and any partner logic 
functions, and any output files from any of the foregoing 
(including device programming or simulation files), and any 
associated documentation or information are expressly subject 
to the terms and conditions of the Altera Program License 
Subscription Agreement, the Altera Quartus Prime License Agreement,
the Altera IP License Agreement, or other applicable license
agreement, including, without limitation, that your use is for
the sole purpose of programming logic devices manufactured by
Altera and sold by Altera or its authorized distributors.  Please
refer to the Altera Software License Subscription Agreements 
on the Quartus Prime software download page.



+--------------------------------------------------------------------------------------+
; Flow Summary                                                                         ;
+------------------------------------+-------------------------------------------------+
; Flow Status                        ; Successful - Sat Aug  8 22:59:05 2026           ;
; Quartus Prime Version              ; 25.1std.0 Build 1129 10/21/2025 SC Lite Edition ;
; Revision Name                      ; waiting_room                                    ;
; Top-level Entity Name              ; waiting_room                                    ;
; Family                             ; Cyclone IV E                                    ;
; Device                             ; EP4CE22F17C6                                    ;
; Timing Models                      ; Final                                           ;
; Total logic elements               ; 10 / 22,320 ( < 1 % )                           ;
;     Total combinational functions  ; 10 / 22,320 ( < 1 % )                           ;
;     Dedicated logic registers      ; 6 / 22,320 ( < 1 % )                            ;
; Total registers                    ; 6                                               ;
; Total pins                         ; 12 / 154 ( 8 % )                                ;
; Total virtual pins                 ; 0                                               ;
; Total memory bits                  ; 0 / 608,256 ( 0 % )                             ;
; Embedded Multiplier 9-bit elements ; 0 / 132 ( 0 % )                                 ;
; Total PLLs                         ; 0 / 4 ( 0 % )                                   ;
+------------------------------------+-------------------------------------------------+


+-----------------------------------------+
; Flow Settings                           ;
+-------------------+---------------------+
; Option            ; Setting             ;
+-------------------+---------------------+
; Start date & time ; 08/08/2026 22:58:49 ;
; Main task         ; Compilation         ;
; Revision Name     ; waiting_room        ;
+-------------------+---------------------+


+-------------------------------------------------------------------------------------------------------------------------+
; Flow Non-Default Global Settings                                                                                        ;
+-------------------------------------+----------------------------------------+---------------+-------------+------------+
; Assignment Name                     ; Value                                  ; Default Value ; Entity Name ; Section Id ;
+-------------------------------------+----------------------------------------+---------------+-------------+------------+
; COMPILER_SIGNATURE_ID               ; 48909478294587.178621732960404         ; --            ; --          ; --         ;
; MAX_CORE_JUNCTION_TEMP              ; 85                                     ; --            ; --          ; --         ;
; MIN_CORE_JUNCTION_TEMP              ; 0                                      ; --            ; --          ; --         ;
; PARTITION_COLOR                     ; -- (Not supported for targeted family) ; --            ; --          ; Top        ;
; PARTITION_FITTER_PRESERVATION_LEVEL ; -- (Not supported for targeted family) ; --            ; --          ; Top        ;
; PARTITION_NETLIST_TYPE              ; -- (Not supported for targeted family) ; --            ; --          ; Top        ;
; PROJECT_OUTPUT_DIRECTORY            ; output_files                           ; --            ; --          ; --         ;
+-------------------------------------+----------------------------------------+---------------+-------------+------------+


+--------------------------------------------------------------------------------------------------------------------------+
; Flow Elapsed Time                                                                                                        ;
+----------------------+--------------+-------------------------+---------------------+------------------------------------+
; Module Name          ; Elapsed Time ; Average Processors Used ; Peak Virtual Memory ; Total CPU Time (on all processors) ;
+----------------------+--------------+-------------------------+---------------------+------------------------------------+
; Analysis & Synthesis ; 00:00:08     ; 1.0                     ; 479 MB              ; 00:00:22                           ;
; Fitter               ; 00:00:05     ; 1.0                     ; 1398 MB             ; 00:00:07                           ;
; Assembler            ; 00:00:01     ; 1.0                     ; 364 MB              ; 00:00:01                           ;
; Timing Analyzer      ; 00:00:02     ; 1.0                     ; 542 MB              ; 00:00:02                           ;
; Total                ; 00:00:16     ; --                      ; --                  ; 00:00:32                           ;
+----------------------+--------------+-------------------------+---------------------+------------------------------------+


+-----------------------------------------------------------------------------------------+
; Flow OS Summary                                                                         ;
+----------------------+--------------------------+---------+------------+----------------+
; Module Name          ; Machine Hostname         ; OS Name ; OS Version ; Processor type ;
+----------------------+--------------------------+---------+------------+----------------+
; Analysis & Synthesis ; divar-ThinkPad-T14-Gen-4 ; Ubuntu  ; 24         ; x86_64         ;
; Fitter               ; divar-ThinkPad-T14-Gen-4 ; Ubuntu  ; 24         ; x86_64         ;
; Assembler            ; divar-ThinkPad-T14-Gen-4 ; Ubuntu  ; 24         ; x86_64         ;
; Timing Analyzer      ; divar-ThinkPad-T14-Gen-4 ; Ubuntu  ; 24         ; x86_64         ;
+----------------------+--------------------------+---------+------------+----------------+


------------
; Flow Log ;
------------
quartus_map --read_settings_files=on --write_settings_files=off waiting_room -c waiting_room
quartus_fit --read_settings_files=off --write_settings_files=off waiting_room -c waiting_room
quartus_asm --read_settings_files=off --write_settings_files=off waiting_room -c waiting_room
quartus_sta waiting_room -c waiting_room



