Flow report for exp9
Sat Sep 12 20:59:22 2026
Quartus II 64-Bit Version 13.0.1 Build 232 06/12/2013 Service Pack 1 SJ Web Edition


---------------------
; Table of Contents ;
---------------------
  1. Legal Notice
  2. Flow Summary
  3. Flow Settings
  4. Flow Non-Default Global Settings
  5. Flow Elapsed Time
  6. Flow OS Summary
  7. Flow Log
  8. Flow Messages
  9. Flow Suppressed Messages



----------------
; Legal Notice ;
----------------
Copyright (C) 1991-2013 Altera Corporation
Your use of Altera Corporation's design tools, logic functions 
and other software and tools, and its AMPP partner logic 
functions, and any output files from any of the foregoing 
(including device programming or simulation files), and any 
associated documentation or information are expressly subject 
to the terms and conditions of the Altera Program License 
Subscription Agreement, Altera MegaCore Function License 
Agreement, or other applicable license agreement, including, 
without limitation, that your use is for the sole purpose of 
programming logic devices manufactured by Altera and sold by 
Altera or its authorized distributors.  Please refer to the 
applicable agreement for further details.



+--------------------------------------------------------------------------------------+
; Flow Summary                                                                         ;
+------------------------------------+-------------------------------------------------+
; Flow Status                        ; Successful - Sat Sep 12 20:59:19 2026           ;
; Quartus II 64-Bit Version          ; 13.0.1 Build 232 06/12/2013 SP 1 SJ Web Edition ;
; Revision Name                      ; exp9                                            ;
; Top-level Entity Name              ; tcam_16x16_top                                  ;
; Family                             ; Cyclone IV GX                                   ;
; Total logic elements               ; 600 / 21,280 ( 3 % )                            ;
;     Total combinational functions  ; 344 / 21,280 ( 2 % )                            ;
;     Dedicated logic registers      ; 528 / 21,280 ( 2 % )                            ;
; Total registers                    ; 528                                             ;
; Total pins                         ; 71 / 167 ( 43 % )                               ;
; Total virtual pins                 ; 0                                               ;
; Total memory bits                  ; 0 / 774,144 ( 0 % )                             ;
; Embedded Multiplier 9-bit elements ; 0 / 80 ( 0 % )                                  ;
; Total GXB Receiver Channel PCS     ; 0 / 4 ( 0 % )                                   ;
; Total GXB Receiver Channel PMA     ; 0 / 4 ( 0 % )                                   ;
; Total GXB Transmitter Channel PCS  ; 0 / 4 ( 0 % )                                   ;
; Total GXB Transmitter Channel PMA  ; 0 / 4 ( 0 % )                                   ;
; Total PLLs                         ; 0 / 4 ( 0 % )                                   ;
; Device                             ; EP4CGX22CF19C6                                  ;
; Timing Models                      ; Final                                           ;
+------------------------------------+-------------------------------------------------+


+-----------------------------------------+
; Flow Settings                           ;
+-------------------+---------------------+
; Option            ; Setting             ;
+-------------------+---------------------+
; Start date & time ; 09/12/2026 20:59:06 ;
; Main task         ; Compilation         ;
; Revision Name     ; exp9                ;
+-------------------+---------------------+


+--------------------------------------------------------------------------------------------------------------------+
; Flow Non-Default Global Settings                                                                                   ;
+-------------------------------------+--------------------------------+---------------+----------------+------------+
; Assignment Name                     ; Value                          ; Default Value ; Entity Name    ; Section Id ;
+-------------------------------------+--------------------------------+---------------+----------------+------------+
; COMPILER_SIGNATURE_ID               ; 48751573587299.178923414607068 ; --            ; --             ; --         ;
; PARTITION_COLOR                     ; 16764057                       ; --            ; tcam_16x16_top ; Top        ;
; PARTITION_FITTER_PRESERVATION_LEVEL ; PLACEMENT_AND_ROUTING          ; --            ; tcam_16x16_top ; Top        ;
; PARTITION_NETLIST_TYPE              ; SOURCE                         ; --            ; tcam_16x16_top ; Top        ;
; PROJECT_OUTPUT_DIRECTORY            ; output_files                   ; --            ; --             ; --         ;
; TOP_LEVEL_ENTITY                    ; tcam_16x16_top                 ; exp9          ; --             ; --         ;
+-------------------------------------+--------------------------------+---------------+----------------+------------+


+-------------------------------------------------------------------------------------------------------------------------------+
; Flow Elapsed Time                                                                                                             ;
+---------------------------+--------------+-------------------------+---------------------+------------------------------------+
; Module Name               ; Elapsed Time ; Average Processors Used ; Peak Virtual Memory ; Total CPU Time (on all processors) ;
+---------------------------+--------------+-------------------------+---------------------+------------------------------------+
; Analysis & Synthesis      ; 00:00:01     ; 1.0                     ; 4630 MB             ; 00:00:01                           ;
; Fitter                    ; 00:00:09     ; 1.0                     ; 5009 MB             ; 00:00:09                           ;
; Assembler                 ; 00:00:01     ; 1.0                     ; 4596 MB             ; 00:00:01                           ;
; TimeQuest Timing Analyzer ; 00:00:02     ; 1.0                     ; 4627 MB             ; 00:00:02                           ;
; Total                     ; 00:00:13     ; --                      ; --                  ; 00:00:13                           ;
+---------------------------+--------------+-------------------------+---------------------+------------------------------------+


+----------------------------------------------------------------------------------------+
; Flow OS Summary                                                                        ;
+---------------------------+------------------+-----------+------------+----------------+
; Module Name               ; Machine Hostname ; OS Name   ; OS Version ; Processor type ;
+---------------------------+------------------+-----------+------------+----------------+
; Analysis & Synthesis      ; sanctious        ; Windows 7 ; 6.2        ; x86_64         ;
; Fitter                    ; sanctious        ; Windows 7 ; 6.2        ; x86_64         ;
; Assembler                 ; sanctious        ; Windows 7 ; 6.2        ; x86_64         ;
; TimeQuest Timing Analyzer ; sanctious        ; Windows 7 ; 6.2        ; x86_64         ;
+---------------------------+------------------+-----------+------------+----------------+


------------
; Flow Log ;
------------
quartus_map --read_settings_files=on --write_settings_files=off exp9 -c exp9
quartus_fit --read_settings_files=off --write_settings_files=off exp9 -c exp9
quartus_asm --read_settings_files=off --write_settings_files=off exp9 -c exp9
quartus_sta exp9 -c exp9



