#! /usr/bin/vvp
:ivl_version "12.0 (stable)";
:ivl_delay_selection "TYPICAL";
:vpi_time_precision - 12;
:vpi_module "/usr/lib/x86_64-linux-gnu/ivl/system.vpi";
:vpi_module "/usr/lib/x86_64-linux-gnu/ivl/vhdl_sys.vpi";
:vpi_module "/usr/lib/x86_64-linux-gnu/ivl/vhdl_textio.vpi";
:vpi_module "/usr/lib/x86_64-linux-gnu/ivl/v2005_math.vpi";
:vpi_module "/usr/lib/x86_64-linux-gnu/ivl/va_math.vpi";
:vpi_module "/usr/lib/x86_64-linux-gnu/ivl/v2009.vpi";
S_0x631bd9b55410 .scope package, "$unit" "$unit" 2 1;
 .timescale 0 0;
S_0x631bd9b5b060 .scope module, "tb_serial_comparator" "tb_serial_comparator" 3 3;
 .timescale -9 -12;
v0x631bd9b86ac0_0 .var "a", 0 0;
v0x631bd9b86b80_0 .var/i "ai", 31 0;
v0x631bd9b86c40_0 .var "b", 0 0;
v0x631bd9b86ce0_0 .var/i "bi", 31 0;
v0x631bd9b86d80_0 .var/i "bit_index", 31 0;
v0x631bd9b86e60_0 .var "clk", 0 0;
v0x631bd9b86f00_0 .net "eq", 0 0, L_0x631bd9b89290;  1 drivers
v0x631bd9b86fa0_0 .var "expected_eq", 0 0;
v0x631bd9b87040_0 .var "expected_gt", 0 0;
v0x631bd9b870e0_0 .var "expected_lt", 0 0;
v0x631bd9b871a0_0 .net "gt", 0 0, L_0x631bd9b88e50;  1 drivers
v0x631bd9b87270_0 .net "lt", 0 0, L_0x631bd9b89490;  1 drivers
v0x631bd9b87340_0 .var "reset", 0 0;
S_0x631bd9b5b1f0 .scope task, "compare_bit" "compare_bit" 3 34, 3 34 0, S_0x631bd9b5b060;
 .timescale -9 -12;
v0x631bd9b5b3d0_0 .var "a_bit", 0 0;
v0x631bd9b83ec0_0 .var "b_bit", 0 0;
v0x631bd9b83f80_0 .var "expected_eq", 0 0;
v0x631bd9b84020_0 .var "expected_gt", 0 0;
v0x631bd9b840e0_0 .var "expected_lt", 0 0;
TD_tb_serial_comparator.compare_bit ;
    %load/vec4 v0x631bd9b5b3d0_0;
    %store/vec4 v0x631bd9b86ac0_0, 0, 1;
    %load/vec4 v0x631bd9b83ec0_0;
    %store/vec4 v0x631bd9b86c40_0, 0, 1;
    %delay 1000, 0;
    %pushi/vec4 1, 0, 1;
    %store/vec4 v0x631bd9b86e60_0, 0, 1;
    %delay 1000, 0;
    %load/vec4 v0x631bd9b871a0_0;
    %load/vec4 v0x631bd9b86f00_0;
    %concat/vec4; draw_concat_vec4
    %load/vec4 v0x631bd9b87270_0;
    %concat/vec4; draw_concat_vec4
    %load/vec4 v0x631bd9b84020_0;
    %load/vec4 v0x631bd9b83f80_0;
    %concat/vec4; draw_concat_vec4
    %load/vec4 v0x631bd9b840e0_0;
    %concat/vec4; draw_concat_vec4
    %cmp/ne;
    %jmp/0xz  T_0.0, 6;
    %vpi_call/w 3 47 "$display", "FAIL: a=%b b=%b gt=%b eq=%b lt=%b expected=%b%b%b", v0x631bd9b86ac0_0, v0x631bd9b86c40_0, v0x631bd9b871a0_0, v0x631bd9b86f00_0, v0x631bd9b87270_0, v0x631bd9b84020_0, v0x631bd9b83f80_0, v0x631bd9b840e0_0 {0 0 0};
    %vpi_call/w 3 50 "$finish" {0 0 0};
T_0.0 ;
    %pushi/vec4 0, 0, 1;
    %store/vec4 v0x631bd9b86e60_0, 0, 1;
    %delay 1000, 0;
    %end;
S_0x631bd9b841f0 .scope task, "do_reset" "do_reset" 3 20, 3 20 0, S_0x631bd9b5b060;
 .timescale -9 -12;
TD_tb_serial_comparator.do_reset ;
    %pushi/vec4 0, 0, 1;
    %store/vec4 v0x631bd9b86e60_0, 0, 1;
    %pushi/vec4 1, 0, 1;
    %store/vec4 v0x631bd9b87340_0, 0, 1;
    %delay 1000, 0;
    %load/vec4 v0x631bd9b871a0_0;
    %load/vec4 v0x631bd9b86f00_0;
    %concat/vec4; draw_concat_vec4
    %load/vec4 v0x631bd9b87270_0;
    %concat/vec4; draw_concat_vec4
    %cmpi/ne 2, 0, 3;
    %jmp/0xz  T_1.2, 6;
    %vpi_call/w 3 26 "$display", "FAIL: reset gt=%b eq=%b lt=%b", v0x631bd9b871a0_0, v0x631bd9b86f00_0, v0x631bd9b87270_0 {0 0 0};
    %vpi_call/w 3 27 "$finish" {0 0 0};
T_1.2 ;
    %pushi/vec4 0, 0, 1;
    %store/vec4 v0x631bd9b87340_0, 0, 1;
    %delay 1000, 0;
    %end;
S_0x631bd9b843f0 .scope module, "dut" "serial_comparator" 3 18, 4 3 0, S_0x631bd9b5b060;
 .timescale -9 -12;
    .port_info 0 /INPUT 1 "clk";
    .port_info 1 /INPUT 1 "reset";
    .port_info 2 /INPUT 1 "a";
    .port_info 3 /INPUT 1 "b";
    .port_info 4 /OUTPUT 1 "gt";
    .port_info 5 /OUTPUT 1 "eq";
    .port_info 6 /OUTPUT 1 "lt";
L_0x631bd9b875e0 .functor NOT 1, L_0x631bd9b87510, C4<0>, C4<0>, C4<0>;
L_0x631bd9b87740 .functor NOT 1, L_0x631bd9b876a0, C4<0>, C4<0>, C4<0>;
L_0x631bd9b87830 .functor AND 1, L_0x631bd9b875e0, L_0x631bd9b87740, C4<1>, C4<1>;
L_0x631bd9b87940 .functor AND 1, L_0x631bd9b87830, v0x631bd9b86ac0_0, C4<1>, C4<1>;
L_0x631bd9b87a80 .functor NOT 1, v0x631bd9b86c40_0, C4<0>, C4<0>, C4<0>;
L_0x631bd9b87b40 .functor AND 1, L_0x631bd9b87940, L_0x631bd9b87a80, C4<1>, C4<1>;
L_0x631bd9b87c90 .functor OR 1, L_0x631bd9b87410, L_0x631bd9b87b40, C4<0>, C4<0>;
L_0x631bd9b880d0 .functor NOT 1, L_0x631bd9b87ff0, C4<0>, C4<0>, C4<0>;
L_0x631bd9b88230 .functor NOT 1, L_0x631bd9b88190, C4<0>, C4<0>, C4<0>;
L_0x631bd9b882f0 .functor AND 1, L_0x631bd9b880d0, L_0x631bd9b88230, C4<1>, C4<1>;
L_0x631bd9b88460 .functor NOT 1, v0x631bd9b86ac0_0, C4<0>, C4<0>, C4<0>;
L_0x631bd9b884d0 .functor AND 1, L_0x631bd9b882f0, L_0x631bd9b88460, C4<1>, C4<1>;
L_0x631bd9b88600 .functor AND 1, L_0x631bd9b884d0, v0x631bd9b86c40_0, C4<1>, C4<1>;
L_0x631bd9b886c0 .functor OR 1, L_0x631bd9b87ec0, L_0x631bd9b88600, C4<0>, C4<0>;
L_0x631bd9b88590 .functor NOT 1, v0x631bd9b86e60_0, C4<0>, C4<0>, C4<0>;
L_0x631bd9b89050 .functor NOT 1, L_0x631bd9b88fb0, C4<0>, C4<0>, C4<0>;
L_0x631bd9b88f40 .functor NOT 1, L_0x631bd9b891a0, C4<0>, C4<0>, C4<0>;
L_0x631bd9b89290 .functor AND 1, L_0x631bd9b89050, L_0x631bd9b88f40, C4<1>, C4<1>;
v0x631bd9b84680_0 .net *"_ivl_10", 0 0, L_0x631bd9b87740;  1 drivers
v0x631bd9b84740_0 .net *"_ivl_12", 0 0, L_0x631bd9b87830;  1 drivers
v0x631bd9b84820_0 .net *"_ivl_14", 0 0, L_0x631bd9b87940;  1 drivers
v0x631bd9b848e0_0 .net *"_ivl_16", 0 0, L_0x631bd9b87a80;  1 drivers
v0x631bd9b849c0_0 .net *"_ivl_18", 0 0, L_0x631bd9b87b40;  1 drivers
v0x631bd9b84af0_0 .net *"_ivl_20", 0 0, L_0x631bd9b87c90;  1 drivers
v0x631bd9b84bd0_0 .net *"_ivl_26", 0 0, L_0x631bd9b87ec0;  1 drivers
v0x631bd9b84cb0_0 .net *"_ivl_28", 0 0, L_0x631bd9b87ff0;  1 drivers
v0x631bd9b84d90_0 .net *"_ivl_29", 0 0, L_0x631bd9b880d0;  1 drivers
v0x631bd9b84e70_0 .net *"_ivl_3", 0 0, L_0x631bd9b87410;  1 drivers
v0x631bd9b84f50_0 .net *"_ivl_32", 0 0, L_0x631bd9b88190;  1 drivers
v0x631bd9b85030_0 .net *"_ivl_33", 0 0, L_0x631bd9b88230;  1 drivers
v0x631bd9b85110_0 .net *"_ivl_35", 0 0, L_0x631bd9b882f0;  1 drivers
v0x631bd9b851f0_0 .net *"_ivl_37", 0 0, L_0x631bd9b88460;  1 drivers
v0x631bd9b852d0_0 .net *"_ivl_39", 0 0, L_0x631bd9b884d0;  1 drivers
v0x631bd9b853b0_0 .net *"_ivl_41", 0 0, L_0x631bd9b88600;  1 drivers
v0x631bd9b85490_0 .net *"_ivl_43", 0 0, L_0x631bd9b886c0;  1 drivers
L_0x7d260829d018 .functor BUFT 1, C4<00>, C4<0>, C4<0>, C4<0>;
v0x631bd9b85570_0 .net/2u *"_ivl_45", 1 0, L_0x7d260829d018;  1 drivers
v0x631bd9b85650_0 .net *"_ivl_47", 0 0, L_0x631bd9b88590;  1 drivers
v0x631bd9b85730_0 .net *"_ivl_49", 1 0, L_0x631bd9b888f0;  1 drivers
v0x631bd9b85810_0 .net *"_ivl_5", 0 0, L_0x631bd9b87510;  1 drivers
L_0x7d260829d060 .functor BUFT 1, C4<00>, C4<0>, C4<0>, C4<0>;
v0x631bd9b858f0_0 .net/2u *"_ivl_53", 1 0, L_0x7d260829d060;  1 drivers
v0x631bd9b859d0_0 .net *"_ivl_55", 1 0, L_0x631bd9b88c60;  1 drivers
v0x631bd9b85ab0_0 .net *"_ivl_6", 0 0, L_0x631bd9b875e0;  1 drivers
v0x631bd9b85b90_0 .net *"_ivl_62", 0 0, L_0x631bd9b88fb0;  1 drivers
v0x631bd9b85c70_0 .net *"_ivl_63", 0 0, L_0x631bd9b89050;  1 drivers
v0x631bd9b85d50_0 .net *"_ivl_66", 0 0, L_0x631bd9b891a0;  1 drivers
v0x631bd9b85e30_0 .net *"_ivl_67", 0 0, L_0x631bd9b88f40;  1 drivers
v0x631bd9b85f10_0 .net *"_ivl_9", 0 0, L_0x631bd9b876a0;  1 drivers
v0x631bd9b85ff0_0 .net "a", 0 0, v0x631bd9b86ac0_0;  1 drivers
v0x631bd9b860b0_0 .net "b", 0 0, v0x631bd9b86c40_0;  1 drivers
v0x631bd9b86170_0 .net "clk", 0 0, v0x631bd9b86e60_0;  1 drivers
v0x631bd9b86230_0 .net "eq", 0 0, L_0x631bd9b89290;  alias, 1 drivers
v0x631bd9b86500_0 .net "gt", 0 0, L_0x631bd9b88e50;  alias, 1 drivers
v0x631bd9b865c0_0 .net "lt", 0 0, L_0x631bd9b89490;  alias, 1 drivers
v0x631bd9b86680_0 .net "master", 1 0, L_0x631bd9b88a80;  1 drivers
v0x631bd9b86760_0 .net "next_state", 1 0, L_0x631bd9b87da0;  1 drivers
v0x631bd9b86840_0 .net "reset", 0 0, v0x631bd9b87340_0;  1 drivers
v0x631bd9b86900_0 .net "state", 1 0, L_0x631bd9b88d60;  1 drivers
L_0x631bd9b87410 .part L_0x631bd9b88d60, 1, 1;
L_0x631bd9b87510 .part L_0x631bd9b88d60, 1, 1;
L_0x631bd9b876a0 .part L_0x631bd9b88d60, 0, 1;
L_0x631bd9b87da0 .concat8 [ 1 1 0 0], L_0x631bd9b886c0, L_0x631bd9b87c90;
L_0x631bd9b87ec0 .part L_0x631bd9b88d60, 0, 1;
L_0x631bd9b87ff0 .part L_0x631bd9b88d60, 1, 1;
L_0x631bd9b88190 .part L_0x631bd9b88d60, 0, 1;
L_0x631bd9b888f0 .functor MUXZ 2, L_0x631bd9b88a80, L_0x631bd9b87da0, L_0x631bd9b88590, C4<>;
L_0x631bd9b88a80 .functor MUXZ 2, L_0x631bd9b888f0, L_0x7d260829d018, v0x631bd9b87340_0, C4<>;
L_0x631bd9b88c60 .functor MUXZ 2, L_0x631bd9b88d60, L_0x631bd9b88a80, v0x631bd9b86e60_0, C4<>;
L_0x631bd9b88d60 .functor MUXZ 2, L_0x631bd9b88c60, L_0x7d260829d060, v0x631bd9b87340_0, C4<>;
L_0x631bd9b88e50 .part L_0x631bd9b88d60, 1, 1;
L_0x631bd9b88fb0 .part L_0x631bd9b88d60, 1, 1;
L_0x631bd9b891a0 .part L_0x631bd9b88d60, 0, 1;
L_0x631bd9b89490 .part L_0x631bd9b88d60, 0, 1;
    .scope S_0x631bd9b5b060;
T_2 ;
    %pushi/vec4 0, 0, 1;
    %store/vec4 v0x631bd9b86e60_0, 0, 1;
    %pushi/vec4 0, 0, 1;
    %store/vec4 v0x631bd9b87340_0, 0, 1;
    %pushi/vec4 0, 0, 1;
    %store/vec4 v0x631bd9b86ac0_0, 0, 1;
    %pushi/vec4 0, 0, 1;
    %store/vec4 v0x631bd9b86c40_0, 0, 1;
    %pushi/vec4 0, 0, 32;
    %store/vec4 v0x631bd9b86b80_0, 0, 32;
T_2.0 ;
    %load/vec4 v0x631bd9b86b80_0;
    %cmpi/s 16, 0, 32;
    %jmp/0xz T_2.1, 5;
    %pushi/vec4 0, 0, 32;
    %store/vec4 v0x631bd9b86ce0_0, 0, 32;
T_2.2 ;
    %load/vec4 v0x631bd9b86ce0_0;
    %cmpi/s 16, 0, 32;
    %jmp/0xz T_2.3, 5;
    %fork TD_tb_serial_comparator.do_reset, S_0x631bd9b841f0;
    %join;
    %pushi/vec4 0, 0, 1;
    %store/vec4 v0x631bd9b87040_0, 0, 1;
    %pushi/vec4 1, 0, 1;
    %store/vec4 v0x631bd9b86fa0_0, 0, 1;
    %pushi/vec4 0, 0, 1;
    %store/vec4 v0x631bd9b870e0_0, 0, 1;
    %pushi/vec4 3, 0, 32;
    %store/vec4 v0x631bd9b86d80_0, 0, 32;
T_2.4 ;
    %load/vec4 v0x631bd9b86d80_0;
    %cmpi/s 0, 0, 32;
    %flag_inv 5; GE is !LT
    %jmp/0xz T_2.5, 5;
    %load/vec4 v0x631bd9b86fa0_0;
    %flag_set/vec4 9;
    %flag_get/vec4 9;
    %jmp/0 T_2.8, 9;
    %load/vec4 v0x631bd9b86b80_0;
    %load/vec4 v0x631bd9b86d80_0;
    %part/s 1;
    %load/vec4 v0x631bd9b86ce0_0;
    %load/vec4 v0x631bd9b86d80_0;
    %part/s 1;
    %cmp/ne;
    %flag_get/vec4 4;
    %and;
T_2.8;
    %flag_set/vec4 8;
    %jmp/0xz  T_2.6, 8;
    %load/vec4 v0x631bd9b86ce0_0;
    %load/vec4 v0x631bd9b86d80_0;
    %part/s 1;
    %load/vec4 v0x631bd9b86b80_0;
    %load/vec4 v0x631bd9b86d80_0;
    %part/s 1;
    %cmp/u;
    %flag_get/vec4 5;
    %store/vec4 v0x631bd9b87040_0, 0, 1;
    %pushi/vec4 0, 0, 1;
    %store/vec4 v0x631bd9b86fa0_0, 0, 1;
    %load/vec4 v0x631bd9b86b80_0;
    %load/vec4 v0x631bd9b86d80_0;
    %part/s 1;
    %load/vec4 v0x631bd9b86ce0_0;
    %load/vec4 v0x631bd9b86d80_0;
    %part/s 1;
    %cmp/u;
    %flag_get/vec4 5;
    %store/vec4 v0x631bd9b870e0_0, 0, 1;
T_2.6 ;
    %load/vec4 v0x631bd9b86b80_0;
    %load/vec4 v0x631bd9b86d80_0;
    %part/s 1;
    %store/vec4 v0x631bd9b5b3d0_0, 0, 1;
    %load/vec4 v0x631bd9b86ce0_0;
    %load/vec4 v0x631bd9b86d80_0;
    %part/s 1;
    %store/vec4 v0x631bd9b83ec0_0, 0, 1;
    %load/vec4 v0x631bd9b87040_0;
    %store/vec4 v0x631bd9b84020_0, 0, 1;
    %load/vec4 v0x631bd9b86fa0_0;
    %store/vec4 v0x631bd9b83f80_0, 0, 1;
    %load/vec4 v0x631bd9b870e0_0;
    %store/vec4 v0x631bd9b840e0_0, 0, 1;
    %fork TD_tb_serial_comparator.compare_bit, S_0x631bd9b5b1f0;
    %join;
    %load/vec4 v0x631bd9b86d80_0;
    %subi 1, 0, 32;
    %store/vec4 v0x631bd9b86d80_0, 0, 32;
    %jmp T_2.4;
T_2.5 ;
    %load/vec4 v0x631bd9b86ce0_0;
    %addi 1, 0, 32;
    %store/vec4 v0x631bd9b86ce0_0, 0, 32;
    %jmp T_2.2;
T_2.3 ;
    %load/vec4 v0x631bd9b86b80_0;
    %addi 1, 0, 32;
    %store/vec4 v0x631bd9b86b80_0, 0, 32;
    %jmp T_2.0;
T_2.1 ;
    %vpi_call/w 3 82 "$display", "PASS: all 256 serial comparisons at every prefix" {0 0 0};
    %vpi_call/w 3 83 "$finish" {0 0 0};
    %end;
    .thread T_2;
# The file index is used to find the file name in the following table.
:file_names 5;
    "N/A";
    "<interactive>";
    "-";
    "tb_serial_comparator.v";
    "serial_comparator.v";
