#! /usr/bin/vvp
:ivl_version "12.0 (stable)";
:ivl_delay_selection "TYPICAL";
:vpi_time_precision - 12;
:vpi_module "/usr/lib/x86_64-linux-gnu/ivl/system.vpi";
:vpi_module "/usr/lib/x86_64-linux-gnu/ivl/vhdl_sys.vpi";
:vpi_module "/usr/lib/x86_64-linux-gnu/ivl/vhdl_textio.vpi";
:vpi_module "/usr/lib/x86_64-linux-gnu/ivl/v2005_math.vpi";
:vpi_module "/usr/lib/x86_64-linux-gnu/ivl/va_math.vpi";
:vpi_module "/usr/lib/x86_64-linux-gnu/ivl/v2009.vpi";
S_0x55ebd6fd8060 .scope package, "$unit" "$unit" 2 1;
 .timescale 0 0;
S_0x55ebd6fd81f0 .scope module, "tb_serial_waveform" "tb_serial_waveform" 3 3;
 .timescale -9 -12;
v0x55ebd6ff8c60_0 .var "a", 0 0;
v0x55ebd6ff8d20_0 .var "b", 0 0;
v0x55ebd6ff8dc0_0 .var "clk", 0 0;
v0x55ebd6ff8e60_0 .net "eq", 0 0, L_0x55ebd6ffafd0;  1 drivers
v0x55ebd6ff8f00_0 .net "gt", 0 0, L_0x55ebd6ffab90;  1 drivers
v0x55ebd6ff8ff0_0 .net "lt", 0 0, L_0x55ebd6ffb1d0;  1 drivers
v0x55ebd6ff90c0_0 .var "reset", 0 0;
S_0x55ebd6f9b490 .scope module, "dut" "serial_comparator" 3 12, 4 3 0, S_0x55ebd6fd81f0;
 .timescale -9 -12;
    .port_info 0 /INPUT 1 "clk";
    .port_info 1 /INPUT 1 "reset";
    .port_info 2 /INPUT 1 "a";
    .port_info 3 /INPUT 1 "b";
    .port_info 4 /OUTPUT 1 "gt";
    .port_info 5 /OUTPUT 1 "eq";
    .port_info 6 /OUTPUT 1 "lt";
L_0x55ebd6ff93b0 .functor NOT 1, L_0x55ebd6ff9290, C4<0>, C4<0>, C4<0>;
L_0x55ebd6ff9510 .functor NOT 1, L_0x55ebd6ff9470, C4<0>, C4<0>, C4<0>;
L_0x55ebd6ff9600 .functor AND 1, L_0x55ebd6ff93b0, L_0x55ebd6ff9510, C4<1>, C4<1>;
L_0x55ebd6ff9710 .functor AND 1, L_0x55ebd6ff9600, v0x55ebd6ff8c60_0, C4<1>, C4<1>;
L_0x55ebd6ff9850 .functor NOT 1, v0x55ebd6ff8d20_0, C4<0>, C4<0>, C4<0>;
L_0x55ebd6ff9910 .functor AND 1, L_0x55ebd6ff9710, L_0x55ebd6ff9850, C4<1>, C4<1>;
L_0x55ebd6ff9a60 .functor OR 1, L_0x55ebd6ff9190, L_0x55ebd6ff9910, C4<0>, C4<0>;
L_0x55ebd6ff9e10 .functor NOT 1, L_0x55ebd6ff9d30, C4<0>, C4<0>, C4<0>;
L_0x55ebd6ff9f70 .functor NOT 1, L_0x55ebd6ff9ed0, C4<0>, C4<0>, C4<0>;
L_0x55ebd6ffa030 .functor AND 1, L_0x55ebd6ff9e10, L_0x55ebd6ff9f70, C4<1>, C4<1>;
L_0x55ebd6ffa1a0 .functor NOT 1, v0x55ebd6ff8c60_0, C4<0>, C4<0>, C4<0>;
L_0x55ebd6ffa210 .functor AND 1, L_0x55ebd6ffa030, L_0x55ebd6ffa1a0, C4<1>, C4<1>;
L_0x55ebd6ffa340 .functor AND 1, L_0x55ebd6ffa210, v0x55ebd6ff8d20_0, C4<1>, C4<1>;
L_0x55ebd6ffa400 .functor OR 1, L_0x55ebd6ff9c90, L_0x55ebd6ffa340, C4<0>, C4<0>;
L_0x55ebd6ffa2d0 .functor NOT 1, v0x55ebd6ff8dc0_0, C4<0>, C4<0>, C4<0>;
L_0x55ebd6ffad90 .functor NOT 1, L_0x55ebd6ffacf0, C4<0>, C4<0>, C4<0>;
L_0x55ebd6ffac80 .functor NOT 1, L_0x55ebd6ffaee0, C4<0>, C4<0>, C4<0>;
L_0x55ebd6ffafd0 .functor AND 1, L_0x55ebd6ffad90, L_0x55ebd6ffac80, C4<1>, C4<1>;
v0x55ebd6f9b720_0 .net *"_ivl_10", 0 0, L_0x55ebd6ff9510;  1 drivers
v0x55ebd6ff65b0_0 .net *"_ivl_12", 0 0, L_0x55ebd6ff9600;  1 drivers
v0x55ebd6ff6690_0 .net *"_ivl_14", 0 0, L_0x55ebd6ff9710;  1 drivers
v0x55ebd6ff6750_0 .net *"_ivl_16", 0 0, L_0x55ebd6ff9850;  1 drivers
v0x55ebd6ff6830_0 .net *"_ivl_18", 0 0, L_0x55ebd6ff9910;  1 drivers
v0x55ebd6ff6960_0 .net *"_ivl_20", 0 0, L_0x55ebd6ff9a60;  1 drivers
v0x55ebd6ff6a40_0 .net *"_ivl_26", 0 0, L_0x55ebd6ff9c90;  1 drivers
v0x55ebd6ff6b20_0 .net *"_ivl_28", 0 0, L_0x55ebd6ff9d30;  1 drivers
v0x55ebd6ff6c00_0 .net *"_ivl_29", 0 0, L_0x55ebd6ff9e10;  1 drivers
v0x55ebd6ff6ce0_0 .net *"_ivl_3", 0 0, L_0x55ebd6ff9190;  1 drivers
v0x55ebd6ff6dc0_0 .net *"_ivl_32", 0 0, L_0x55ebd6ff9ed0;  1 drivers
v0x55ebd6ff6ea0_0 .net *"_ivl_33", 0 0, L_0x55ebd6ff9f70;  1 drivers
v0x55ebd6ff6f80_0 .net *"_ivl_35", 0 0, L_0x55ebd6ffa030;  1 drivers
v0x55ebd6ff7060_0 .net *"_ivl_37", 0 0, L_0x55ebd6ffa1a0;  1 drivers
v0x55ebd6ff7140_0 .net *"_ivl_39", 0 0, L_0x55ebd6ffa210;  1 drivers
v0x55ebd6ff7220_0 .net *"_ivl_41", 0 0, L_0x55ebd6ffa340;  1 drivers
v0x55ebd6ff7300_0 .net *"_ivl_43", 0 0, L_0x55ebd6ffa400;  1 drivers
L_0x7a4975440018 .functor BUFT 1, C4<00>, C4<0>, C4<0>, C4<0>;
v0x55ebd6ff73e0_0 .net/2u *"_ivl_45", 1 0, L_0x7a4975440018;  1 drivers
v0x55ebd6ff74c0_0 .net *"_ivl_47", 0 0, L_0x55ebd6ffa2d0;  1 drivers
v0x55ebd6ff75a0_0 .net *"_ivl_49", 1 0, L_0x55ebd6ffa630;  1 drivers
v0x55ebd6ff7680_0 .net *"_ivl_5", 0 0, L_0x55ebd6ff9290;  1 drivers
L_0x7a4975440060 .functor BUFT 1, C4<00>, C4<0>, C4<0>, C4<0>;
v0x55ebd6ff7760_0 .net/2u *"_ivl_53", 1 0, L_0x7a4975440060;  1 drivers
v0x55ebd6ff7840_0 .net *"_ivl_55", 1 0, L_0x55ebd6ffa9a0;  1 drivers
v0x55ebd6ff7920_0 .net *"_ivl_6", 0 0, L_0x55ebd6ff93b0;  1 drivers
v0x55ebd6ff7a00_0 .net *"_ivl_62", 0 0, L_0x55ebd6ffacf0;  1 drivers
v0x55ebd6ff7ae0_0 .net *"_ivl_63", 0 0, L_0x55ebd6ffad90;  1 drivers
v0x55ebd6ff7bc0_0 .net *"_ivl_66", 0 0, L_0x55ebd6ffaee0;  1 drivers
v0x55ebd6ff7ca0_0 .net *"_ivl_67", 0 0, L_0x55ebd6ffac80;  1 drivers
v0x55ebd6ff7d80_0 .net *"_ivl_9", 0 0, L_0x55ebd6ff9470;  1 drivers
v0x55ebd6ff7e60_0 .net "a", 0 0, v0x55ebd6ff8c60_0;  1 drivers
v0x55ebd6ff7f20_0 .net "b", 0 0, v0x55ebd6ff8d20_0;  1 drivers
v0x55ebd6ff7fe0_0 .net "clk", 0 0, v0x55ebd6ff8dc0_0;  1 drivers
v0x55ebd6ff80a0_0 .net "eq", 0 0, L_0x55ebd6ffafd0;  alias, 1 drivers
v0x55ebd6ff8370_0 .net "gt", 0 0, L_0x55ebd6ffab90;  alias, 1 drivers
v0x55ebd6ff8430_0 .net "lt", 0 0, L_0x55ebd6ffb1d0;  alias, 1 drivers
v0x55ebd6ff84f0_0 .net "master", 1 0, L_0x55ebd6ffa7c0;  1 drivers
v0x55ebd6ff85d0_0 .net "next_state", 1 0, L_0x55ebd6ff9b70;  1 drivers
v0x55ebd6ff86b0_0 .net "reset", 0 0, v0x55ebd6ff90c0_0;  1 drivers
v0x55ebd6ff8770_0 .net "state", 1 0, L_0x55ebd6ffaaa0;  1 drivers
L_0x55ebd6ff9190 .part L_0x55ebd6ffaaa0, 1, 1;
L_0x55ebd6ff9290 .part L_0x55ebd6ffaaa0, 1, 1;
L_0x55ebd6ff9470 .part L_0x55ebd6ffaaa0, 0, 1;
L_0x55ebd6ff9b70 .concat8 [ 1 1 0 0], L_0x55ebd6ffa400, L_0x55ebd6ff9a60;
L_0x55ebd6ff9c90 .part L_0x55ebd6ffaaa0, 0, 1;
L_0x55ebd6ff9d30 .part L_0x55ebd6ffaaa0, 1, 1;
L_0x55ebd6ff9ed0 .part L_0x55ebd6ffaaa0, 0, 1;
L_0x55ebd6ffa630 .functor MUXZ 2, L_0x55ebd6ffa7c0, L_0x55ebd6ff9b70, L_0x55ebd6ffa2d0, C4<>;
L_0x55ebd6ffa7c0 .functor MUXZ 2, L_0x55ebd6ffa630, L_0x7a4975440018, v0x55ebd6ff90c0_0, C4<>;
L_0x55ebd6ffa9a0 .functor MUXZ 2, L_0x55ebd6ffaaa0, L_0x55ebd6ffa7c0, v0x55ebd6ff8dc0_0, C4<>;
L_0x55ebd6ffaaa0 .functor MUXZ 2, L_0x55ebd6ffa9a0, L_0x7a4975440060, v0x55ebd6ff90c0_0, C4<>;
L_0x55ebd6ffab90 .part L_0x55ebd6ffaaa0, 1, 1;
L_0x55ebd6ffacf0 .part L_0x55ebd6ffaaa0, 1, 1;
L_0x55ebd6ffaee0 .part L_0x55ebd6ffaaa0, 0, 1;
L_0x55ebd6ffb1d0 .part L_0x55ebd6ffaaa0, 0, 1;
S_0x55ebd6ff8930 .scope task, "send_bit" "send_bit" 3 14, 3 14 0, S_0x55ebd6fd81f0;
 .timescale -9 -12;
v0x55ebd6ff8ae0_0 .var "a_bit", 0 0;
v0x55ebd6ff8ba0_0 .var "b_bit", 0 0;
TD_tb_serial_waveform.send_bit ;
    %load/vec4 v0x55ebd6ff8ae0_0;
    %store/vec4 v0x55ebd6ff8c60_0, 0, 1;
    %load/vec4 v0x55ebd6ff8ba0_0;
    %store/vec4 v0x55ebd6ff8d20_0, 0, 1;
    %delay 5000, 0;
    %pushi/vec4 1, 0, 1;
    %store/vec4 v0x55ebd6ff8dc0_0, 0, 1;
    %delay 5000, 0;
    %pushi/vec4 0, 0, 1;
    %store/vec4 v0x55ebd6ff8dc0_0, 0, 1;
    %end;
    .scope S_0x55ebd6fd81f0;
T_1 ;
    %vpi_call/w 3 26 "$dumpfile", ".build/serial_waveform.vcd" {0 0 0};
    %vpi_call/w 3 27 "$dumpvars", 32'sb00000000000000000000000000000000, S_0x55ebd6fd81f0 {0 0 0};
    %pushi/vec4 0, 0, 1;
    %store/vec4 v0x55ebd6ff8dc0_0, 0, 1;
    %pushi/vec4 1, 0, 1;
    %store/vec4 v0x55ebd6ff90c0_0, 0, 1;
    %pushi/vec4 0, 0, 1;
    %store/vec4 v0x55ebd6ff8c60_0, 0, 1;
    %pushi/vec4 0, 0, 1;
    %store/vec4 v0x55ebd6ff8d20_0, 0, 1;
    %delay 5000, 0;
    %pushi/vec4 0, 0, 1;
    %store/vec4 v0x55ebd6ff90c0_0, 0, 1;
    %pushi/vec4 1, 0, 1;
    %store/vec4 v0x55ebd6ff8ae0_0, 0, 1;
    %pushi/vec4 1, 0, 1;
    %store/vec4 v0x55ebd6ff8ba0_0, 0, 1;
    %fork TD_tb_serial_waveform.send_bit, S_0x55ebd6ff8930;
    %join;
    %pushi/vec4 0, 0, 1;
    %store/vec4 v0x55ebd6ff8ae0_0, 0, 1;
    %pushi/vec4 0, 0, 1;
    %store/vec4 v0x55ebd6ff8ba0_0, 0, 1;
    %fork TD_tb_serial_waveform.send_bit, S_0x55ebd6ff8930;
    %join;
    %pushi/vec4 1, 0, 1;
    %store/vec4 v0x55ebd6ff8ae0_0, 0, 1;
    %pushi/vec4 0, 0, 1;
    %store/vec4 v0x55ebd6ff8ba0_0, 0, 1;
    %fork TD_tb_serial_waveform.send_bit, S_0x55ebd6ff8930;
    %join;
    %pushi/vec4 0, 0, 1;
    %store/vec4 v0x55ebd6ff8ae0_0, 0, 1;
    %pushi/vec4 1, 0, 1;
    %store/vec4 v0x55ebd6ff8ba0_0, 0, 1;
    %fork TD_tb_serial_waveform.send_bit, S_0x55ebd6ff8930;
    %join;
    %delay 5000, 0;
    %vpi_call/w 3 40 "$finish" {0 0 0};
    %end;
    .thread T_1;
# The file index is used to find the file name in the following table.
:file_names 5;
    "N/A";
    "<interactive>";
    "-";
    "tb_serial_waveform.v";
    "serial_comparator.v";
